../Core/Src/FC_RC/SRXL2.c:26:5:SRXL2_Initialization	8	static
../Core/Src/FC_RC/SRXL2.c:40:5:SRXL2_Connect	32	static
../Core/Src/FC_RC/SRXL2.c:96:5:SRXL2_GetData	16	static
../Core/Src/FC_RC/SRXL2.c:129:5:SRXL2_readByte	32	static
../Core/Src/FC_RC/SRXL2.c:180:5:SRXL2_parseControlData	24	static
../Core/Src/FC_RC/SRXL2.c:218:5:SRXL2_doHandshake	32	static
../Core/Src/FC_RC/SRXL2.c:254:5:SRXL2_doBind	40	static
../Core/Src/FC_RC/SRXL2.c:281:10:calculate_crc	24	static
../Core/Src/FC_RC/SRXL2.c:304:10:insert_crc	24	static
