../Drivers/STM32F4xx_HAL_Driver/Inc/stm32f4xx_ll_spi.h:297:22:LL_SPI_Enable	16	static
../Drivers/STM32F4xx_HAL_Driver/Inc/stm32f4xx_ll_spi.h:365:22:LL_SPI_SetStandard	16	static
../Drivers/STM32F4xx_HAL_Driver/Inc/stm32f4xx_ll_spi.h:731:26:LL_SPI_IsActiveFlag_RXNE	16	static
../Drivers/STM32F4xx_HAL_Driver/Inc/stm32f4xx_ll_spi.h:742:26:LL_SPI_IsActiveFlag_TXE	16	static
../Drivers/STM32F4xx_HAL_Driver/Inc/stm32f4xx_ll_spi.h:1075:25:LL_SPI_ReceiveData8	16	static
../Drivers/STM32F4xx_HAL_Driver/Inc/stm32f4xx_ll_spi.h:1098:22:LL_SPI_TransmitData8	24	static
../Drivers/STM32F4xx_HAL_Driver/Inc/stm32f4xx_ll_gpio.h:881:22:LL_GPIO_SetOutputPin	16	static
../Drivers/STM32F4xx_HAL_Driver/Inc/stm32f4xx_ll_gpio.h:910:22:LL_GPIO_ResetOutputPin	16	static
../Drivers/STM32F4xx_HAL_Driver/Inc/stm32f4xx_ll_bus.h:409:22:LL_AHB1_GRP1_EnableClock	24	static
../Drivers/STM32F4xx_HAL_Driver/Inc/stm32f4xx_ll_bus.h:1704:22:LL_APB2_GRP1_EnableClock	24	static
../Core/Src/FC_Gyro/ICM42688.c:32:5:ICM42688_Initialization	24	static
../Core/Src/FC_Gyro/ICM42688.c:89:5:ICM42688_GetData	8	static
../Core/Src/FC_Gyro/ICM42688.c:101:6:ICM42688_Get6AxisRawData	24	static
../Core/Src/FC_Gyro/ICM42688.c:123:6:ICM42688_raw2dps	4	static
../Core/Src/FC_Gyro/ICM42688.c:132:6:ICM42688_GPIO_SPI_Initialization	72	static
../Core/Src/FC_Gyro/ICM42688.c:195:15:SPI1_SendByte	16	static
../Core/Src/FC_Gyro/ICM42688.c:206:9:ICM42688_Readbyte	24	static
../Core/Src/FC_Gyro/ICM42688.c:218:6:ICM42688_Readbytes	32	static
../Core/Src/FC_Gyro/ICM42688.c:231:6:ICM42688_Writebyte	16	static
../Core/Src/FC_Gyro/ICM42688.c:239:6:ICM42688_Writebytes	24	static
