../Core/Src/FC_RC/SRXL2.c:28:5:SRXL2_Initialization	8	static
../Core/Src/FC_RC/SRXL2.c:42:5:SRXL2_Connect	32	static
../Core/Src/FC_RC/SRXL2.c:97:5:SRXL2_GetData	16	static
../Core/Src/FC_RC/SRXL2.c:129:5:SRXL2_readByte	32	static
../Core/Src/FC_RC/SRXL2.c:194:5:SRXL2_parseControlData	56	static
../Core/Src/FC_RC/SRXL2.c:275:5:SRXL2_doHandshake	32	static
../Core/Src/FC_RC/SRXL2.c:310:5:SRXL2_doBind	24	static
../Core/Src/FC_RC/SRXL2.c:327:10:calculate_crc	24	static
../Core/Src/FC_RC/SRXL2.c:350:10:insert_crc	24	static
../Core/Src/FC_RC/SRXL2.c:366:9:countSetBits	16	static
