../Drivers/STM32F4xx_HAL_Driver/Inc/stm32f4xx_ll_tim.h:1612:22:LL_TIM_CC_EnableChannel	16	static
../Drivers/STM32F4xx_HAL_Driver/Inc/stm32f4xx_ll_tim.h:1637:22:LL_TIM_CC_DisableChannel	16	static
../Core/Src/FC_Basic/Buzzer.c:21:6:BuzzerPlayInit	8	static
../Core/Src/FC_Basic/Buzzer.c:43:6:BuzzerPlayOneCycle	16	static
../Core/Src/FC_Basic/Buzzer.c:53:6:BuzzerEnableThrottleHigh	8	static
../Core/Src/FC_Basic/Buzzer.c:63:6:BuzzerDisableThrottleHigh	8	static
../Core/Src/FC_Basic/Buzzer.c:71:6:playNote	24	static
