Archive member included to satisfy reference by file (symbol)

C:/ST/STM32CubeIDE_1.17.0/STM32CubeIDE/plugins/com.st.stm32cube.ide.mcu.externaltools.gnu-tools-for-stm32.13.3.rel1.win32_1.0.0.202411081344/tools/bin/../lib/gcc/arm-none-eabi/13.3.1/../../../../arm-none-eabi/lib/thumb/v7e-m+fp/hard\libc_nano.a(libc_a-assert.o)
                              ./Core/Src/FC_Basic/RingBuffer.o (__assert_func)
C:/ST/STM32CubeIDE_1.17.0/STM32CubeIDE/plugins/com.st.stm32cube.ide.mcu.externaltools.gnu-tools-for-stm32.13.3.rel1.win32_1.0.0.202411081344/tools/bin/../lib/gcc/arm-none-eabi/13.3.1/../../../../arm-none-eabi/lib/thumb/v7e-m+fp/hard\libc_nano.a(libc_a-exit.o)
                              C:/ST/STM32CubeIDE_1.17.0/STM32CubeIDE/plugins/com.st.stm32cube.ide.mcu.externaltools.gnu-tools-for-stm32.13.3.rel1.win32_1.0.0.202411081344/tools/bin/../lib/gcc/arm-none-eabi/13.3.1/../../../../arm-none-eabi/lib/thumb/v7e-m+fp/hard/crt0.o (exit)
C:/ST/STM32CubeIDE_1.17.0/STM32CubeIDE/plugins/com.st.stm32cube.ide.mcu.externaltools.gnu-tools-for-stm32.13.3.rel1.win32_1.0.0.202411081344/tools/bin/../lib/gcc/arm-none-eabi/13.3.1/../../../../arm-none-eabi/lib/thumb/v7e-m+fp/hard\libc_nano.a(libc_a-malloc.o)
                              ./Core/Src/FC_Basic/RingBuffer.o (malloc)
C:/ST/STM32CubeIDE_1.17.0/STM32CubeIDE/plugins/com.st.stm32cube.ide.mcu.externaltools.gnu-tools-for-stm32.13.3.rel1.win32_1.0.0.202411081344/tools/bin/../lib/gcc/arm-none-eabi/13.3.1/../../../../arm-none-eabi/lib/thumb/v7e-m+fp/hard\libc_nano.a(libc_a-mallocr.o)
                              C:/ST/STM32CubeIDE_1.17.0/STM32CubeIDE/plugins/com.st.stm32cube.ide.mcu.externaltools.gnu-tools-for-stm32.13.3.rel1.win32_1.0.0.202411081344/tools/bin/../lib/gcc/arm-none-eabi/13.3.1/../../../../arm-none-eabi/lib/thumb/v7e-m+fp/hard\libc_nano.a(libc_a-malloc.o) (_malloc_r)
C:/ST/STM32CubeIDE_1.17.0/STM32CubeIDE/plugins/com.st.stm32cube.ide.mcu.externaltools.gnu-tools-for-stm32.13.3.rel1.win32_1.0.0.202411081344/tools/bin/../lib/gcc/arm-none-eabi/13.3.1/../../../../arm-none-eabi/lib/thumb/v7e-m+fp/hard\libc_nano.a(libc_a-mlock.o)
                              C:/ST/STM32CubeIDE_1.17.0/STM32CubeIDE/plugins/com.st.stm32cube.ide.mcu.externaltools.gnu-tools-for-stm32.13.3.rel1.win32_1.0.0.202411081344/tools/bin/../lib/gcc/arm-none-eabi/13.3.1/../../../../arm-none-eabi/lib/thumb/v7e-m+fp/hard\libc_nano.a(libc_a-mallocr.o) (__malloc_lock)
C:/ST/STM32CubeIDE_1.17.0/STM32CubeIDE/plugins/com.st.stm32cube.ide.mcu.externaltools.gnu-tools-for-stm32.13.3.rel1.win32_1.0.0.202411081344/tools/bin/../lib/gcc/arm-none-eabi/13.3.1/../../../../arm-none-eabi/lib/thumb/v7e-m+fp/hard\libc_nano.a(libc_a-nano-vfprintf_float.o)
                              (_printf_float)
C:/ST/STM32CubeIDE_1.17.0/STM32CubeIDE/plugins/com.st.stm32cube.ide.mcu.externaltools.gnu-tools-for-stm32.13.3.rel1.win32_1.0.0.202411081344/tools/bin/../lib/gcc/arm-none-eabi/13.3.1/../../../../arm-none-eabi/lib/thumb/v7e-m+fp/hard\libc_nano.a(libc_a-nano-vfprintf_i.o)
                              C:/ST/STM32CubeIDE_1.17.0/STM32CubeIDE/plugins/com.st.stm32cube.ide.mcu.externaltools.gnu-tools-for-stm32.13.3.rel1.win32_1.0.0.202411081344/tools/bin/../lib/gcc/arm-none-eabi/13.3.1/../../../../arm-none-eabi/lib/thumb/v7e-m+fp/hard\libc_nano.a(libc_a-nano-vfprintf_float.o) (_printf_common)
C:/ST/STM32CubeIDE_1.17.0/STM32CubeIDE/plugins/com.st.stm32cube.ide.mcu.externaltools.gnu-tools-for-stm32.13.3.rel1.win32_1.0.0.202411081344/tools/bin/../lib/gcc/arm-none-eabi/13.3.1/../../../../arm-none-eabi/lib/thumb/v7e-m+fp/hard\libc_nano.a(libc_a-findfp.o)
                              C:/ST/STM32CubeIDE_1.17.0/STM32CubeIDE/plugins/com.st.stm32cube.ide.mcu.externaltools.gnu-tools-for-stm32.13.3.rel1.win32_1.0.0.202411081344/tools/bin/../lib/gcc/arm-none-eabi/13.3.1/../../../../arm-none-eabi/lib/thumb/v7e-m+fp/hard\libc_nano.a(libc_a-exit.o) (__stdio_exit_handler)
C:/ST/STM32CubeIDE_1.17.0/STM32CubeIDE/plugins/com.st.stm32cube.ide.mcu.externaltools.gnu-tools-for-stm32.13.3.rel1.win32_1.0.0.202411081344/tools/bin/../lib/gcc/arm-none-eabi/13.3.1/../../../../arm-none-eabi/lib/thumb/v7e-m+fp/hard\libc_nano.a(libc_a-fprintf.o)
                              C:/ST/STM32CubeIDE_1.17.0/STM32CubeIDE/plugins/com.st.stm32cube.ide.mcu.externaltools.gnu-tools-for-stm32.13.3.rel1.win32_1.0.0.202411081344/tools/bin/../lib/gcc/arm-none-eabi/13.3.1/../../../../arm-none-eabi/lib/thumb/v7e-m+fp/hard\libc_nano.a(libc_a-assert.o) (fiprintf)
C:/ST/STM32CubeIDE_1.17.0/STM32CubeIDE/plugins/com.st.stm32cube.ide.mcu.externaltools.gnu-tools-for-stm32.13.3.rel1.win32_1.0.0.202411081344/tools/bin/../lib/gcc/arm-none-eabi/13.3.1/../../../../arm-none-eabi/lib/thumb/v7e-m+fp/hard\libc_nano.a(libc_a-fwalk.o)
[...]
Memory Configuration

Name             Origin             Length             Attributes
CCMRAM           0x10000000         0x00010000         xrw
RAM              0x20000000         0x00020000         xrw
FLASH            0x08000000         0x00080000         xr
*default*        0x00000000         0xffffffff

Linker script and memory map

LOAD C:/ST/STM32CubeIDE_1.17.0/STM32CubeIDE/plugins/com.st.stm32cube.ide.mcu.externaltools.gnu-tools-for-stm32.13.3.rel1.win32_1.0.0.202411081344/tools/bin/../lib/gcc/arm-none-eabi/13.3.1/thumb/v7e-m+fp/hard/crti.o
LOAD C:/ST/STM32CubeIDE_1.17.0/STM32CubeIDE/plugins/com.st.stm32cube.ide.mcu.externaltools.gnu-tools-for-stm32.13.3.rel1.win32_1.0.0.202411081344/tools/bin/../lib/gcc/arm-none-eabi/13.3.1/thumb/v7e-m+fp/hard/crtbegin.o
LOAD C:/ST/STM32CubeIDE_1.17.0/STM32CubeIDE/plugins/com.st.stm32cube.ide.mcu.externaltools.gnu-tools-for-stm32.13.3.rel1.win32_1.0.0.202411081344/tools/bin/../lib/gcc/arm-none-eabi/13.3.1/../../../../arm-none-eabi/lib/thumb/v7e-m+fp/hard/crt0.o
LOAD ./Core/Src/FC_AHRS/FC_Baro/Baro.o
LOAD ./Core/Src/FC_AHRS/FC_Baro/LPS22HH/LPS22HH.o
LOAD ./Core/Src/FC_AHRS/FC_IMU/ICM42688P/ICM42688.o
LOAD ./Core/Src/FC_AHRS/FC_IMU/IMU.o
LOAD ./Core/Src/FC_Basic/Buzzer.o
LOAD ./Core/Src/FC_Basic/RingBuffer.o
LOAD ./Core/Src/FC_Failsafe/Failsafe.o
LOAD ./Core/Src/FC_Log/Log.o
LOAD ./Core/Src/FC_Param/Param.o
LOAD ./Core/Src/FC_Param/config_PARM.o
LOAD ./Core/Src/FC_RC/Protocol/PPM.o
LOAD ./Core/Src/FC_RC/Protocol/SRXL2.o
LOAD ./Core/Src/FC_RC/Protocol/SRXL_testing.o
LOAD ./Core/Src/FC_RC/RadioControl.o
LOAD ./Core/Src/FC_Servo/Servo.o
LOAD ./Core/Src/GCS_MAVLink/GCS_Common.o
LOAD ./Core/Src/main.o
LOAD ./Core/Src/stm32f4xx_hal_msp.o
LOAD ./Core/Src/stm32f4xx_it.o
LOAD ./Core/Src/syscalls.o
LOAD ./Core/Src/sysmem.o
LOAD ./Core/Src/system_stm32f4xx.o
LOAD ./Core/Startup/startup_stm32f407vetx.o
LOAD ./Drivers/STM32F4xx_HAL_Driver/Src/stm32f4xx_hal.o
LOAD ./Drivers/STM32F4xx_HAL_Driver/Src/stm32f4xx_hal_cortex.o
LOAD ./Drivers/STM32F4xx_HAL_Driver/Src/stm32f4xx_hal_dma.o
LOAD ./Drivers/STM32F4xx_HAL_Driver/Src/stm32f4xx_hal_dma_ex.o
LOAD ./Drivers/STM32F4xx_HAL_Driver/Src/stm32f4xx_hal_exti.o
LOAD ./Drivers/STM32F4xx_HAL_Driver/Src/stm32f4xx_hal_flash.o
LOAD ./Drivers/STM32F4xx_HAL_Driver/Src/stm32f4xx_hal_flash_ex.o
LOAD ./Drivers/STM32F4xx_HAL_Driver/Src/stm32f4xx_hal_flash_ramfunc.o
LOAD ./Drivers/STM32F4xx_HAL_Driver/Src/stm32f4xx_hal_gpio.o
LOAD ./Drivers/STM32F4xx_HAL_Driver/Src/stm32f4xx_hal_pcd.o
LOAD ./Drivers/STM32F4xx_HAL_Driver/Src/stm32f4xx_hal_pcd_ex.o
LOAD ./Drivers/STM32F4xx_HAL_Driver/Src/stm32f4xx_hal_pwr.o
LOAD ./Drivers/STM32F4xx_HAL_Driver/Src/stm32f4xx_hal_pwr_ex.o
LOAD ./Drivers/STM32F4xx_HAL_Driver/Src/stm32f4xx_hal_rcc.o
LOAD ./Drivers/STM32F4xx_HAL_Driver/Src/stm32f4xx_hal_rcc_ex.o
LOAD ./Drivers/STM32F4xx_HAL_Driver/Src/stm32f4xx_ll_adc.o
LOAD ./Drivers/STM32F4xx_HAL_Driver/Src/stm32f4xx_ll_dma.o
LOAD ./Drivers/STM32F4xx_HAL_Driver/Src/stm32f4xx_ll_exti.o
LOAD ./Drivers/STM32F4xx_HAL_Driver/Src/stm32f4xx_ll_gpio.o
LOAD ./Drivers/STM32F4xx_HAL_Driver/Src/stm32f4xx_ll_rcc.o
LOAD ./Drivers/STM32F4xx_HAL_Driver/Src/stm32f4xx_ll_spi.o
LOAD ./Drivers/STM32F4xx_HAL_Driver/Src/stm32f4xx_ll_tim.o
LOAD ./Drivers/STM32F4xx_HAL_Driver/Src/stm32f4xx_ll_usart.o
LOAD ./Drivers/STM32F4xx_HAL_Driver/Src/stm32f4xx_ll_usb.o
LOAD ./Drivers/STM32F4xx_HAL_Driver/Src/stm32f4xx_ll_utils.o
LOAD ./Middlewares/ST/STM32_USB_Device_Library/Class/CDC/Src/usbd_cdc.o
LOAD ./Middlewares/ST/STM32_USB_Device_Library/Core/Src/usbd_core.o
LOAD ./Middlewares/ST/STM32_USB_Device_Library/Core/Src/usbd_ctlreq.o
LOAD ./Middlewares/ST/STM32_USB_Device_Library/Core/Src/usbd_ioreq.o
LOAD ./USB_DEVICE/App/usb_device.o
LOAD ./USB_DEVICE/App/usbd_cdc_if.o
LOAD ./USB_DEVICE/App/usbd_desc.o
LOAD ./USB_DEVICE/Target/usbd_conf.o
START GROUP
LOAD C:/ST/STM32CubeIDE_1.17.0/STM32CubeIDE/plugins/com.st.stm32cube.ide.mcu.externaltools.gnu-tools-for-stm32.13.3.rel1.win32_1.0.0.202411081344/tools/bin/../lib/gcc/arm-none-eabi/13.3.1/../../../../arm-none-eabi/lib/thumb/v7e-m+fp/hard\libc_nano.a
LOAD C:/ST/STM32CubeIDE_1.17.0/STM32CubeIDE/plugins/com.st.stm32cube.ide.mcu.externaltools.gnu-tools-for-stm32.13.3.rel1.win32_1.0.0.202411081344/tools/bin/../lib/gcc/arm-none-eabi/13.3.1/../../../../arm-none-eabi/lib/thumb/v7e-m+fp/hard\libm.a
END GROUP
START GROUP
LOAD C:/ST/STM32CubeIDE_1.17.0/STM32CubeIDE/plugins/com.st.stm32cube.ide.mcu.externaltools.gnu-tools-for-stm32.13.3.rel1.win32_1.0.0.202411081344/tools/bin/../lib/gcc/arm-none-eabi/13.3.1/thumb/v7e-m+fp/hard\libgcc.a
LOAD C:/ST/STM32CubeIDE_1.17.0/STM32CubeIDE/plugins/com.st.stm32cube.ide.mcu.externaltools.gnu-tools-for-stm32.13.3.rel1.win32_1.0.0.202411081344/tools/bin/../lib/gcc/arm-none-eabi/13.3.1/../../../../arm-none-eabi/lib/thumb/v7e-m+fp/hard\libc_nano.a
END GROUP
START GROUP
LOAD C:/ST/STM32CubeIDE_1.17.0/STM32CubeIDE/plugins/com.st.stm32cube.ide.mcu.externaltools.gnu-tools-for-stm32.13.3.rel1.win32_1.0.0.202411081344/tools/bin/../lib/gcc/arm-none-eabi/13.3.1/thumb/v7e-m+fp/hard\libgcc.a
LOAD C:/ST/STM32CubeIDE_1.17.0/STM32CubeIDE/plugins/com.st.stm32cube.ide.mcu.externaltools.gnu-tools-for-stm32.13.3.rel1.win32_1.0.0.202411081344/tools/bin/../lib/gcc/arm-none-eabi/13.3.1/../../../../arm-none-eabi/lib/thumb/v7e-m+fp/hard\libc_nano.a
LOAD C:/ST/STM32CubeIDE_1.17.0/STM32CubeIDE/plugins/com.st.stm32cube.ide.mcu.externaltools.gnu-tools-for-stm32.13.3.rel1.win32_1.0.0.202411081344/tools/bin/../lib/gcc/arm-none-eabi/13.3.1/../../../../arm-none-eabi/lib/thumb/v7e-m+fp/hard\libnosys.a
END GROUP
START GROUP
LOAD C:/ST/STM32CubeIDE_1.17.0/STM32CubeIDE/plugins/com.st.stm32cube.ide.mcu.externaltools.gnu-tools-for-stm32.13.3.rel1.win32_1.0.0.202411081344/tools/bin/../lib/gcc/arm-none-eabi/13.3.1/thumb/v7e-m+fp/hard\libgcc.a
LOAD C:/ST/STM32CubeIDE_1.17.0/STM32CubeIDE/plugins/com.st.stm32cube.ide.mcu.externaltools.gnu-tools-for-stm32.13.3.rel1.win32_1.0.0.202411081344/tools/bin/../lib/gcc/arm-none-eabi/13.3.1/../../../../arm-none-eabi/lib/thumb/v7e-m+fp/hard\libc_nano.a
LOAD C:/ST/STM32CubeIDE_1.17.0/STM32CubeIDE/plugins/com.st.stm32cube.ide.mcu.externaltools.gnu-tools-for-stm32.13.3.rel1.win32_1.0.0.202411081344/tools/bin/../lib/gcc/arm-none-eabi/13.3.1/../../../../arm-none-eabi/lib/thumb/v7e-m+fp/hard\libnosys.a
END GROUP
LOAD C:/ST/STM32CubeIDE_1.17.0/STM32CubeIDE/plugins/com.st.stm32cube.ide.mcu.externaltools.gnu-tools-for-stm32.13.3.rel1.win32_1.0.0.202411081344/tools/bin/../lib/gcc/arm-none-eabi/13.3.1/thumb/v7e-m+fp/hard/crtend.o
LOAD C:/ST/STM32CubeIDE_1.17.0/STM32CubeIDE/plugins/com.st.stm32cube.ide.mcu.externaltools.gnu-tools-for-stm32.13.3.rel1.win32_1.0.0.202411081344/tools/bin/../lib/gcc/arm-none-eabi/13.3.1/thumb/v7e-m+fp/hard/crtn.o
                0x20020000                        _estack = (ORIGIN (RAM) + LENGTH (RAM))
                0x00000200                        _Min_Heap_Size = 0x200
                0x00000400                        _Min_Stack_Size = 0x400

.isr_vector     0x08000000      0x188
                0x08000000                        . = ALIGN (0x4)
 *(.isr_vector)
 .isr_vector    0x08000000      0x188 ./Core/Startup/startup_stm32f407vetx.o
                0x08000000                g_pfnVectors
                0x08000188                        . = ALIGN (0x4)

.text           0x08000190     0xf05c
                0x08000190                        . = ALIGN (0x4)
 *(.text)
 .text          0x08000190       0x40 C:/ST/STM32CubeIDE_1.17.0/STM32CubeIDE/plugins/com.st.stm32cube.ide.mcu.externaltools.gnu-tools-for-stm32.13.3.rel1.win32_1.0.0.202411081344/tools/bin/../lib/gcc/arm-none-eabi/13.3.1/thumb/v7e-m+fp/hard/crtbegin.o
 .text          0x080001d0       0xa0 C:/ST/STM32CubeIDE_1.17.0/STM32CubeIDE/plugins/com.st.stm32cube.ide.mcu.externaltools.gnu-tools-for-stm32.13.3.rel1.win32_1.0.0.202411081344/tools/bin/../lib/gcc/arm-none-eabi/13.3.1/../../../../arm-none-eabi/lib/thumb/v7e-m+fp/hard\libc_nano.a(libc_a-memchr.o)
                0x080001d0                memchr
 .text          0x08000270       0x10 C:/ST/STM32CubeIDE_1.17.0/STM32CubeIDE/plugins/com.st.stm32cube.ide.mcu.externaltools.gnu-tools-for-stm32.13.3.rel1.win32_1.0.0.202411081344/tools/bin/../lib/gcc/arm-none-eabi/13.3.1/../../../../arm-none-eabi/lib/thumb/v7e-m+fp/hard\libc_nano.a(libc_a-strlen.o)
                0x08000270                strlen
 .text          0x08000280      0x378 C:/ST/STM32CubeIDE_1.17.0/STM32CubeIDE/plugins/com.st.stm32cube.ide.mcu.externaltools.gnu-tools-for-stm32.13.3.rel1.win32_1.0.0.202411081344/tools/bin/../lib/gcc/arm-none-eabi/13.3.1/thumb/v7e-m+fp/hard\libgcc.a(_arm_addsubdf3.o)
                0x08000280                __aeabi_drsub
                0x08000288                __aeabi_dsub
                0x08000288                __subdf3
                0x0800028c                __aeabi_dadd
                0x0800028c                __adddf3
                0x08000504                __floatunsidf
                0x08000504                __aeabi_ui2d
                0x08000524                __floatsidf
                0x08000524                __aeabi_i2d
                0x08000548                __aeabi_f2d
                0x08000548                __extendsfdf2
                0x0800058c                __floatundidf
                0x0800058c                __aeabi_ul2d
                0x0800059c                __floatdidf
                0x0800059c                __aeabi_l2d
 .text          0x080005f8      0x424 C:/ST/STM32CubeIDE_1.17.0/STM32CubeIDE/plugins/com.st.stm32cube.ide.mcu.externaltools.gnu-tools-for-stm32.13.3.rel1.win32_1.0.0.202411081344/tools/bin/../lib/gcc/arm-none-eabi/13.3.1/thumb/v7e-m+fp/hard\libgcc.a(_arm_muldivdf3.o)
                0x080005f8                __aeabi_dmul
                0x080005f8                __muldf3
                0x0800084c                __divdf3
                0x0800084c                __aeabi_ddiv
 .text          0x08000a1c      0x110 C:/ST/STM32CubeIDE_1.17.0/STM32CubeIDE/plugins/com.st.stm32cube.ide.mcu.externaltools.gnu-tools-for-stm32.13.3.rel1.win32_1.0.0.202411081344/tools/bin/../lib/gcc/arm-none-eabi/13.3.1/thumb/v7e-m+fp/hard\libgcc.a(_arm_cmpdf2.o)
                0x08000a1c                __gtdf2
                0x08000a1c                __gedf2
                0x08000a24                __ltdf2
                0x08000a24                __ledf2
                0x08000a2c                __nedf2
                0x08000a2c                __eqdf2
                0x08000a2c                __cmpdf2
                0x08000aa8                __aeabi_cdrcmple
                0x08000ab8                __aeabi_cdcmpeq
                0x08000ab8                __aeabi_cdcmple
                0x08000ac8                __aeabi_dcmpeq
                0x08000adc                __aeabi_dcmplt
                0x08000af0                __aeabi_dcmple
                0x08000b04                __aeabi_dcmpge
                0x08000b18                __aeabi_dcmpgt
 .text          0x08000b2c       0x2c C:/ST/STM32CubeIDE_1.17.0/STM32CubeIDE/plugins/com.st.stm32cube.ide.mcu.externaltools.gnu-tools-for-stm32.13.3.rel1.win32_1.0.0.202411081344/tools/bin/../lib/gcc/arm-none-eabi/13.3.1/thumb/v7e-m+fp/hard\libgcc.a(_arm_unorddf2.o)
                0x08000b2c                __unorddf2
                0x08000b2c                __aeabi_dcmpun
 .text          0x08000b58       0x50 C:/ST/STM32CubeIDE_1.17.0/STM32CubeIDE/plugins/com.st.stm32cube.ide.mcu.externaltools.gnu-tools-for-stm32.13.3.rel1.win32_1.0.0.202411081344/tools/bin/../lib/gcc/arm-none-eabi/13.3.1/thumb/v7e-m+fp/hard\libgcc.a(_arm_fixdfsi.o)
                0x08000b58                __aeabi_d2iz
                0x08000b58                __fixdfsi
 .text          0x08000ba8       0x40 C:/ST/STM32CubeIDE_1.17.0/STM32CubeIDE/plugins/com.st.stm32cube.ide.mcu.externaltools.gnu-tools-for-stm32.13.3.rel1.win32_1.0.0.202411081344/tools/bin/../lib/gcc/arm-none-eabi/13.3.1/thumb/v7e-m+fp/hard\libgcc.a(_arm_fixunsdfsi.o)
                0x08000ba8                __aeabi_d2uiz
                0x08000ba8                __fixunsdfsi
 .text          0x08000be8       0x30 C:/ST/STM32CubeIDE_1.17.0/STM32CubeIDE/plugins/com.st.stm32cube.ide.mcu.externaltools.gnu-tools-for-stm32.13.3.rel1.win32_1.0.0.202411081344/tools/bin/../lib/gcc/arm-none-eabi/13.3.1/thumb/v7e-m+fp/hard\libgcc.a(_aeabi_uldivmod.o)
                0x08000be8                __aeabi_uldivmod
 .text          0x08000c18      0x2f8 C:/ST/STM32CubeIDE_1.17.0/STM32CubeIDE/plugins/com.st.stm32cube.ide.mcu.externaltools.gnu-tools-for-stm32.13.3.rel1.win32_1.0.0.202411081344/tools/bin/../lib/gcc/arm-none-eabi/13.3.1/thumb/v7e-m+fp/hard\libgcc.a(_udivmoddi4.o)
                0x08000c18                __udivmoddi4
 .text          0x08000f10        0x4 C:/ST/STM32CubeIDE_1.17.0/STM32CubeIDE/plugins/com.st.stm32cube.ide.mcu.externaltools.gnu-tools-for-stm32.13.3.rel1.win32_1.0.0.202411081344/tools/bin/../lib/gcc/arm-none-eabi/13.3.1/thumb/v7e-m+fp/hard\libgcc.a(_dvmd_tls.o)
                0x08000f10                __aeabi_idiv0
                0x08000f10                __aeabi_ldiv0
 *(.text*)
 .text.LL_SPI_Enable
                0x08000f14       0x20 ./Core/Src/FC_AHRS/FC_IMU/ICM42688P/ICM42688.o
 .text.LL_SPI_IsEnabled
                0x08000f34       0x26 ./Core/Src/FC_AHRS/FC_IMU/ICM42688P/ICM42688.o
 .text.LL_SPI_IsActiveFlag_RXNE
                0x08000f5a       0x26 ./Core/Src/FC_AHRS/FC_IMU/ICM42688P/ICM42688.o
 .text.LL_SPI_IsActiveFlag_TXE
                0x08000f80       0x26 ./Core/Src/FC_AHRS/FC_IMU/ICM42688P/ICM42688.o
 .text.LL_SPI_ReceiveData8
                0x08000fa6       0x1c ./Core/Src/FC_AHRS/FC_IMU/ICM42688P/ICM42688.o
 .text.LL_SPI_TransmitData8
                0x08000fc2       0x24 ./Core/Src/FC_AHRS/FC_IMU/ICM42688P/ICM42688.o
 .text.LL_GPIO_SetOutputPin
                0x08000fe6       0x1c ./Core/Src/FC_AHRS/FC_IMU/ICM42688P/ICM42688.o
 .text.LL_GPIO_ResetOutputPin
                0x08001002       0x1e ./Core/Src/FC_AHRS/FC_IMU/ICM42688P/ICM42688.o
 .text.ICM42688_Initialization
                0x08001020       0xa8 ./Core/Src/FC_AHRS/FC_IMU/ICM42688P/ICM42688.o
                0x08001020                ICM42688_Initialization
 .text.ICM42688_GetData
                0x080010c8       0x16 ./Core/Src/FC_AHRS/FC_IMU/ICM42688P/ICM42688.o
                0x080010c8                ICM42688_GetData
 *fill*         0x080010de        0x2 
 .text.Get6AxisRawData
                0x080010e0       0xbc ./Core/Src/FC_AHRS/FC_IMU/ICM42688P/ICM42688.o
                0x080010e0                Get6AxisRawData
 .text.ConvertGyroRaw2Dps
                0x0800119c      0x144 ./Core/Src/FC_AHRS/FC_IMU/ICM42688P/ICM42688.o
                0x0800119c                ConvertGyroRaw2Dps
 .text.ConvertAccRaw2G
                0x080012e0       0xfc ./Core/Src/FC_AHRS/FC_IMU/ICM42688P/ICM42688.o
                0x080012e0                ConvertAccRaw2G
 .text.CHIP_SELECT
                0x080013dc       0x14 ./Core/Src/FC_AHRS/FC_IMU/ICM42688P/ICM42688.o
 .text.CHIP_DESELECT
                0x080013f0       0x14 ./Core/Src/FC_AHRS/FC_IMU/ICM42688P/ICM42688.o
 .text.SPI1_SendByte
                0x08001404       0x44 ./Core/Src/FC_AHRS/FC_IMU/ICM42688P/ICM42688.o
                0x08001404                SPI1_SendByte
 .text.ICM42688_Readbyte
                0x08001448       0x34 ./Core/Src/FC_AHRS/FC_IMU/ICM42688P/ICM42688.o
                0x08001448                ICM42688_Readbyte
 .text.ICM42688_Readbytes
                0x0800147c       0x50 ./Core/Src/FC_AHRS/FC_IMU/ICM42688P/ICM42688.o
                0x0800147c                ICM42688_Readbytes
 .text.ICM42688_Writebyte
                0x080014cc       0x36 ./Core/Src/FC_AHRS/FC_IMU/ICM42688P/ICM42688.o
                0x080014cc                ICM42688_Writebyte
 .text.LL_GPIO_SetOutputPin
                0x08001502       0x1c ./Core/Src/FC_AHRS/FC_IMU/IMU.o
 .text.LL_GPIO_ResetOutputPin
                0x0800151e       0x1e ./Core/Src/FC_AHRS/FC_IMU/IMU.o
 .text.IMU_Initialization
                0x0800153c       0x24 ./Core/Src/FC_AHRS/FC_IMU/IMU.o
                0x0800153c                IMU_Initialization
 .text.IMU_GetData
                0x08001560        0xe ./Core/Src/FC_AHRS/FC_IMU/IMU.o
                0x08001560                IMU_GetData
 .text.LL_TIM_CC_EnableChannel
                0x0800156e       0x22 ./Core/Src/FC_Basic/Buzzer.o
 .text.LL_TIM_CC_DisableChannel
                0x08001590       0x24 ./Core/Src/FC_Basic/Buzzer.o
 .text.BuzzerPlayInit
                0x080015b4       0x5c ./Core/Src/FC_Basic/Buzzer.o
                0x080015b4                BuzzerPlayInit
 .text.BuzzerPlayOneCycle
                0x08001610       0x2c ./Core/Src/FC_Basic/Buzzer.o
                0x08001610                BuzzerPlayOneCycle
 .text.BuzzerEnableThrottleHigh
                0x0800163c       0x30 ./Core/Src/FC_Basic/Buzzer.o
                0x0800163c                BuzzerEnableThrottleHigh
 .text.BuzzerDisableThrottleHigh
                0x0800166c       0x18 ./Core/Src/FC_Basic/Buzzer.o
                0x0800166c                BuzzerDisableThrottleHigh
 .text.playNote
                0x08001684       0x84 ./Core/Src/FC_Basic/Buzzer.o
                0x08001684                playNote
 .text.LL_GPIO_SetOutputPin
                0x08001708       0x1c ./Core/Src/FC_Failsafe/Failsafe.o
 .text.FS_mannualMode
                0x08001724       0x18 ./Core/Src/FC_Failsafe/Failsafe.o
                0x08001724                FS_mannualMode
 .text.LL_USART_IsActiveFlag_TXE
                0x0800173c       0x26 ./Core/Src/FC_Log/Log.o
 .text.LL_USART_TransmitData8
                0x08001762       0x1e ./Core/Src/FC_Log/Log.o
 .text.Log_Send
                0x08001780      0x12c ./Core/Src/FC_Log/Log.o
                0x08001780                Log_Send
 .text.Log_transmit
                0x080018ac       0xb0 ./Core/Src/FC_Log/Log.o
                0x080018ac                Log_transmit
 .text.USB_CDC_RxHandler
                0x0800195c       0x7c ./Core/Src/FC_Log/Log.o
                0x0800195c                USB_CDC_RxHandler
 .text.PARM_load
                0x080019d8      0x214 ./Core/Src/FC_Param/config_PARM.o
                0x080019d8                PARM_load
 .text.PPM_init
                0x08001bec       0x16 ./Core/Src/FC_RC/Protocol/PPM.o
                0x08001bec                PPM_init
 *fill*         0x08001c02        0x2 
 .text.PPM_readData
                0x08001c04       0x8c ./Core/Src/FC_RC/Protocol/PPM.o
                0x08001c04                PPM_readData
 .text.PPM_getControlData
                0x08001c90      0x19c ./Core/Src/FC_RC/Protocol/PPM.o
                0x08001c90                PPM_getControlData
 .text.SRXL2_connect
                0x08001e2c       0xcc ./Core/Src/FC_RC/Protocol/SRXL2.o
                0x08001e2c                SRXL2_connect
 .text.SRXL2_getControlData
                0x08001ef8       0x78 ./Core/Src/FC_RC/Protocol/SRXL2.o
                0x08001ef8                SRXL2_getControlData
 .text.SRXL2_getRssi
                0x08001f70       0x1c ./Core/Src/FC_RC/Protocol/SRXL2.o
                0x08001f70                SRXL2_getRssi
 .text.SRXL2_readByteIRQ2
                0x08001f8c      0x144 ./Core/Src/FC_RC/Protocol/SRXL2.o
                0x08001f8c                SRXL2_readByteIRQ2
 .text.SRXL2_doHandshake
                0x080020d0       0x84 ./Core/Src/FC_RC/Protocol/SRXL2.o
                0x080020d0                SRXL2_doHandshake
 .text.SRXL2_parseControlData
                0x08002154      0x244 ./Core/Src/FC_RC/Protocol/SRXL2.o
                0x08002154                SRXL2_parseControlData
 .text.SRXL2_isReceived
                0x08002398       0xb4 ./Core/Src/FC_RC/Protocol/SRXL2.o
                0x08002398                SRXL2_isReceived
 .text.calculate_crc
                0x0800244c       0x82 ./Core/Src/FC_RC/Protocol/SRXL2.o
                0x0800244c                calculate_crc
 .text.insert_crc
                0x080024ce       0x44 ./Core/Src/FC_RC/Protocol/SRXL2.o
                0x080024ce                insert_crc
 .text.countSetBits
                0x08002512       0x52 ./Core/Src/FC_RC/Protocol/SRXL2.o
                0x08002512                countSetBits
 .text.LL_USART_IsActiveFlag_TXE
                0x08002564       0x26 ./Core/Src/FC_RC/RadioControl.o
 .text.LL_USART_TransmitData8
                0x0800258a       0x1e ./Core/Src/FC_RC/RadioControl.o
 .text.LL_GPIO_SetOutputPin
                0x080025a8       0x1c ./Core/Src/FC_RC/RadioControl.o
 .text.LL_GPIO_ResetOutputPin
                0x080025c4       0x1e ./Core/Src/FC_RC/RadioControl.o
 *fill*         0x080025e2        0x2 
 .text.RC_Initialization
                0x080025e4       0xfc ./Core/Src/FC_RC/RadioControl.o
                0x080025e4                RC_Initialization
 .text.RC_GetData
                0x080026e0       0xa0 ./Core/Src/FC_RC/RadioControl.o
                0x080026e0                RC_GetData
 .text.RC_checkThrottle
                0x08002780       0x50 ./Core/Src/FC_RC/RadioControl.o
                0x08002780                RC_checkThrottle
 .text.RC_receiveIRQ2
                0x080027d0       0xb0 ./Core/Src/FC_RC/RadioControl.o
                0x080027d0                RC_receiveIRQ2
 .text.RC_isBufferInit
                0x08002880       0x24 ./Core/Src/FC_RC/RadioControl.o
                0x08002880                RC_isBufferInit
 .text.RC_enterESCcalibration
                0x080028a4       0x58 ./Core/Src/FC_RC/RadioControl.o
                0x080028a4                RC_enterESCcalibration
 .text.RC_setFailsafe
                0x080028fc       0x40 ./Core/Src/FC_RC/RadioControl.o
                0x080028fc                RC_setFailsafe
 .text.RC_halfDuplex_Transmit
                0x0800293c       0x78 ./Core/Src/FC_RC/RadioControl.o
                0x0800293c                RC_halfDuplex_Transmit
 .text.map      0x080029b4       0x4a ./Core/Src/FC_RC/RadioControl.o
                0x080029b4                map
 *fill*         0x080029fe        0x2 
 .text.setFlag  0x08002a00       0x34 ./Core/Src/FC_RC/RadioControl.o
                0x08002a00                setFlag
 .text.clearFlag
                0x08002a34       0x34 ./Core/Src/FC_RC/RadioControl.o
                0x08002a34                clearFlag
 .text.isFlag   0x08002a68       0x2c ./Core/Src/FC_RC/RadioControl.o
                0x08002a68                isFlag
 .text.LL_TIM_EnableCounter
                0x08002a94       0x20 ./Core/Src/FC_Servo/Servo.o
 .text.LL_TIM_IsEnabledCounter
                0x08002ab4       0x26 ./Core/Src/FC_Servo/Servo.o
 .text.LL_TIM_SetPrescaler
                0x08002ada       0x1c ./Core/Src/FC_Servo/Servo.o
 .text.LL_TIM_SetAutoReload
                0x08002af6       0x1c ./Core/Src/FC_Servo/Servo.o
 .text.LL_TIM_CC_EnableChannel
                0x08002b12       0x22 ./Core/Src/FC_Servo/Servo.o
 .text.LL_TIM_CC_DisableChannel
                0x08002b34       0x24 ./Core/Src/FC_Servo/Servo.o
 .text.LL_TIM_GenerateEvent_UPDATE
                0x08002b58       0x20 ./Core/Src/FC_Servo/Servo.o
 .text.SERVO_Initialization
                0x08002b78       0x68 ./Core/Src/FC_Servo/Servo.o
                0x08002b78                SERVO_Initialization
 .text.SERVO_doArm
                0x08002be0       0x6c ./Core/Src/FC_Servo/Servo.o
                0x08002be0                SERVO_doArm
 .text.SERVO_doDisarm
                0x08002c4c       0x54 ./Core/Src/FC_Servo/Servo.o
                0x08002c4c                SERVO_doDisarm
 .text.SERVO_control
                0x08002ca0       0x10 ./Core/Src/FC_Servo/Servo.o
                0x08002ca0                SERVO_control
 .text.SERVO_setFailsafe
                0x08002cb0       0x30 ./Core/Src/FC_Servo/Servo.o
                0x08002cb0                SERVO_setFailsafe
 .text.SERVO_doCalibrate
                0x08002ce0       0x6c ./Core/Src/FC_Servo/Servo.o
                0x08002ce0                SERVO_doCalibrate
 .text.doArm2Channel
                0x08002d4c       0xd8 ./Core/Src/FC_Servo/Servo.o
                0x08002d4c                doArm2Channel
 .text.doArm2Channels
                0x08002e24       0x44 ./Core/Src/FC_Servo/Servo.o
                0x08002e24                doArm2Channels
 .text.configurePWM
                0x08002e68       0xb0 ./Core/Src/FC_Servo/Servo.o
                0x08002e68                configurePWM
 .text.calculateServoOutput
                0x08002f18       0x70 ./Core/Src/FC_Servo/Servo.o
                0x08002f18                calculateServoOutput
 .text.setPWM   0x08002f88       0x5c ./Core/Src/FC_Servo/Servo.o
                0x08002f88                setPWM
 .text.setPWM2Channel
                0x08002fe4       0xc0 ./Core/Src/FC_Servo/Servo.o
                0x08002fe4                setPWM2Channel
 .text.setPWM2Channels
                0x080030a4       0x44 ./Core/Src/FC_Servo/Servo.o
                0x080030a4                setPWM2Channels
 .text.__NVIC_GetPriorityGrouping
                0x080030e8       0x1c ./Core/Src/main.o
 .text.__NVIC_EnableIRQ
                0x08003104       0x3c ./Core/Src/main.o
 .text.__NVIC_SetPriority
                0x08003140       0x54 ./Core/Src/main.o
 .text.NVIC_EncodePriority
                0x08003194       0x66 ./Core/Src/main.o
 .text.LL_ADC_REG_SetSequencerRanks
                0x080031fa       0x7a ./Core/Src/main.o
 .text.LL_ADC_REG_SetFlagEndOfConversion
                0x08003274       0x26 ./Core/Src/main.o
 .text.LL_ADC_SetChannelSamplingTime
                0x0800329a       0xc2 ./Core/Src/main.o
 .text.LL_SPI_SetStandard
                0x0800335c       0x26 ./Core/Src/main.o
 .text.LL_TIM_EnableCounter
                0x08003382       0x20 ./Core/Src/main.o
 .text.LL_TIM_DisableARRPreload
                0x080033a2       0x20 ./Core/Src/main.o
 *fill*         0x080033c2        0x2 
 .text.LL_TIM_OC_DisableFast
                0x080033c4       0x8c ./Core/Src/main.o
 .text.LL_TIM_OC_EnablePreload
                0x08003450       0x88 ./Core/Src/main.o
 .text.LL_TIM_SetClockSource
                0x080034d8       0x2a ./Core/Src/main.o
 .text.LL_TIM_SetTriggerOutput
                0x08003502       0x26 ./Core/Src/main.o
 .text.LL_TIM_DisableMasterSlaveMode
                0x08003528       0x20 ./Core/Src/main.o
 .text.LL_TIM_EnableIT_UPDATE
                0x08003548       0x20 ./Core/Src/main.o
 .text.LL_USART_Enable
                0x08003568       0x20 ./Core/Src/main.o
 .text.LL_USART_ConfigAsyncMode
                0x08003588       0x2c ./Core/Src/main.o
 .text.LL_USART_ConfigHalfDuplexMode
                0x080035b4       0x38 ./Core/Src/main.o
 .text.LL_USART_EnableIT_RXNE
                0x080035ec       0x46 ./Core/Src/main.o
 *fill*         0x08003632        0x2 
 .text.LL_SYSCFG_SetEXTISource
                0x08003634       0x6c ./Core/Src/main.o
 .text.LL_GPIO_SetPinMode
                0x080036a0       0x7a ./Core/Src/main.o
 .text.LL_GPIO_SetPinPull
                0x0800371a       0x7a ./Core/Src/main.o
 .text.LL_GPIO_ResetOutputPin
                0x08003794       0x1e ./Core/Src/main.o
 *fill*         0x080037b2        0x2 
 .text.LL_EXTI_EnableIT_0_31
                0x080037b4       0x24 ./Core/Src/main.o
 .text.LL_EXTI_EnableFallingTrig_0_31
                0x080037d8       0x24 ./Core/Src/main.o
 .text.LL_AHB1_GRP1_EnableClock
                0x080037fc       0x30 ./Core/Src/main.o
 .text.LL_APB1_GRP1_EnableClock
                0x0800382c       0x30 ./Core/Src/main.o
 .text.LL_APB2_GRP1_EnableClock
                0x0800385c       0x30 ./Core/Src/main.o
 .text._write   0x0800388c       0x2a ./Core/Src/main.o
                0x0800388c                _write
 *fill*         0x080038b6        0x2 
 .text.main     0x080038b8       0xd0 ./Core/Src/main.o
                0x080038b8                main
 .text.SystemClock_Config
                0x08003988       0xd4 ./Core/Src/main.o
                0x08003988                SystemClock_Config
 .text.MX_ADC1_Init
                0x08003a5c       0xec ./Core/Src/main.o
 .text.MX_SPI1_Init
                0x08003b48       0xa4 ./Core/Src/main.o
 .text.MX_TIM1_Init
                0x08003bec      0x17c ./Core/Src/main.o
 .text.MX_TIM3_Init
                0x08003d68      0x174 ./Core/Src/main.o
 .text.MX_TIM4_Init
                0x08003edc      0x158 ./Core/Src/main.o
 .text.MX_TIM5_Init
                0x08004034      0x170 ./Core/Src/main.o
 .text.MX_TIM13_Init
                0x080041a4       0xa8 ./Core/Src/main.o
 .text.MX_TIM14_Init
                0x0800424c       0xac ./Core/Src/main.o
 .text.MX_UART4_Init
                0x080042f8       0xa4 ./Core/Src/main.o
 .text.MX_UART5_Init
                0x0800439c       0xf0 ./Core/Src/main.o
 .text.MX_USART1_UART_Init
                0x0800448c       0xbc ./Core/Src/main.o
 .text.MX_USART2_UART_Init
                0x08004548       0xc0 ./Core/Src/main.o
 .text.MX_USART3_UART_Init
                0x08004608       0xc4 ./Core/Src/main.o
 .text.MX_GPIO_Init
                0x080046cc      0x12c ./Core/Src/main.o
 .text.Error_Handler
                0x080047f8        0xc ./Core/Src/main.o
                0x080047f8                Error_Handler
 .text.HAL_MspInit
                0x08004804       0x50 ./Core/Src/stm32f4xx_hal_msp.o
                0x08004804                HAL_MspInit
 .text.LL_TIM_SetCounter
                0x08004854       0x1c ./Core/Src/stm32f4xx_it.o
 .text.LL_TIM_ClearFlag_UPDATE
                0x08004870       0x1c ./Core/Src/stm32f4xx_it.o
 .text.LL_TIM_IsActiveFlag_UPDATE
                0x0800488c       0x26 ./Core/Src/stm32f4xx_it.o
 .text.LL_TIM_IsEnabledIT_UPDATE
                0x080048b2       0x26 ./Core/Src/stm32f4xx_it.o
 .text.LL_USART_IsActiveFlag_RXNE
                0x080048d8       0x26 ./Core/Src/stm32f4xx_it.o
 .text.LL_USART_ClearFlag_RXNE
                0x080048fe       0x1c ./Core/Src/stm32f4xx_it.o
 .text.LL_USART_ReceiveData8
                0x0800491a       0x1a ./Core/Src/stm32f4xx_it.o
 .text.LL_EXTI_IsActiveFlag_0_31
                0x08004934       0x2c ./Core/Src/stm32f4xx_it.o
 .text.LL_EXTI_ClearFlag_0_31
                0x08004960       0x20 ./Core/Src/stm32f4xx_it.o
 .text.NMI_Handler
                0x08004980        0x8 ./Core/Src/stm32f4xx_it.o
                0x08004980                NMI_Handler
 .text.HardFault_Handler
                0x08004988        0x8 ./Core/Src/stm32f4xx_it.o
                0x08004988                HardFault_Handler
 .text.MemManage_Handler
                0x08004990        0x8 ./Core/Src/stm32f4xx_it.o
                0x08004990                MemManage_Handler
 .text.BusFault_Handler
                0x08004998        0x8 ./Core/Src/stm32f4xx_it.o
                0x08004998                BusFault_Handler
 .text.UsageFault_Handler
                0x080049a0        0x8 ./Core/Src/stm32f4xx_it.o
                0x080049a0                UsageFault_Handler
 .text.SVC_Handler
                0x080049a8        0xe ./Core/Src/stm32f4xx_it.o
                0x080049a8                SVC_Handler
 .text.DebugMon_Handler
                0x080049b6        0xe ./Core/Src/stm32f4xx_it.o
                0x080049b6                DebugMon_Handler
 .text.PendSV_Handler
                0x080049c4        0xe ./Core/Src/stm32f4xx_it.o
                0x080049c4                PendSV_Handler
 .text.SysTick_Handler
                0x080049d2        0xc ./Core/Src/stm32f4xx_it.o
                0x080049d2                SysTick_Handler
 *fill*         0x080049de        0x2 
 .text.TIM1_UP_TIM10_IRQHandler
                0x080049e0       0x28 ./Core/Src/stm32f4xx_it.o
                0x080049e0                TIM1_UP_TIM10_IRQHandler
 .text.USART1_IRQHandler
                0x08004a08       0x38 ./Core/Src/stm32f4xx_it.o
                0x08004a08                USART1_IRQHandler
 .text.USART2_IRQHandler
                0x08004a40       0x3c ./Core/Src/stm32f4xx_it.o
                0x08004a40                USART2_IRQHandler
 .text.USART3_IRQHandler
                0x08004a7c        0xe ./Core/Src/stm32f4xx_it.o
                0x08004a7c                USART3_IRQHandler
 .text.EXTI15_10_IRQHandler
                0x08004a8a       0x24 ./Core/Src/stm32f4xx_it.o
                0x08004a8a                EXTI15_10_IRQHandler
 *fill*         0x08004aae        0x2 
 .text.TIM8_UP_TIM13_IRQHandler
                0x08004ab0       0x2c ./Core/Src/stm32f4xx_it.o
                0x08004ab0                TIM8_UP_TIM13_IRQHandler
 .text.TIM8_TRG_COM_TIM14_IRQHandler
                0x08004adc       0x34 ./Core/Src/stm32f4xx_it.o
                0x08004adc                TIM8_TRG_COM_TIM14_IRQHandler
 .text.TIM5_IRQHandler
                0x08004b10       0x28 ./Core/Src/stm32f4xx_it.o
                0x08004b10                TIM5_IRQHandler
 .text.UART5_IRQHandler
                0x08004b38        0xe ./Core/Src/stm32f4xx_it.o
                0x08004b38                UART5_IRQHandler
 *fill*         0x08004b46        0x2 
 .text.OTG_FS_IRQHandler
                0x08004b48       0x14 ./Core/Src/stm32f4xx_it.o
                0x08004b48                OTG_FS_IRQHandler
 .text._getpid  0x08004b5c       0x10 ./Core/Src/syscalls.o
                0x08004b5c                _getpid
 .text._kill    0x08004b6c       0x20 ./Core/Src/syscalls.o
                0x08004b6c                _kill
 .text._exit    0x08004b8c       0x16 ./Core/Src/syscalls.o
                0x08004b8c                _exit
 .text._read    0x08004ba2       0x3a ./Core/Src/syscalls.o
                0x08004ba2                _read
 .text._close   0x08004bdc       0x18 ./Core/Src/syscalls.o
                0x08004bdc                _close
 .text._fstat   0x08004bf4       0x20 ./Core/Src/syscalls.o
                0x08004bf4                _fstat
 .text._isatty  0x08004c14       0x16 ./Core/Src/syscalls.o
                0x08004c14                _isatty
 .text._lseek   0x08004c2a       0x1a ./Core/Src/syscalls.o
                0x08004c2a                _lseek
 .text._sbrk    0x08004c44       0x6c ./Core/Src/sysmem.o
                0x08004c44                _sbrk
 .text.SystemInit
                0x08004cb0       0x24 ./Core/Src/system_stm32f4xx.o
                0x08004cb0                SystemInit
 .text.Reset_Handler
                0x08004cd4       0x50 ./Core/Startup/startup_stm32f407vetx.o
                0x08004cd4                Reset_Handler
 .text.Default_Handler
                0x08004d24        0x2 ./Core/Startup/startup_stm32f407vetx.o
                0x08004d24                RTC_Alarm_IRQHandler
                0x08004d24                HASH_RNG_IRQHandler
                0x08004d24                EXTI2_IRQHandler
                0x08004d24                TIM8_CC_IRQHandler
                0x08004d24                TIM1_CC_IRQHandler
                0x08004d24                DMA2_Stream5_IRQHandler
                0x08004d24                DMA1_Stream5_IRQHandler
                0x08004d24                PVD_IRQHandler
                0x08004d24                SDIO_IRQHandler
                0x08004d24                TAMP_STAMP_IRQHandler
                0x08004d24                CAN2_RX1_IRQHandler
                0x08004d24                EXTI3_IRQHandler
                0x08004d24                I2C3_ER_IRQHandler
                0x08004d24                EXTI0_IRQHandler
                0x08004d24                I2C2_EV_IRQHandler
                0x08004d24                DMA1_Stream2_IRQHandler
                0x08004d24                CAN1_RX0_IRQHandler
                0x08004d24                FPU_IRQHandler
                0x08004d24                OTG_HS_WKUP_IRQHandler
                0x08004d24                CAN2_SCE_IRQHandler
                0x08004d24                DMA2_Stream2_IRQHandler
                0x08004d24                SPI1_IRQHandler
                0x08004d24                TIM6_DAC_IRQHandler
                0x08004d24                TIM1_BRK_TIM9_IRQHandler
                0x08004d24                DCMI_IRQHandler
                0x08004d24                CAN2_RX0_IRQHandler
                0x08004d24                DMA2_Stream3_IRQHandler
                0x08004d24                USART6_IRQHandler
                0x08004d24                CAN1_RX1_IRQHandler
                0x08004d24                DMA2_Stream0_IRQHandler
                0x08004d24                TIM4_IRQHandler
                0x08004d24                I2C1_EV_IRQHandler
                0x08004d24                DMA1_Stream6_IRQHandler
                0x08004d24                DMA1_Stream1_IRQHandler
                0x08004d24                UART4_IRQHandler
                0x08004d24                TIM3_IRQHandler
                0x08004d24                RCC_IRQHandler
                0x08004d24                TIM8_BRK_TIM12_IRQHandler
                0x08004d24                Default_Handler
                0x08004d24                ADC_IRQHandler
                0x08004d24                DMA1_Stream7_IRQHandler
                0x08004d24                TIM7_IRQHandler
                0x08004d24                CAN2_TX_IRQHandler
                0x08004d24                DMA2_Stream7_IRQHandler
                0x08004d24                I2C3_EV_IRQHandler
                0x08004d24                EXTI9_5_IRQHandler
                0x08004d24                RTC_WKUP_IRQHandler
                0x08004d24                ETH_WKUP_IRQHandler
                0x08004d24                SPI2_IRQHandler
                0x08004d24                OTG_HS_EP1_IN_IRQHandler
                0x08004d24                DMA1_Stream0_IRQHandler
                0x08004d24                CAN1_TX_IRQHandler
                0x08004d24                EXTI4_IRQHandler
                0x08004d24                FSMC_IRQHandler
                0x08004d24                ETH_IRQHandler
                0x08004d24                OTG_HS_EP1_OUT_IRQHandler
                0x08004d24                WWDG_IRQHandler
                0x08004d24                TIM2_IRQHandler
                0x08004d24                OTG_FS_WKUP_IRQHandler
                0x08004d24                TIM1_TRG_COM_TIM11_IRQHandler
                0x08004d24                OTG_HS_IRQHandler
                0x08004d24                EXTI1_IRQHandler
                0x08004d24                I2C2_ER_IRQHandler
                0x08004d24                DMA2_Stream1_IRQHandler
                0x08004d24                CAN1_SCE_IRQHandler
                0x08004d24                FLASH_IRQHandler
                0x08004d24                DMA2_Stream4_IRQHandler
                0x08004d24                SPI3_IRQHandler
                0x08004d24                DMA1_Stream4_IRQHandler
                0x08004d24                I2C1_ER_IRQHandler
                0x08004d24                DMA2_Stream6_IRQHandler
                0x08004d24                DMA1_Stream3_IRQHandler
 *fill*         0x08004d26        0x2 
 .text.HAL_Init
                0x08004d28       0x44 ./Drivers/STM32F4xx_HAL_Driver/Src/stm32f4xx_hal.o
                0x08004d28                HAL_Init
 .text.HAL_InitTick
                0x08004d6c       0x60 ./Drivers/STM32F4xx_HAL_Driver/Src/stm32f4xx_hal.o
                0x08004d6c                HAL_InitTick
 .text.HAL_IncTick
                0x08004dcc       0x28 ./Drivers/STM32F4xx_HAL_Driver/Src/stm32f4xx_hal.o
                0x08004dcc                HAL_IncTick
 .text.HAL_GetTick
                0x08004df4       0x18 ./Drivers/STM32F4xx_HAL_Driver/Src/stm32f4xx_hal.o
                0x08004df4                HAL_GetTick
 .text.HAL_Delay
                0x08004e0c       0x48 ./Drivers/STM32F4xx_HAL_Driver/Src/stm32f4xx_hal.o
                0x08004e0c                HAL_Delay
 .text.__NVIC_SetPriorityGrouping
                0x08004e54       0x48 ./Drivers/STM32F4xx_HAL_Driver/Src/stm32f4xx_hal_cortex.o
 .text.__NVIC_GetPriorityGrouping
                0x08004e9c       0x1c ./Drivers/STM32F4xx_HAL_Driver/Src/stm32f4xx_hal_cortex.o
 .text.__NVIC_EnableIRQ
                0x08004eb8       0x3c ./Drivers/STM32F4xx_HAL_Driver/Src/stm32f4xx_hal_cortex.o
 .text.__NVIC_SetPriority
                0x08004ef4       0x54 ./Drivers/STM32F4xx_HAL_Driver/Src/stm32f4xx_hal_cortex.o
 .text.NVIC_EncodePriority
                0x08004f48       0x66 ./Drivers/STM32F4xx_HAL_Driver/Src/stm32f4xx_hal_cortex.o
 *fill*         0x08004fae        0x2 
 .text.SysTick_Config
                0x08004fb0       0x44 ./Drivers/STM32F4xx_HAL_Driver/Src/stm32f4xx_hal_cortex.o
 .text.HAL_NVIC_SetPriorityGrouping
                0x08004ff4       0x16 ./Drivers/STM32F4xx_HAL_Driver/Src/stm32f4xx_hal_cortex.o
                0x08004ff4                HAL_NVIC_SetPriorityGrouping
 .text.HAL_NVIC_SetPriority
                0x0800500a       0x38 ./Drivers/STM32F4xx_HAL_Driver/Src/stm32f4xx_hal_cortex.o
                0x0800500a                HAL_NVIC_SetPriority
 .text.HAL_NVIC_EnableIRQ
                0x08005042       0x1c ./Drivers/STM32F4xx_HAL_Driver/Src/stm32f4xx_hal_cortex.o
                0x08005042                HAL_NVIC_EnableIRQ
 .text.HAL_SYSTICK_Config
                0x0800505e       0x18 ./Drivers/STM32F4xx_HAL_Driver/Src/stm32f4xx_hal_cortex.o
                0x0800505e                HAL_SYSTICK_Config
 *fill*         0x08005076        0x2 
 .text.HAL_GPIO_Init
                0x08005078      0x338 ./Drivers/STM32F4xx_HAL_Driver/Src/stm32f4xx_hal_gpio.o
                0x08005078                HAL_GPIO_Init
 .text.HAL_PCD_Init
                0x080053b0      0x21e ./Drivers/STM32F4xx_HAL_Driver/Src/stm32f4xx_hal_pcd.o
                0x080053b0                HAL_PCD_Init
 .text.HAL_PCD_Start
                0x080055ce       0x6a ./Drivers/STM32F4xx_HAL_Driver/Src/stm32f4xx_hal_pcd.o
                0x080055ce                HAL_PCD_Start
 .text.HAL_PCD_IRQHandler
                0x08005638      0x942 ./Drivers/STM32F4xx_HAL_Driver/Src/stm32f4xx_hal_pcd.o
                0x08005638                HAL_PCD_IRQHandler
 .text.HAL_PCD_SetAddress
                0x08005f7a       0x48 ./Drivers/STM32F4xx_HAL_Driver/Src/stm32f4xx_hal_pcd.o
                0x08005f7a                HAL_PCD_SetAddress
 .text.HAL_PCD_EP_Open
                0x08005fc2       0xd4 ./Drivers/STM32F4xx_HAL_Driver/Src/stm32f4xx_hal_pcd.o
                0x08005fc2                HAL_PCD_EP_Open
 .text.HAL_PCD_EP_Close
                0x08006096       0x94 ./Drivers/STM32F4xx_HAL_Driver/Src/stm32f4xx_hal_pcd.o
                0x08006096                HAL_PCD_EP_Close
 .text.HAL_PCD_EP_Receive
                0x0800612a       0x76 ./Drivers/STM32F4xx_HAL_Driver/Src/stm32f4xx_hal_pcd.o
                0x0800612a                HAL_PCD_EP_Receive
 .text.HAL_PCD_EP_GetRxCount
                0x080061a0       0x30 ./Drivers/STM32F4xx_HAL_Driver/Src/stm32f4xx_hal_pcd.o
                0x080061a0                HAL_PCD_EP_GetRxCount
 .text.HAL_PCD_EP_Transmit
                0x080061d0       0x74 ./Drivers/STM32F4xx_HAL_Driver/Src/stm32f4xx_hal_pcd.o
                0x080061d0                HAL_PCD_EP_Transmit
 .text.HAL_PCD_EP_SetStall
                0x08006244       0xc6 ./Drivers/STM32F4xx_HAL_Driver/Src/stm32f4xx_hal_pcd.o
                0x08006244                HAL_PCD_EP_SetStall
 .text.HAL_PCD_EP_ClrStall
                0x0800630a       0xac ./Drivers/STM32F4xx_HAL_Driver/Src/stm32f4xx_hal_pcd.o
                0x0800630a                HAL_PCD_EP_ClrStall
 .text.HAL_PCD_EP_Abort
                0x080063b6       0x62 ./Drivers/STM32F4xx_HAL_Driver/Src/stm32f4xx_hal_pcd.o
                0x080063b6                HAL_PCD_EP_Abort
 .text.PCD_WriteEmptyTxFifo
                0x08006418      0x118 ./Drivers/STM32F4xx_HAL_Driver/Src/stm32f4xx_hal_pcd.o
 .text.PCD_EP_OutXfrComplete_int
                0x08006530      0x1d0 ./Drivers/STM32F4xx_HAL_Driver/Src/stm32f4xx_hal_pcd.o
 .text.PCD_EP_OutSetupPacket_int
                0x08006700       0x8c ./Drivers/STM32F4xx_HAL_Driver/Src/stm32f4xx_hal_pcd.o
 .text.HAL_PCDEx_SetTxFiFo
                0x0800678c       0x8e ./Drivers/STM32F4xx_HAL_Driver/Src/stm32f4xx_hal_pcd_ex.o
                0x0800678c                HAL_PCDEx_SetTxFiFo
 .text.HAL_PCDEx_SetRxFiFo
                0x0800681a       0x22 ./Drivers/STM32F4xx_HAL_Driver/Src/stm32f4xx_hal_pcd_ex.o
                0x0800681a                HAL_PCDEx_SetRxFiFo
 .text.HAL_PCDEx_LPM_Callback
                0x0800683c       0x18 ./Drivers/STM32F4xx_HAL_Driver/Src/stm32f4xx_hal_pcd_ex.o
                0x0800683c                HAL_PCDEx_LPM_Callback
 .text.HAL_RCC_OscConfig
                0x08006854      0x4f0 ./Drivers/STM32F4xx_HAL_Driver/Src/stm32f4xx_hal_rcc.o
                0x08006854                HAL_RCC_OscConfig
 .text.HAL_RCC_ClockConfig
                0x08006d44      0x1cc ./Drivers/STM32F4xx_HAL_Driver/Src/stm32f4xx_hal_rcc.o
                0x08006d44                HAL_RCC_ClockConfig
 .text.HAL_RCC_GetSysClockFreq
                0x08006f10      0x208 ./Drivers/STM32F4xx_HAL_Driver/Src/stm32f4xx_hal_rcc.o
                0x08006f10                HAL_RCC_GetSysClockFreq
 .text.HAL_RCC_GetHCLKFreq
                0x08007118       0x18 ./Drivers/STM32F4xx_HAL_Driver/Src/stm32f4xx_hal_rcc.o
                0x08007118                HAL_RCC_GetHCLKFreq
 .text.LL_ADC_REG_SetSequencerLength
                0x08007130       0x26 ./Drivers/STM32F4xx_HAL_Driver/Src/stm32f4xx_ll_adc.o
 .text.LL_ADC_IsEnabled
                0x08007156       0x26 ./Drivers/STM32F4xx_HAL_Driver/Src/stm32f4xx_ll_adc.o
 .text.LL_ADC_CommonInit
                0x0800717c       0x90 ./Drivers/STM32F4xx_HAL_Driver/Src/stm32f4xx_ll_adc.o
                0x0800717c                LL_ADC_CommonInit
 .text.LL_ADC_Init
                0x0800720c       0x58 ./Drivers/STM32F4xx_HAL_Driver/Src/stm32f4xx_ll_adc.o
                0x0800720c                LL_ADC_Init
 .text.LL_ADC_REG_Init
                0x08007264       0x84 ./Drivers/STM32F4xx_HAL_Driver/Src/stm32f4xx_ll_adc.o
                0x08007264                LL_ADC_REG_Init
 .text.LL_EXTI_EnableIT_0_31
                0x080072e8       0x24 ./Drivers/STM32F4xx_HAL_Driver/Src/stm32f4xx_ll_exti.o
 .text.LL_EXTI_DisableIT_0_31
                0x0800730c       0x28 ./Drivers/STM32F4xx_HAL_Driver/Src/stm32f4xx_ll_exti.o
 .text.LL_EXTI_EnableEvent_0_31
                0x08007334       0x24 ./Drivers/STM32F4xx_HAL_Driver/Src/stm32f4xx_ll_exti.o
 .text.LL_EXTI_DisableEvent_0_31
                0x08007358       0x28 ./Drivers/STM32F4xx_HAL_Driver/Src/stm32f4xx_ll_exti.o
 .text.LL_EXTI_EnableRisingTrig_0_31
                0x08007380       0x24 ./Drivers/STM32F4xx_HAL_Driver/Src/stm32f4xx_ll_exti.o
 .text.LL_EXTI_DisableRisingTrig_0_31
                0x080073a4       0x28 ./Drivers/STM32F4xx_HAL_Driver/Src/stm32f4xx_ll_exti.o
 .text.LL_EXTI_EnableFallingTrig_0_31
                0x080073cc       0x24 ./Drivers/STM32F4xx_HAL_Driver/Src/stm32f4xx_ll_exti.o
 .text.LL_EXTI_DisableFallingTrig_0_31
                0x080073f0       0x28 ./Drivers/STM32F4xx_HAL_Driver/Src/stm32f4xx_ll_exti.o
 .text.LL_EXTI_Init
                0x08007418       0xfe ./Drivers/STM32F4xx_HAL_Driver/Src/stm32f4xx_ll_exti.o
                0x08007418                LL_EXTI_Init
 .text.LL_GPIO_SetPinMode
                0x08007516       0x7a ./Drivers/STM32F4xx_HAL_Driver/Src/stm32f4xx_ll_gpio.o
 .text.LL_GPIO_SetPinOutputType
                0x08007590       0x30 ./Drivers/STM32F4xx_HAL_Driver/Src/stm32f4xx_ll_gpio.o
 .text.LL_GPIO_SetPinSpeed
                0x080075c0       0x7a ./Drivers/STM32F4xx_HAL_Driver/Src/stm32f4xx_ll_gpio.o
 .text.LL_GPIO_SetPinPull
                0x0800763a       0x7a ./Drivers/STM32F4xx_HAL_Driver/Src/stm32f4xx_ll_gpio.o
 .text.LL_GPIO_SetAFPin_0_7
                0x080076b4       0x7a ./Drivers/STM32F4xx_HAL_Driver/Src/stm32f4xx_ll_gpio.o
 .text.LL_GPIO_SetAFPin_8_15
                0x0800772e       0x7e ./Drivers/STM32F4xx_HAL_Driver/Src/stm32f4xx_ll_gpio.o
 .text.LL_GPIO_Init
                0x080077ac      0x102 ./Drivers/STM32F4xx_HAL_Driver/Src/stm32f4xx_ll_gpio.o
                0x080077ac                LL_GPIO_Init
 *fill*         0x080078ae        0x2 
 .text.LL_RCC_GetSysClkSource
                0x080078b0       0x1c ./Drivers/STM32F4xx_HAL_Driver/Src/stm32f4xx_ll_rcc.o
 .text.LL_RCC_GetAHBPrescaler
                0x080078cc       0x1c ./Drivers/STM32F4xx_HAL_Driver/Src/stm32f4xx_ll_rcc.o
 .text.LL_RCC_GetAPB1Prescaler
                0x080078e8       0x1c ./Drivers/STM32F4xx_HAL_Driver/Src/stm32f4xx_ll_rcc.o
 .text.LL_RCC_GetAPB2Prescaler
                0x08007904       0x1c ./Drivers/STM32F4xx_HAL_Driver/Src/stm32f4xx_ll_rcc.o
 .text.LL_RCC_PLL_GetMainSource
                0x08007920       0x1c ./Drivers/STM32F4xx_HAL_Driver/Src/stm32f4xx_ll_rcc.o
 .text.LL_RCC_PLL_GetN
                0x0800793c       0x1c ./Drivers/STM32F4xx_HAL_Driver/Src/stm32f4xx_ll_rcc.o
 .text.LL_RCC_PLL_GetP
                0x08007958       0x1c ./Drivers/STM32F4xx_HAL_Driver/Src/stm32f4xx_ll_rcc.o
 .text.LL_RCC_PLL_GetDivider
                0x08007974       0x1c ./Drivers/STM32F4xx_HAL_Driver/Src/stm32f4xx_ll_rcc.o
 .text.LL_RCC_GetSystemClocksFreq
                0x08007990       0x4a ./Drivers/STM32F4xx_HAL_Driver/Src/stm32f4xx_ll_rcc.o
                0x08007990                LL_RCC_GetSystemClocksFreq
 *fill*         0x080079da        0x2 
 .text.RCC_GetSystemClockFreq
                0x080079dc       0x4c ./Drivers/STM32F4xx_HAL_Driver/Src/stm32f4xx_ll_rcc.o
                0x080079dc                RCC_GetSystemClockFreq
 .text.RCC_GetHCLKClockFreq
                0x08007a28       0x2c ./Drivers/STM32F4xx_HAL_Driver/Src/stm32f4xx_ll_rcc.o
                0x08007a28                RCC_GetHCLKClockFreq
 .text.RCC_GetPCLK1ClockFreq
                0x08007a54       0x28 ./Drivers/STM32F4xx_HAL_Driver/Src/stm32f4xx_ll_rcc.o
                0x08007a54                RCC_GetPCLK1ClockFreq
 .text.RCC_GetPCLK2ClockFreq
                0x08007a7c       0x28 ./Drivers/STM32F4xx_HAL_Driver/Src/stm32f4xx_ll_rcc.o
                0x08007a7c                RCC_GetPCLK2ClockFreq
 .text.RCC_PLL_GetFreqDomain_SYS
                0x08007aa4       0x78 ./Drivers/STM32F4xx_HAL_Driver/Src/stm32f4xx_ll_rcc.o
                0x08007aa4                RCC_PLL_GetFreqDomain_SYS
 .text.LL_SPI_IsEnabled
                0x08007b1c       0x26 ./Drivers/STM32F4xx_HAL_Driver/Src/stm32f4xx_ll_spi.o
 .text.LL_SPI_SetCRCPolynomial
                0x08007b42       0x20 ./Drivers/STM32F4xx_HAL_Driver/Src/stm32f4xx_ll_spi.o
 .text.LL_SPI_Init
                0x08007b62       0xa4 ./Drivers/STM32F4xx_HAL_Driver/Src/stm32f4xx_ll_spi.o
                0x08007b62                LL_SPI_Init
 .text.LL_TIM_SetPrescaler
                0x08007c06       0x1c ./Drivers/STM32F4xx_HAL_Driver/Src/stm32f4xx_ll_tim.o
 .text.LL_TIM_SetAutoReload
                0x08007c22       0x1c ./Drivers/STM32F4xx_HAL_Driver/Src/stm32f4xx_ll_tim.o
 .text.LL_TIM_SetRepetitionCounter
                0x08007c3e       0x1c ./Drivers/STM32F4xx_HAL_Driver/Src/stm32f4xx_ll_tim.o
 .text.LL_TIM_OC_SetCompareCH1
                0x08007c5a       0x1c ./Drivers/STM32F4xx_HAL_Driver/Src/stm32f4xx_ll_tim.o
 .text.LL_TIM_OC_SetCompareCH2
                0x08007c76       0x1c ./Drivers/STM32F4xx_HAL_Driver/Src/stm32f4xx_ll_tim.o
 .text.LL_TIM_OC_SetCompareCH3
                0x08007c92       0x1c ./Drivers/STM32F4xx_HAL_Driver/Src/stm32f4xx_ll_tim.o
 .text.LL_TIM_OC_SetCompareCH4
                0x08007cae       0x1c ./Drivers/STM32F4xx_HAL_Driver/Src/stm32f4xx_ll_tim.o
 .text.LL_TIM_GenerateEvent_UPDATE
                0x08007cca       0x20 ./Drivers/STM32F4xx_HAL_Driver/Src/stm32f4xx_ll_tim.o
 *fill*         0x08007cea        0x2 
 .text.LL_TIM_Init
                0x08007cec      0x134 ./Drivers/STM32F4xx_HAL_Driver/Src/stm32f4xx_ll_tim.o
                0x08007cec                LL_TIM_Init
 .text.LL_TIM_OC_Init
                0x08007e20       0x82 ./Drivers/STM32F4xx_HAL_Driver/Src/stm32f4xx_ll_tim.o
                0x08007e20                LL_TIM_OC_Init
 .text.LL_TIM_BDTR_Init
                0x08007ea2       0x84 ./Drivers/STM32F4xx_HAL_Driver/Src/stm32f4xx_ll_tim.o
                0x08007ea2                LL_TIM_BDTR_Init
 *fill*         0x08007f26        0x2 
 .text.OC1Config
                0x08007f28       0xd8 ./Drivers/STM32F4xx_HAL_Driver/Src/stm32f4xx_ll_tim.o
 .text.OC2Config
                0x08008000       0xe0 ./Drivers/STM32F4xx_HAL_Driver/Src/stm32f4xx_ll_tim.o
 .text.OC3Config
                0x080080e0       0xe0 ./Drivers/STM32F4xx_HAL_Driver/Src/stm32f4xx_ll_tim.o
 .text.OC4Config
                0x080081c0       0xb0 ./Drivers/STM32F4xx_HAL_Driver/Src/stm32f4xx_ll_tim.o
 .text.LL_USART_IsEnabled
                0x08008270       0x28 ./Drivers/STM32F4xx_HAL_Driver/Src/stm32f4xx_ll_usart.o
 .text.LL_USART_SetStopBitsLength
                0x08008298       0x26 ./Drivers/STM32F4xx_HAL_Driver/Src/stm32f4xx_ll_usart.o
 .text.LL_USART_SetHWFlowCtrl
                0x080082be       0x26 ./Drivers/STM32F4xx_HAL_Driver/Src/stm32f4xx_ll_usart.o
 .text.LL_USART_SetBaudRate
                0x080082e4      0x45c ./Drivers/STM32F4xx_HAL_Driver/Src/stm32f4xx_ll_usart.o
 .text.LL_USART_Init
                0x08008740      0x100 ./Drivers/STM32F4xx_HAL_Driver/Src/stm32f4xx_ll_usart.o
                0x08008740                LL_USART_Init
 .text.USB_CoreInit
                0x08008840       0xc8 ./Drivers/STM32F4xx_HAL_Driver/Src/stm32f4xx_ll_usb.o
                0x08008840                USB_CoreInit
 .text.USB_SetTurnaroundTime
                0x08008908      0x144 ./Drivers/STM32F4xx_HAL_Driver/Src/stm32f4xx_ll_usb.o
                0x08008908                USB_SetTurnaroundTime
 .text.USB_EnableGlobalInt
                0x08008a4c       0x22 ./Drivers/STM32F4xx_HAL_Driver/Src/stm32f4xx_ll_usb.o
                0x08008a4c                USB_EnableGlobalInt
 .text.USB_DisableGlobalInt
                0x08008a6e       0x22 ./Drivers/STM32F4xx_HAL_Driver/Src/stm32f4xx_ll_usb.o
                0x08008a6e                USB_DisableGlobalInt
 .text.USB_SetCurrentMode
                0x08008a90       0x98 ./Drivers/STM32F4xx_HAL_Driver/Src/stm32f4xx_ll_usb.o
                0x08008a90                USB_SetCurrentMode
 .text.USB_DevInit
                0x08008b28      0x2c8 ./Drivers/STM32F4xx_HAL_Driver/Src/stm32f4xx_ll_usb.o
                0x08008b28                USB_DevInit
 .text.USB_FlushTxFifo
                0x08008df0       0x64 ./Drivers/STM32F4xx_HAL_Driver/Src/stm32f4xx_ll_usb.o
                0x08008df0                USB_FlushTxFifo
 .text.USB_FlushRxFifo
                0x08008e54       0x5c ./Drivers/STM32F4xx_HAL_Driver/Src/stm32f4xx_ll_usb.o
                0x08008e54                USB_FlushRxFifo
 .text.USB_SetDevSpeed
                0x08008eb0       0x32 ./Drivers/STM32F4xx_HAL_Driver/Src/stm32f4xx_ll_usb.o
                0x08008eb0                USB_SetDevSpeed
 .text.USB_GetDevSpeed
                0x08008ee2       0x4a ./Drivers/STM32F4xx_HAL_Driver/Src/stm32f4xx_ll_usb.o
                0x08008ee2                USB_GetDevSpeed
 .text.USB_ActivateEndpoint
                0x08008f2c      0x10e ./Drivers/STM32F4xx_HAL_Driver/Src/stm32f4xx_ll_usb.o
                0x08008f2c                USB_ActivateEndpoint
 *fill*         0x0800903a        0x2 
 .text.USB_DeactivateEndpoint
                0x0800903c      0x1b8 ./Drivers/STM32F4xx_HAL_Driver/Src/stm32f4xx_ll_usb.o
                0x0800903c                USB_DeactivateEndpoint
 .text.USB_EPStartXfer
                0x080091f4      0x53c ./Drivers/STM32F4xx_HAL_Driver/Src/stm32f4xx_ll_usb.o
                0x080091f4                USB_EPStartXfer
 .text.USB_EPStopXfer
                0x08009730      0x154 ./Drivers/STM32F4xx_HAL_Driver/Src/stm32f4xx_ll_usb.o
                0x08009730                USB_EPStopXfer
 .text.USB_WritePacket
                0x08009884       0x7c ./Drivers/STM32F4xx_HAL_Driver/Src/stm32f4xx_ll_usb.o
                0x08009884                USB_WritePacket
 .text.USB_ReadPacket
                0x08009900       0xb0 ./Drivers/STM32F4xx_HAL_Driver/Src/stm32f4xx_ll_usb.o
                0x08009900                USB_ReadPacket
 .text.USB_EPSetStall
                0x080099b0       0xdc ./Drivers/STM32F4xx_HAL_Driver/Src/stm32f4xx_ll_usb.o
                0x080099b0                USB_EPSetStall
 .text.USB_EPClearStall
                0x08009a8c       0xcc ./Drivers/STM32F4xx_HAL_Driver/Src/stm32f4xx_ll_usb.o
                0x08009a8c                USB_EPClearStall
 .text.USB_SetDevAddress
                0x08009b58       0x4c ./Drivers/STM32F4xx_HAL_Driver/Src/stm32f4xx_ll_usb.o
                0x08009b58                USB_SetDevAddress
 .text.USB_DevConnect
                0x08009ba4       0x42 ./Drivers/STM32F4xx_HAL_Driver/Src/stm32f4xx_ll_usb.o
                0x08009ba4                USB_DevConnect
 .text.USB_DevDisconnect
                0x08009be6       0x42 ./Drivers/STM32F4xx_HAL_Driver/Src/stm32f4xx_ll_usb.o
                0x08009be6                USB_DevDisconnect
 .text.USB_ReadInterrupts
                0x08009c28       0x26 ./Drivers/STM32F4xx_HAL_Driver/Src/stm32f4xx_ll_usb.o
                0x08009c28                USB_ReadInterrupts
 .text.USB_ReadDevAllOutEpInterrupt
                0x08009c4e       0x34 ./Drivers/STM32F4xx_HAL_Driver/Src/stm32f4xx_ll_usb.o
                0x08009c4e                USB_ReadDevAllOutEpInterrupt
 .text.USB_ReadDevAllInEpInterrupt
                0x08009c82       0x34 ./Drivers/STM32F4xx_HAL_Driver/Src/stm32f4xx_ll_usb.o
                0x08009c82                USB_ReadDevAllInEpInterrupt
 .text.USB_ReadDevOutEPInterrupt
                0x08009cb6       0x3c ./Drivers/STM32F4xx_HAL_Driver/Src/stm32f4xx_ll_usb.o
                0x08009cb6                USB_ReadDevOutEPInterrupt
 .text.USB_ReadDevInEPInterrupt
                0x08009cf2       0x5c ./Drivers/STM32F4xx_HAL_Driver/Src/stm32f4xx_ll_usb.o
                0x08009cf2                USB_ReadDevInEPInterrupt
 .text.USB_GetMode
                0x08009d4e       0x1c ./Drivers/STM32F4xx_HAL_Driver/Src/stm32f4xx_ll_usb.o
                0x08009d4e                USB_GetMode
 .text.USB_ActivateSetup
                0x08009d6a       0x46 ./Drivers/STM32F4xx_HAL_Driver/Src/stm32f4xx_ll_usb.o
                0x08009d6a                USB_ActivateSetup
 .text.USB_EP0_OutStart
                0x08009db0       0xbc ./Drivers/STM32F4xx_HAL_Driver/Src/stm32f4xx_ll_usb.o
                0x08009db0                USB_EP0_OutStart
 .text.USB_CoreReset
                0x08009e6c       0x62 ./Drivers/STM32F4xx_HAL_Driver/Src/stm32f4xx_ll_usb.o
 *fill*         0x08009ece        0x2 
 .text.USBD_CDC_Init
                0x08009ed0      0x1f0 ./Middlewares/ST/STM32_USB_Device_Library/Class/CDC/Src/usbd_cdc.o
 .text.USBD_CDC_DeInit
                0x0800a0c0      0x104 ./Middlewares/ST/STM32_USB_Device_Library/Class/CDC/Src/usbd_cdc.o
 .text.USBD_CDC_Setup
                0x0800a1c4      0x1b8 ./Middlewares/ST/STM32_USB_Device_Library/Class/CDC/Src/usbd_cdc.o
 .text.USBD_CDC_DataIn
                0x0800a37c       0xfe ./Middlewares/ST/STM32_USB_Device_Library/Class/CDC/Src/usbd_cdc.o
 .text.USBD_CDC_DataOut
                0x0800a47a       0x70 ./Middlewares/ST/STM32_USB_Device_Library/Class/CDC/Src/usbd_cdc.o
 .text.USBD_CDC_EP0_RxReady
                0x0800a4ea       0x74 ./Middlewares/ST/STM32_USB_Device_Library/Class/CDC/Src/usbd_cdc.o
 *fill*         0x0800a55e        0x2 
 .text.USBD_CDC_GetFSCfgDesc
                0x0800a560       0x70 ./Middlewares/ST/STM32_USB_Device_Library/Class/CDC/Src/usbd_cdc.o
 .text.USBD_CDC_GetHSCfgDesc
                0x0800a5d0       0x70 ./Middlewares/ST/STM32_USB_Device_Library/Class/CDC/Src/usbd_cdc.o
 .text.USBD_CDC_GetOtherSpeedCfgDesc
                0x0800a640       0x70 ./Middlewares/ST/STM32_USB_Device_Library/Class/CDC/Src/usbd_cdc.o
 .text.USBD_CDC_GetDeviceQualifierDescriptor
                0x0800a6b0       0x20 ./Middlewares/ST/STM32_USB_Device_Library/Class/CDC/Src/usbd_cdc.o
                0x0800a6b0                USBD_CDC_GetDeviceQualifierDescriptor
 .text.USBD_CDC_RegisterInterface
                0x0800a6d0       0x34 ./Middlewares/ST/STM32_USB_Device_Library/Class/CDC/Src/usbd_cdc.o
                0x0800a6d0                USBD_CDC_RegisterInterface
 .text.USBD_CDC_SetTxBuffer
                0x0800a704       0x44 ./Middlewares/ST/STM32_USB_Device_Library/Class/CDC/Src/usbd_cdc.o
                0x0800a704                USBD_CDC_SetTxBuffer
 .text.USBD_CDC_SetRxBuffer
                0x0800a748       0x3a ./Middlewares/ST/STM32_USB_Device_Library/Class/CDC/Src/usbd_cdc.o
                0x0800a748                USBD_CDC_SetRxBuffer
 *fill*         0x0800a782        0x2 
 .text.USBD_CDC_TransmitPacket
                0x0800a784       0x80 ./Middlewares/ST/STM32_USB_Device_Library/Class/CDC/Src/usbd_cdc.o
                0x0800a784                USBD_CDC_TransmitPacket
 .text.USBD_CDC_ReceivePacket
                0x0800a804       0x6c ./Middlewares/ST/STM32_USB_Device_Library/Class/CDC/Src/usbd_cdc.o
                0x0800a804                USBD_CDC_ReceivePacket
 .text.USBD_Init
                0x0800a870       0x60 ./Middlewares/ST/STM32_USB_Device_Library/Core/Src/usbd_core.o
                0x0800a870                USBD_Init
 .text.USBD_RegisterClass
                0x0800a8d0       0x6c ./Middlewares/ST/STM32_USB_Device_Library/Core/Src/usbd_core.o
                0x0800a8d0                USBD_RegisterClass
 .text.USBD_Start
                0x0800a93c       0x18 ./Middlewares/ST/STM32_USB_Device_Library/Core/Src/usbd_core.o
                0x0800a93c                USBD_Start
 .text.USBD_RunTestMode
                0x0800a954       0x16 ./Middlewares/ST/STM32_USB_Device_Library/Core/Src/usbd_core.o
                0x0800a954                USBD_RunTestMode
 .text.USBD_SetClassConfig
                0x0800a96a       0x38 ./Middlewares/ST/STM32_USB_Device_Library/Core/Src/usbd_core.o
                0x0800a96a                USBD_SetClassConfig
 .text.USBD_ClrClassConfig
                0x0800a9a2       0x34 ./Middlewares/ST/STM32_USB_Device_Library/Core/Src/usbd_core.o
                0x0800a9a2                USBD_ClrClassConfig
 .text.USBD_LL_SetupStage
                0x0800a9d6       0xaa ./Middlewares/ST/STM32_USB_Device_Library/Core/Src/usbd_core.o
                0x0800a9d6                USBD_LL_SetupStage
 .text.USBD_LL_DataOutStage
                0x0800aa80      0x166 ./Middlewares/ST/STM32_USB_Device_Library/Core/Src/usbd_core.o
                0x0800aa80                USBD_LL_DataOutStage
 .text.USBD_LL_DataInStage
                0x0800abe6      0x164 ./Middlewares/ST/STM32_USB_Device_Library/Core/Src/usbd_core.o
                0x0800abe6                USBD_LL_DataInStage
 .text.USBD_LL_Reset
                0x0800ad4a       0xa4 ./Middlewares/ST/STM32_USB_Device_Library/Core/Src/usbd_core.o
                0x0800ad4a                USBD_LL_Reset
 .text.USBD_LL_SetSpeed
                0x0800adee       0x20 ./Middlewares/ST/STM32_USB_Device_Library/Core/Src/usbd_core.o
                0x0800adee                USBD_LL_SetSpeed
 .text.USBD_LL_Suspend
                0x0800ae0e       0x38 ./Middlewares/ST/STM32_USB_Device_Library/Core/Src/usbd_core.o
                0x0800ae0e                USBD_LL_Suspend
 .text.USBD_LL_Resume
                0x0800ae46       0x30 ./Middlewares/ST/STM32_USB_Device_Library/Core/Src/usbd_core.o
                0x0800ae46                USBD_LL_Resume
 .text.USBD_LL_SOF
                0x0800ae76       0x40 ./Middlewares/ST/STM32_USB_Device_Library/Core/Src/usbd_core.o
                0x0800ae76                USBD_LL_SOF
 .text.USBD_LL_IsoINIncomplete
                0x0800aeb6       0x64 ./Middlewares/ST/STM32_USB_Device_Library/Core/Src/usbd_core.o
                0x0800aeb6                USBD_LL_IsoINIncomplete
 .text.USBD_LL_IsoOUTIncomplete
                0x0800af1a       0x64 ./Middlewares/ST/STM32_USB_Device_Library/Core/Src/usbd_core.o
                0x0800af1a                USBD_LL_IsoOUTIncomplete
 .text.USBD_LL_DevConnected
                0x0800af7e       0x16 ./Middlewares/ST/STM32_USB_Device_Library/Core/Src/usbd_core.o
                0x0800af7e                USBD_LL_DevConnected
 .text.USBD_LL_DevDisconnected
                0x0800af94       0x46 ./Middlewares/ST/STM32_USB_Device_Library/Core/Src/usbd_core.o
                0x0800af94                USBD_LL_DevDisconnected
 .text.USBD_CoreFindIF
                0x0800afda       0x1a ./Middlewares/ST/STM32_USB_Device_Library/Core/Src/usbd_core.o
                0x0800afda                USBD_CoreFindIF
 .text.USBD_CoreFindEP
                0x0800aff4       0x1a ./Middlewares/ST/STM32_USB_Device_Library/Core/Src/usbd_core.o
                0x0800aff4                USBD_CoreFindEP
 .text.USBD_GetEpDesc
                0x0800b00e       0x70 ./Middlewares/ST/STM32_USB_Device_Library/Core/Src/usbd_core.o
                0x0800b00e                USBD_GetEpDesc
 .text.USBD_GetNextDesc
                0x0800b07e       0x38 ./Middlewares/ST/STM32_USB_Device_Library/Core/Src/usbd_core.o
                0x0800b07e                USBD_GetNextDesc
 .text.SWAPBYTE
                0x0800b0b6       0x3e ./Middlewares/ST/STM32_USB_Device_Library/Core/Src/usbd_ctlreq.o
 .text.USBD_StdDevReq
                0x0800b0f4       0xe4 ./Middlewares/ST/STM32_USB_Device_Library/Core/Src/usbd_ctlreq.o
                0x0800b0f4                USBD_StdDevReq
 .text.USBD_StdItfReq
                0x0800b1d8       0xd8 ./Middlewares/ST/STM32_USB_Device_Library/Core/Src/usbd_ctlreq.o
                0x0800b1d8                USBD_StdItfReq
 .text.USBD_StdEPReq
                0x0800b2b0      0x33a ./Middlewares/ST/STM32_USB_Device_Library/Core/Src/usbd_ctlreq.o
                0x0800b2b0                USBD_StdEPReq
 *fill*         0x0800b5ea        0x2 
 .text.USBD_GetDescriptor
                0x0800b5ec      0x2d4 ./Middlewares/ST/STM32_USB_Device_Library/Core/Src/usbd_ctlreq.o
 .text.USBD_SetAddress
                0x0800b8c0       0x88 ./Middlewares/ST/STM32_USB_Device_Library/Core/Src/usbd_ctlreq.o
 .text.USBD_SetConfig
                0x0800b948      0x154 ./Middlewares/ST/STM32_USB_Device_Library/Core/Src/usbd_ctlreq.o
 .text.USBD_GetConfig
                0x0800ba9c       0x6c ./Middlewares/ST/STM32_USB_Device_Library/Core/Src/usbd_ctlreq.o
 .text.USBD_GetStatus
                0x0800bb08       0x68 ./Middlewares/ST/STM32_USB_Device_Library/Core/Src/usbd_ctlreq.o
 .text.USBD_SetFeature
                0x0800bb70       0x52 ./Middlewares/ST/STM32_USB_Device_Library/Core/Src/usbd_ctlreq.o
 .text.USBD_ClrFeature
                0x0800bbc2       0x44 ./Middlewares/ST/STM32_USB_Device_Library/Core/Src/usbd_ctlreq.o
 .text.USBD_ParseSetupRequest
                0x0800bc06       0x74 ./Middlewares/ST/STM32_USB_Device_Library/Core/Src/usbd_ctlreq.o
                0x0800bc06                USBD_ParseSetupRequest
 .text.USBD_CtlError
                0x0800bc7a       0x22 ./Middlewares/ST/STM32_USB_Device_Library/Core/Src/usbd_ctlreq.o
                0x0800bc7a                USBD_CtlError
 .text.USBD_GetString
                0x0800bc9c       0xa4 ./Middlewares/ST/STM32_USB_Device_Library/Core/Src/usbd_ctlreq.o
                0x0800bc9c                USBD_GetString
 .text.USBD_GetLen
                0x0800bd40       0x34 ./Middlewares/ST/STM32_USB_Device_Library/Core/Src/usbd_ctlreq.o
 .text.USBD_CtlSendData
                0x0800bd74       0x36 ./Middlewares/ST/STM32_USB_Device_Library/Core/Src/usbd_ioreq.o
                0x0800bd74                USBD_CtlSendData
 .text.USBD_CtlContinueSendData
                0x0800bdaa       0x22 ./Middlewares/ST/STM32_USB_Device_Library/Core/Src/usbd_ioreq.o
                0x0800bdaa                USBD_CtlContinueSendData
 .text.USBD_CtlPrepareRx
                0x0800bdcc       0x3a ./Middlewares/ST/STM32_USB_Device_Library/Core/Src/usbd_ioreq.o
                0x0800bdcc                USBD_CtlPrepareRx
 .text.USBD_CtlContinueRx
                0x0800be06       0x22 ./Middlewares/ST/STM32_USB_Device_Library/Core/Src/usbd_ioreq.o
                0x0800be06                USBD_CtlContinueRx
 .text.USBD_CtlSendStatus
                0x0800be28       0x26 ./Middlewares/ST/STM32_USB_Device_Library/Core/Src/usbd_ioreq.o
                0x0800be28                USBD_CtlSendStatus
 .text.USBD_CtlReceiveStatus
                0x0800be4e       0x26 ./Middlewares/ST/STM32_USB_Device_Library/Core/Src/usbd_ioreq.o
                0x0800be4e                USBD_CtlReceiveStatus
 .text.MX_USB_DEVICE_Init
                0x0800be74       0x60 ./USB_DEVICE/App/usb_device.o
                0x0800be74                MX_USB_DEVICE_Init
 .text.CDC_Init_FS
                0x0800bed4       0x28 ./USB_DEVICE/App/usbd_cdc_if.o
 .text.CDC_DeInit_FS
                0x0800befc       0x10 ./USB_DEVICE/App/usbd_cdc_if.o
 .text.CDC_Control_FS
                0x0800bf0c       0xbc ./USB_DEVICE/App/usbd_cdc_if.o
 .text.CDC_Receive_FS
                0x0800bfc8       0x44 ./USB_DEVICE/App/usbd_cdc_if.o
 .text.CDC_Transmit_FS
                0x0800c00c       0x4c ./USB_DEVICE/App/usbd_cdc_if.o
                0x0800c00c                CDC_Transmit_FS
 .text.CDC_TransmitCplt_FS
                0x0800c058       0x22 ./USB_DEVICE/App/usbd_cdc_if.o
 *fill*         0x0800c07a        0x2 
 .text.USBD_FS_DeviceDescriptor
                0x0800c07c       0x24 ./USB_DEVICE/App/usbd_desc.o
                0x0800c07c                USBD_FS_DeviceDescriptor
 .text.USBD_FS_LangIDStrDescriptor
                0x0800c0a0       0x24 ./USB_DEVICE/App/usbd_desc.o
                0x0800c0a0                USBD_FS_LangIDStrDescriptor
 .text.USBD_FS_ProductStrDescriptor
                0x0800c0c4       0x3c ./USB_DEVICE/App/usbd_desc.o
                0x0800c0c4                USBD_FS_ProductStrDescriptor
 .text.USBD_FS_ManufacturerStrDescriptor
                0x0800c100       0x28 ./USB_DEVICE/App/usbd_desc.o
                0x0800c100                USBD_FS_ManufacturerStrDescriptor
 .text.USBD_FS_SerialStrDescriptor
                0x0800c128       0x24 ./USB_DEVICE/App/usbd_desc.o
                0x0800c128                USBD_FS_SerialStrDescriptor
 .text.USBD_FS_ConfigStrDescriptor
                0x0800c14c       0x3c ./USB_DEVICE/App/usbd_desc.o
                0x0800c14c                USBD_FS_ConfigStrDescriptor
 .text.USBD_FS_InterfaceStrDescriptor
                0x0800c188       0x3c ./USB_DEVICE/App/usbd_desc.o
                0x0800c188                USBD_FS_InterfaceStrDescriptor
 .text.Get_SerialNum
                0x0800c1c4       0x58 ./USB_DEVICE/App/usbd_desc.o
 .text.IntToUnicode
                0x0800c21c       0x7e ./USB_DEVICE/App/usbd_desc.o
 *fill*         0x0800c29a        0x2 
 .text.HAL_PCD_MspInit
                0x0800c29c       0xa8 ./USB_DEVICE/Target/usbd_conf.o
                0x0800c29c                HAL_PCD_MspInit
 .text.HAL_PCD_SetupStageCallback
                0x0800c344       0x24 ./USB_DEVICE/Target/usbd_conf.o
                0x0800c344                HAL_PCD_SetupStageCallback
 .text.HAL_PCD_DataOutStageCallback
                0x0800c368       0x36 ./USB_DEVICE/Target/usbd_conf.o
                0x0800c368                HAL_PCD_DataOutStageCallback
 .text.HAL_PCD_DataInStageCallback
                0x0800c39e       0x34 ./USB_DEVICE/Target/usbd_conf.o
                0x0800c39e                HAL_PCD_DataInStageCallback
 .text.HAL_PCD_SOFCallback
                0x0800c3d2       0x1c ./USB_DEVICE/Target/usbd_conf.o
                0x0800c3d2                HAL_PCD_SOFCallback
 .text.HAL_PCD_ResetCallback
                0x0800c3ee       0x50 ./USB_DEVICE/Target/usbd_conf.o
                0x0800c3ee                HAL_PCD_ResetCallback
 *fill*         0x0800c43e        0x2 
 .text.HAL_PCD_SuspendCallback
                0x0800c440       0x4c ./USB_DEVICE/Target/usbd_conf.o
                0x0800c440                HAL_PCD_SuspendCallback
 .text.HAL_PCD_ResumeCallback
                0x0800c48c       0x1c ./USB_DEVICE/Target/usbd_conf.o
                0x0800c48c                HAL_PCD_ResumeCallback
 .text.HAL_PCD_ISOOUTIncompleteCallback
                0x0800c4a8       0x24 ./USB_DEVICE/Target/usbd_conf.o
                0x0800c4a8                HAL_PCD_ISOOUTIncompleteCallback
 .text.HAL_PCD_ISOINIncompleteCallback
                0x0800c4cc       0x24 ./USB_DEVICE/Target/usbd_conf.o
                0x0800c4cc                HAL_PCD_ISOINIncompleteCallback
 .text.HAL_PCD_ConnectCallback
                0x0800c4f0       0x1c ./USB_DEVICE/Target/usbd_conf.o
                0x0800c4f0                HAL_PCD_ConnectCallback
 .text.HAL_PCD_DisconnectCallback
                0x0800c50c       0x1c ./USB_DEVICE/Target/usbd_conf.o
                0x0800c50c                HAL_PCD_DisconnectCallback
 .text.USBD_LL_Init
                0x0800c528       0x98 ./USB_DEVICE/Target/usbd_conf.o
                0x0800c528                USBD_LL_Init
 .text.USBD_LL_Start
                0x0800c5c0       0x36 ./USB_DEVICE/Target/usbd_conf.o
                0x0800c5c0                USBD_LL_Start
 .text.USBD_LL_OpenEP
                0x0800c5f6       0x4c ./USB_DEVICE/Target/usbd_conf.o
                0x0800c5f6                USBD_LL_OpenEP
 .text.USBD_LL_CloseEP
                0x0800c642       0x3e ./USB_DEVICE/Target/usbd_conf.o
                0x0800c642                USBD_LL_CloseEP
 .text.USBD_LL_StallEP
                0x0800c680       0x3e ./USB_DEVICE/Target/usbd_conf.o
                0x0800c680                USBD_LL_StallEP
 .text.USBD_LL_ClearStallEP
                0x0800c6be       0x3e ./USB_DEVICE/Target/usbd_conf.o
                0x0800c6be                USBD_LL_ClearStallEP
 .text.USBD_LL_IsStallEP
                0x0800c6fc       0x58 ./USB_DEVICE/Target/usbd_conf.o
                0x0800c6fc                USBD_LL_IsStallEP
 .text.USBD_LL_SetUSBAddress
                0x0800c754       0x3e ./USB_DEVICE/Target/usbd_conf.o
                0x0800c754                USBD_LL_SetUSBAddress
 .text.USBD_LL_Transmit
                0x0800c792       0x42 ./USB_DEVICE/Target/usbd_conf.o
                0x0800c792                USBD_LL_Transmit
 .text.USBD_LL_PrepareReceive
                0x0800c7d4       0x42 ./USB_DEVICE/Target/usbd_conf.o
                0x0800c7d4                USBD_LL_PrepareReceive
 .text.USBD_LL_GetRxDataSize
                0x0800c816       0x26 ./USB_DEVICE/Target/usbd_conf.o
                0x0800c816                USBD_LL_GetRxDataSize
 .text.USBD_static_malloc
                0x0800c83c       0x1c ./USB_DEVICE/Target/usbd_conf.o
                0x0800c83c                USBD_static_malloc
 .text.USBD_static_free
                0x0800c858       0x14 ./USB_DEVICE/Target/usbd_conf.o
                0x0800c858                USBD_static_free
 .text.USBD_Get_USB_Status
                0x0800c86c       0x58 ./USB_DEVICE/Target/usbd_conf.o
                0x0800c86c                USBD_Get_USB_Status
 .text.__assert_func
                0x0800c8c4       0x3c C:/ST/STM32CubeIDE_1.17.0/STM32CubeIDE/plugins/com.st.stm32cube.ide.mcu.externaltools.gnu-tools-for-stm32.13.3.rel1.win32_1.0.0.202411081344/tools/bin/../lib/gcc/arm-none-eabi/13.3.1/../../../../arm-none-eabi/lib/thumb/v7e-m+fp/hard\libc_nano.a(libc_a-assert.o)
                0x0800c8c4                __assert_func
 .text.malloc   0x0800c900       0x10 C:/ST/STM32CubeIDE_1.17.0/STM32CubeIDE/plugins/com.st.stm32cube.ide.mcu.externaltools.gnu-tools-for-stm32.13.3.rel1.win32_1.0.0.202411081344/tools/bin/../lib/gcc/arm-none-eabi/13.3.1/../../../../arm-none-eabi/lib/thumb/v7e-m+fp/hard\libc_nano.a(libc_a-malloc.o)
                0x0800c900                malloc
 .text.free     0x0800c910       0x10 C:/ST/STM32CubeIDE_1.17.0/STM32CubeIDE/plugins/com.st.stm32cube.ide.mcu.externaltools.gnu-tools-for-stm32.13.3.rel1.win32_1.0.0.202411081344/tools/bin/../lib/gcc/arm-none-eabi/13.3.1/../../../../arm-none-eabi/lib/thumb/v7e-m+fp/hard\libc_nano.a(libc_a-malloc.o)
                0x0800c910                free
 .text.sbrk_aligned
                0x0800c920       0x44 C:/ST/STM32CubeIDE_1.17.0/STM32CubeIDE/plugins/com.st.stm32cube.ide.mcu.externaltools.gnu-tools-for-stm32.13.3.rel1.win32_1.0.0.202411081344/tools/bin/../lib/gcc/arm-none-eabi/13.3.1/../../../../arm-none-eabi/lib/thumb/v7e-m+fp/hard\libc_nano.a(libc_a-mallocr.o)
 .text._malloc_r
                0x0800c964      0x100 C:/ST/STM32CubeIDE_1.17.0/STM32CubeIDE/plugins/com.st.stm32cube.ide.mcu.externaltools.gnu-tools-for-stm32.13.3.rel1.win32_1.0.0.202411081344/tools/bin/../lib/gcc/arm-none-eabi/13.3.1/../../../../arm-none-eabi/lib/thumb/v7e-m+fp/hard\libc_nano.a(libc_a-mallocr.o)
                0x0800c964                _malloc_r
 .text.__malloc_lock
                0x0800ca64        0xc C:/ST/STM32CubeIDE_1.17.0/STM32CubeIDE/plugins/com.st.stm32cube.ide.mcu.externaltools.gnu-tools-for-stm32.13.3.rel1.win32_1.0.0.202411081344/tools/bin/../lib/gcc/arm-none-eabi/13.3.1/../../../../arm-none-eabi/lib/thumb/v7e-m+fp/hard\libc_nano.a(libc_a-mlock.o)
                0x0800ca64                __malloc_lock
 .text.__malloc_unlock
                0x0800ca70        0xc C:/ST/STM32CubeIDE_1.17.0/STM32CubeIDE/plugins/com.st.stm32cube.ide.mcu.externaltools.gnu-tools-for-stm32.13.3.rel1.win32_1.0.0.202411081344/tools/bin/../lib/gcc/arm-none-eabi/13.3.1/../../../../arm-none-eabi/lib/thumb/v7e-m+fp/hard\libc_nano.a(libc_a-mlock.o)
                0x0800ca70                __malloc_unlock
 .text.__cvt    0x0800ca7c       0xca C:/ST/STM32CubeIDE_1.17.0/STM32CubeIDE/plugins/com.st.stm32cube.ide.mcu.externaltools.gnu-tools-for-stm32.13.3.rel1.win32_1.0.0.202411081344/tools/bin/../lib/gcc/arm-none-eabi/13.3.1/../../../../arm-none-eabi/lib/thumb/v7e-m+fp/hard\libc_nano.a(libc_a-nano-vfprintf_float.o)
                0x0800ca7c                __cvt
 .text.__exponent
                0x0800cb46       0x74 C:/ST/STM32CubeIDE_1.17.0/STM32CubeIDE/plugins/com.st.stm32cube.ide.mcu.externaltools.gnu-tools-for-stm32.13.3.rel1.win32_1.0.0.202411081344/tools/bin/../lib/gcc/arm-none-eabi/13.3.1/../../../../arm-none-eabi/lib/thumb/v7e-m+fp/hard\libc_nano.a(libc_a-nano-vfprintf_float.o)
                0x0800cb46                __exponent
 *fill*         0x0800cbba        0x2 
 .text._printf_float
                0x0800cbbc      0x454 C:/ST/STM32CubeIDE_1.17.0/STM32CubeIDE/plugins/com.st.stm32cube.ide.mcu.externaltools.gnu-tools-for-stm32.13.3.rel1.win32_1.0.0.202411081344/tools/bin/../lib/gcc/arm-none-eabi/13.3.1/../../../../arm-none-eabi/lib/thumb/v7e-m+fp/hard\libc_nano.a(libc_a-nano-vfprintf_float.o)
                0x0800cbbc                _printf_float
 .text._printf_common
                0x0800d010       0xda C:/ST/STM32CubeIDE_1.17.0/STM32CubeIDE/plugins/com.st.stm32cube.ide.mcu.externaltools.gnu-tools-for-stm32.13.3.rel1.win32_1.0.0.202411081344/tools/bin/../lib/gcc/arm-none-eabi/13.3.1/../../../../arm-none-eabi/lib/thumb/v7e-m+fp/hard\libc_nano.a(libc_a-nano-vfprintf_i.o)
                0x0800d010                _printf_common
 *fill*         0x0800d0ea        0x2 
 .text._printf_i
                0x0800d0ec      0x23c C:/ST/STM32CubeIDE_1.17.0/STM32CubeIDE/plugins/com.st.stm32cube.ide.mcu.externaltools.gnu-tools-for-stm32.13.3.rel1.win32_1.0.0.202411081344/tools/bin/../lib/gcc/arm-none-eabi/13.3.1/../../../../arm-none-eabi/lib/thumb/v7e-m+fp/hard\libc_nano.a(libc_a-nano-vfprintf_i.o)
                0x0800d0ec                _printf_i
 .text.std      0x0800d328       0x6c C:/ST/STM32CubeIDE_1.17.0/STM32CubeIDE/plugins/com.st.stm32cube.ide.mcu.externaltools.gnu-tools-for-stm32.13.3.rel1.win32_1.0.0.202411081344/tools/bin/../lib/gcc/arm-none-eabi/13.3.1/../../../../arm-none-eabi/lib/thumb/v7e-m+fp/hard\libc_nano.a(libc_a-findfp.o)
 .text.stdio_exit_handler
                0x0800d394       0x18 C:/ST/STM32CubeIDE_1.17.0/STM32CubeIDE/plugins/com.st.stm32cube.ide.mcu.externaltools.gnu-tools-for-stm32.13.3.rel1.win32_1.0.0.202411081344/tools/bin/../lib/gcc/arm-none-eabi/13.3.1/../../../../arm-none-eabi/lib/thumb/v7e-m+fp/hard\libc_nano.a(libc_a-findfp.o)
 .text.cleanup_stdio
                0x0800d3ac       0x40 C:/ST/STM32CubeIDE_1.17.0/STM32CubeIDE/plugins/com.st.stm32cube.ide.mcu.externaltools.gnu-tools-for-stm32.13.3.rel1.win32_1.0.0.202411081344/tools/bin/../lib/gcc/arm-none-eabi/13.3.1/../../../../arm-none-eabi/lib/thumb/v7e-m+fp/hard\libc_nano.a(libc_a-findfp.o)
 .text.global_stdio_init.part.0
                0x0800d3ec       0x3c C:/ST/STM32CubeIDE_1.17.0/STM32CubeIDE/plugins/com.st.stm32cube.ide.mcu.externaltools.gnu-tools-for-stm32.13.3.rel1.win32_1.0.0.202411081344/tools/bin/../lib/gcc/arm-none-eabi/13.3.1/../../../../arm-none-eabi/lib/thumb/v7e-m+fp/hard\libc_nano.a(libc_a-findfp.o)
 .text.__sfp_lock_acquire
                0x0800d428        0xc C:/ST/STM32CubeIDE_1.17.0/STM32CubeIDE/plugins/com.st.stm32cube.ide.mcu.externaltools.gnu-tools-for-stm32.13.3.rel1.win32_1.0.0.202411081344/tools/bin/../lib/gcc/arm-none-eabi/13.3.1/../../../../arm-none-eabi/lib/thumb/v7e-m+fp/hard\libc_nano.a(libc_a-findfp.o)
                0x0800d428                __sfp_lock_acquire
 .text.__sfp_lock_release
                0x0800d434        0xc C:/ST/STM32CubeIDE_1.17.0/STM32CubeIDE/plugins/com.st.stm32cube.ide.mcu.externaltools.gnu-tools-for-stm32.13.3.rel1.win32_1.0.0.202411081344/tools/bin/../lib/gcc/arm-none-eabi/13.3.1/../../../../arm-none-eabi/lib/thumb/v7e-m+fp/hard\libc_nano.a(libc_a-findfp.o)
                0x0800d434                __sfp_lock_release
 .text.__sinit  0x0800d440       0x30 C:/ST/STM32CubeIDE_1.17.0/STM32CubeIDE/plugins/com.st.stm32cube.ide.mcu.externaltools.gnu-tools-for-stm32.13.3.rel1.win32_1.0.0.202411081344/tools/bin/../lib/gcc/arm-none-eabi/13.3.1/../../../../arm-none-eabi/lib/thumb/v7e-m+fp/hard\libc_nano.a(libc_a-findfp.o)
                0x0800d440                __sinit
 .text.fprintf  0x0800d470       0x24 C:/ST/STM32CubeIDE_1.17.0/STM32CubeIDE/plugins/com.st.stm32cube.ide.mcu.externaltools.gnu-tools-for-stm32.13.3.rel1.win32_1.0.0.202411081344/tools/bin/../lib/gcc/arm-none-eabi/13.3.1/../../../../arm-none-eabi/lib/thumb/v7e-m+fp/hard\libc_nano.a(libc_a-fprintf.o)
                0x0800d470                fiprintf
                0x0800d470                fprintf
 .text._fwalk_sglue
                0x0800d494       0x3c C:/ST/STM32CubeIDE_1.17.0/STM32CubeIDE/plugins/com.st.stm32cube.ide.mcu.externaltools.gnu-tools-for-stm32.13.3.rel1.win32_1.0.0.202411081344/tools/bin/../lib/gcc/arm-none-eabi/13.3.1/../../../../arm-none-eabi/lib/thumb/v7e-m+fp/hard\libc_nano.a(libc_a-fwalk.o)
                0x0800d494                _fwalk_sglue
 .text.__sread  0x0800d4d0       0x22 C:/ST/STM32CubeIDE_1.17.0/STM32CubeIDE/plugins/com.st.stm32cube.ide.mcu.externaltools.gnu-tools-for-stm32.13.3.rel1.win32_1.0.0.202411081344/tools/bin/../lib/gcc/arm-none-eabi/13.3.1/../../../../arm-none-eabi/lib/thumb/v7e-m+fp/hard\libc_nano.a(libc_a-stdio.o)
                0x0800d4d0                __sread
 .text.__swrite
                0x0800d4f2       0x38 C:/ST/STM32CubeIDE_1.17.0/STM32CubeIDE/plugins/com.st.stm32cube.ide.mcu.externaltools.gnu-tools-for-stm32.13.3.rel1.win32_1.0.0.202411081344/tools/bin/../lib/gcc/arm-none-eabi/13.3.1/../../../../arm-none-eabi/lib/thumb/v7e-m+fp/hard\libc_nano.a(libc_a-stdio.o)
                0x0800d4f2                __swrite
 .text.__sseek  0x0800d52a       0x24 C:/ST/STM32CubeIDE_1.17.0/STM32CubeIDE/plugins/com.st.stm32cube.ide.mcu.externaltools.gnu-tools-for-stm32.13.3.rel1.win32_1.0.0.202411081344/tools/bin/../lib/gcc/arm-none-eabi/13.3.1/../../../../arm-none-eabi/lib/thumb/v7e-m+fp/hard\libc_nano.a(libc_a-stdio.o)
                0x0800d52a                __sseek
 .text.__sclose
                0x0800d54e        0x8 C:/ST/STM32CubeIDE_1.17.0/STM32CubeIDE/plugins/com.st.stm32cube.ide.mcu.externaltools.gnu-tools-for-stm32.13.3.rel1.win32_1.0.0.202411081344/tools/bin/../lib/gcc/arm-none-eabi/13.3.1/../../../../arm-none-eabi/lib/thumb/v7e-m+fp/hard\libc_nano.a(libc_a-stdio.o)
                0x0800d54e                __sclose
 .text.memset   0x0800d556       0x10 C:/ST/STM32CubeIDE_1.17.0/STM32CubeIDE/plugins/com.st.stm32cube.ide.mcu.externaltools.gnu-tools-for-stm32.13.3.rel1.win32_1.0.0.202411081344/tools/bin/../lib/gcc/arm-none-eabi/13.3.1/../../../../arm-none-eabi/lib/thumb/v7e-m+fp/hard\libc_nano.a(libc_a-memset.o)
                0x0800d556                memset
 *fill*         0x0800d566        0x2 
 .text._localeconv_r
                0x0800d568        0x8 C:/ST/STM32CubeIDE_1.17.0/STM32CubeIDE/plugins/com.st.stm32cube.ide.mcu.externaltools.gnu-tools-for-stm32.13.3.rel1.win32_1.0.0.202411081344/tools/bin/../lib/gcc/arm-none-eabi/13.3.1/../../../../arm-none-eabi/lib/thumb/v7e-m+fp/hard\libc_nano.a(libc_a-localeconv.o)
                0x0800d568                _localeconv_r
 .text._close_r
                0x0800d570       0x20 C:/ST/STM32CubeIDE_1.17.0/STM32CubeIDE/plugins/com.st.stm32cube.ide.mcu.externaltools.gnu-tools-for-stm32.13.3.rel1.win32_1.0.0.202411081344/tools/bin/../lib/gcc/arm-none-eabi/13.3.1/../../../../arm-none-eabi/lib/thumb/v7e-m+fp/hard\libc_nano.a(libc_a-closer.o)
                0x0800d570                _close_r
 .text._lseek_r
                0x0800d590       0x24 C:/ST/STM32CubeIDE_1.17.0/STM32CubeIDE/plugins/com.st.stm32cube.ide.mcu.externaltools.gnu-tools-for-stm32.13.3.rel1.win32_1.0.0.202411081344/tools/bin/../lib/gcc/arm-none-eabi/13.3.1/../../../../arm-none-eabi/lib/thumb/v7e-m+fp/hard\libc_nano.a(libc_a-lseekr.o)
                0x0800d590                _lseek_r
 .text._read_r  0x0800d5b4       0x24 C:/ST/STM32CubeIDE_1.17.0/STM32CubeIDE/plugins/com.st.stm32cube.ide.mcu.externaltools.gnu-tools-for-stm32.13.3.rel1.win32_1.0.0.202411081344/tools/bin/../lib/gcc/arm-none-eabi/13.3.1/../../../../arm-none-eabi/lib/thumb/v7e-m+fp/hard\libc_nano.a(libc_a-readr.o)
                0x0800d5b4                _read_r
 .text._sbrk_r  0x0800d5d8       0x20 C:/ST/STM32CubeIDE_1.17.0/STM32CubeIDE/plugins/com.st.stm32cube.ide.mcu.externaltools.gnu-tools-for-stm32.13.3.rel1.win32_1.0.0.202411081344/tools/bin/../lib/gcc/arm-none-eabi/13.3.1/../../../../arm-none-eabi/lib/thumb/v7e-m+fp/hard\libc_nano.a(libc_a-sbrkr.o)
                0x0800d5d8                _sbrk_r
 .text._write_r
                0x0800d5f8       0x24 C:/ST/STM32CubeIDE_1.17.0/STM32CubeIDE/plugins/com.st.stm32cube.ide.mcu.externaltools.gnu-tools-for-stm32.13.3.rel1.win32_1.0.0.202411081344/tools/bin/../lib/gcc/arm-none-eabi/13.3.1/../../../../arm-none-eabi/lib/thumb/v7e-m+fp/hard\libc_nano.a(libc_a-writer.o)
                0x0800d5f8                _write_r
 .text.__errno  0x0800d61c        0xc C:/ST/STM32CubeIDE_1.17.0/STM32CubeIDE/plugins/com.st.stm32cube.ide.mcu.externaltools.gnu-tools-for-stm32.13.3.rel1.win32_1.0.0.202411081344/tools/bin/../lib/gcc/arm-none-eabi/13.3.1/../../../../arm-none-eabi/lib/thumb/v7e-m+fp/hard\libc_nano.a(libc_a-errno.o)
                0x0800d61c                __errno
 .text.__libc_init_array
                0x0800d628       0x48 C:/ST/STM32CubeIDE_1.17.0/STM32CubeIDE/plugins/com.st.stm32cube.ide.mcu.externaltools.gnu-tools-for-stm32.13.3.rel1.win32_1.0.0.202411081344/tools/bin/../lib/gcc/arm-none-eabi/13.3.1/../../../../arm-none-eabi/lib/thumb/v7e-m+fp/hard\libc_nano.a(libc_a-init.o)
                0x0800d628                __libc_init_array
 .text.__retarget_lock_init_recursive
                0x0800d670        0x2 C:/ST/STM32CubeIDE_1.17.0/STM32CubeIDE/plugins/com.st.stm32cube.ide.mcu.externaltools.gnu-tools-for-stm32.13.3.rel1.win32_1.0.0.202411081344/tools/bin/../lib/gcc/arm-none-eabi/13.3.1/../../../../arm-none-eabi/lib/thumb/v7e-m+fp/hard\libc_nano.a(libc_a-lock.o)
                0x0800d670                __retarget_lock_init_recursive
 .text.__retarget_lock_acquire_recursive
                0x0800d672        0x2 C:/ST/STM32CubeIDE_1.17.0/STM32CubeIDE/plugins/com.st.stm32cube.ide.mcu.externaltools.gnu-tools-for-stm32.13.3.rel1.win32_1.0.0.202411081344/tools/bin/../lib/gcc/arm-none-eabi/13.3.1/../../../../arm-none-eabi/lib/thumb/v7e-m+fp/hard\libc_nano.a(libc_a-lock.o)
                0x0800d672                __retarget_lock_acquire_recursive
 .text.__retarget_lock_release_recursive
                0x0800d674        0x2 C:/ST/STM32CubeIDE_1.17.0/STM32CubeIDE/plugins/com.st.stm32cube.ide.mcu.externaltools.gnu-tools-for-stm32.13.3.rel1.win32_1.0.0.202411081344/tools/bin/../lib/gcc/arm-none-eabi/13.3.1/../../../../arm-none-eabi/lib/thumb/v7e-m+fp/hard\libc_nano.a(libc_a-lock.o)
                0x0800d674                __retarget_lock_release_recursive
 .text.memcpy   0x0800d676       0x1c C:/ST/STM32CubeIDE_1.17.0/STM32CubeIDE/plugins/com.st.stm32cube.ide.mcu.externaltools.gnu-tools-for-stm32.13.3.rel1.win32_1.0.0.202411081344/tools/bin/../lib/gcc/arm-none-eabi/13.3.1/../../../../arm-none-eabi/lib/thumb/v7e-m+fp/hard\libc_nano.a(libc_a-memcpy-stub.o)
                0x0800d676                memcpy
 .text.abort    0x0800d692        0xe C:/ST/STM32CubeIDE_1.17.0/STM32CubeIDE/plugins/com.st.stm32cube.ide.mcu.externaltools.gnu-tools-for-stm32.13.3.rel1.win32_1.0.0.202411081344/tools/bin/../lib/gcc/arm-none-eabi/13.3.1/../../../../arm-none-eabi/lib/thumb/v7e-m+fp/hard\libc_nano.a(libc_a-abort.o)
                0x0800d692                abort
 .text.quorem   0x0800d6a0      0x110 C:/ST/STM32CubeIDE_1.17.0/STM32CubeIDE/plugins/com.st.stm32cube.ide.mcu.externaltools.gnu-tools-for-stm32.13.3.rel1.win32_1.0.0.202411081344/tools/bin/../lib/gcc/arm-none-eabi/13.3.1/../../../../arm-none-eabi/lib/thumb/v7e-m+fp/hard\libc_nano.a(libc_a-dtoa.o)
 .text._dtoa_r  0x0800d7b0      0xba0 C:/ST/STM32CubeIDE_1.17.0/STM32CubeIDE/plugins/com.st.stm32cube.ide.mcu.externaltools.gnu-tools-for-stm32.13.3.rel1.win32_1.0.0.202411081344/tools/bin/../lib/gcc/arm-none-eabi/13.3.1/../../../../arm-none-eabi/lib/thumb/v7e-m+fp/hard\libc_nano.a(libc_a-dtoa.o)
                0x0800d7b0                _dtoa_r
 .text._free_r  0x0800e350       0x94 C:/ST/STM32CubeIDE_1.17.0/STM32CubeIDE/plugins/com.st.stm32cube.ide.mcu.externaltools.gnu-tools-for-stm32.13.3.rel1.win32_1.0.0.202411081344/tools/bin/../lib/gcc/arm-none-eabi/13.3.1/../../../../arm-none-eabi/lib/thumb/v7e-m+fp/hard\libc_nano.a(libc_a-freer.o)
                0x0800e350                _free_r
 .text._Balloc  0x0800e3e4       0x80 C:/ST/STM32CubeIDE_1.17.0/STM32CubeIDE/plugins/com.st.stm32cube.ide.mcu.externaltools.gnu-tools-for-stm32.13.3.rel1.win32_1.0.0.202411081344/tools/bin/../lib/gcc/arm-none-eabi/13.3.1/../../../../arm-none-eabi/lib/thumb/v7e-m+fp/hard\libc_nano.a(libc_a-mprec.o)
                0x0800e3e4                _Balloc
 .text._Bfree   0x0800e464       0x44 C:/ST/STM32CubeIDE_1.17.0/STM32CubeIDE/plugins/com.st.stm32cube.ide.mcu.externaltools.gnu-tools-for-stm32.13.3.rel1.win32_1.0.0.202411081344/tools/bin/../lib/gcc/arm-none-eabi/13.3.1/../../../../arm-none-eabi/lib/thumb/v7e-m+fp/hard\libc_nano.a(libc_a-mprec.o)
                0x0800e464                _Bfree
 .text.__multadd
                0x0800e4a8       0x8c C:/ST/STM32CubeIDE_1.17.0/STM32CubeIDE/plugins/com.st.stm32cube.ide.mcu.externaltools.gnu-tools-for-stm32.13.3.rel1.win32_1.0.0.202411081344/tools/bin/../lib/gcc/arm-none-eabi/13.3.1/../../../../arm-none-eabi/lib/thumb/v7e-m+fp/hard\libc_nano.a(libc_a-mprec.o)
                0x0800e4a8                __multadd
 .text.__hi0bits
                0x0800e534       0x3e C:/ST/STM32CubeIDE_1.17.0/STM32CubeIDE/plugins/com.st.stm32cube.ide.mcu.externaltools.gnu-tools-for-stm32.13.3.rel1.win32_1.0.0.202411081344/tools/bin/../lib/gcc/arm-none-eabi/13.3.1/../../../../arm-none-eabi/lib/thumb/v7e-m+fp/hard\libc_nano.a(libc_a-mprec.o)
                0x0800e534                __hi0bits
 .text.__lo0bits
                0x0800e572       0x5a C:/ST/STM32CubeIDE_1.17.0/STM32CubeIDE/plugins/com.st.stm32cube.ide.mcu.externaltools.gnu-tools-for-stm32.13.3.rel1.win32_1.0.0.202411081344/tools/bin/../lib/gcc/arm-none-eabi/13.3.1/../../../../arm-none-eabi/lib/thumb/v7e-m+fp/hard\libc_nano.a(libc_a-mprec.o)
                0x0800e572                __lo0bits
 .text.__i2b    0x0800e5cc       0x2c C:/ST/STM32CubeIDE_1.17.0/STM32CubeIDE/plugins/com.st.stm32cube.ide.mcu.externaltools.gnu-tools-for-stm32.13.3.rel1.win32_1.0.0.202411081344/tools/bin/../lib/gcc/arm-none-eabi/13.3.1/../../../../arm-none-eabi/lib/thumb/v7e-m+fp/hard\libc_nano.a(libc_a-mprec.o)
                0x0800e5cc                __i2b
 .text.__multiply
                0x0800e5f8      0x144 C:/ST/STM32CubeIDE_1.17.0/STM32CubeIDE/plugins/com.st.stm32cube.ide.mcu.externaltools.gnu-tools-for-stm32.13.3.rel1.win32_1.0.0.202411081344/tools/bin/../lib/gcc/arm-none-eabi/13.3.1/../../../../arm-none-eabi/lib/thumb/v7e-m+fp/hard\libc_nano.a(libc_a-mprec.o)
                0x0800e5f8                __multiply
 .text.__pow5mult
                0x0800e73c       0xb4 C:/ST/STM32CubeIDE_1.17.0/STM32CubeIDE/plugins/com.st.stm32cube.ide.mcu.externaltools.gnu-tools-for-stm32.13.3.rel1.win32_1.0.0.202411081344/tools/bin/../lib/gcc/arm-none-eabi/13.3.1/../../../../arm-none-eabi/lib/thumb/v7e-m+fp/hard\libc_nano.a(libc_a-mprec.o)
                0x0800e73c                __pow5mult
 .text.__lshift
                0x0800e7f0       0xd8 C:/ST/STM32CubeIDE_1.17.0/STM32CubeIDE/plugins/com.st.stm32cube.ide.mcu.externaltools.gnu-tools-for-stm32.13.3.rel1.win32_1.0.0.202411081344/tools/bin/../lib/gcc/arm-none-eabi/13.3.1/../../../../arm-none-eabi/lib/thumb/v7e-m+fp/hard\libc_nano.a(libc_a-mprec.o)
                0x0800e7f0                __lshift
 .text.__mcmp   0x0800e8c8       0x36 C:/ST/STM32CubeIDE_1.17.0/STM32CubeIDE/plugins/com.st.stm32cube.ide.mcu.externaltools.gnu-tools-for-stm32.13.3.rel1.win32_1.0.0.202411081344/tools/bin/../lib/gcc/arm-none-eabi/13.3.1/../../../../arm-none-eabi/lib/thumb/v7e-m+fp/hard\libc_nano.a(libc_a-mprec.o)
                0x0800e8c8                __mcmp
 *fill*         0x0800e8fe        0x2 
 .text.__mdiff  0x0800e900      0x128 C:/ST/STM32CubeIDE_1.17.0/STM32CubeIDE/plugins/com.st.stm32cube.ide.mcu.externaltools.gnu-tools-for-stm32.13.3.rel1.win32_1.0.0.202411081344/tools/bin/../lib/gcc/arm-none-eabi/13.3.1/../../../../arm-none-eabi/lib/thumb/v7e-m+fp/hard\libc_nano.a(libc_a-mprec.o)
                0x0800e900                __mdiff