../Drivers/STM32F4xx_HAL_Driver/Inc/stm32f4xx_ll_tim.h:3185:22:LL_TIM_ClearFlag_UPDATE	16	static
../Drivers/STM32F4xx_HAL_Driver/Inc/stm32f4xx_ll_tim.h:3196:26:LL_TIM_IsActiveFlag_UPDATE	16	static
../Drivers/STM32F4xx_HAL_Driver/Inc/stm32f4xx_ll_usart.h:1792:26:LL_USART_IsActiveFlag_RXNE	16	static
../Drivers/STM32F4xx_HAL_Driver/Inc/stm32f4xx_ll_usart.h:1979:22:LL_USART_ClearFlag_RXNE	16	static
../Drivers/STM32F4xx_HAL_Driver/Inc/stm32f4xx_ll_usart.h:2403:25:LL_USART_ReceiveData8	16	static
../Drivers/STM32F4xx_HAL_Driver/Inc/stm32f4xx_ll_exti.h:834:26:LL_EXTI_IsActiveFlag_0_31	16	static
../Drivers/STM32F4xx_HAL_Driver/Inc/stm32f4xx_ll_exti.h:910:22:LL_EXTI_ClearFlag_0_31	16	static
../Core/Src/stm32f4xx_it.c:88:6:NMI_Handler	4	static
../Core/Src/stm32f4xx_it.c:103:6:HardFault_Handler	4	static
../Core/Src/stm32f4xx_it.c:118:6:MemManage_Handler	4	static
../Core/Src/stm32f4xx_it.c:133:6:BusFault_Handler	4	static
../Core/Src/stm32f4xx_it.c:148:6:UsageFault_Handler	4	static
../Core/Src/stm32f4xx_it.c:163:6:SVC_Handler	4	static
../Core/Src/stm32f4xx_it.c:176:6:DebugMon_Handler	4	static
../Core/Src/stm32f4xx_it.c:189:6:PendSV_Handler	4	static
../Core/Src/stm32f4xx_it.c:202:6:SysTick_Handler	8	static
../Core/Src/stm32f4xx_it.c:223:6:TIM1_CC_IRQHandler	4	static
../Core/Src/stm32f4xx_it.c:236:6:USART1_IRQHandler	16	static
../Core/Src/stm32f4xx_it.c:260:6:USART2_IRQHandler	8	static
../Core/Src/stm32f4xx_it.c:280:6:EXTI15_10_IRQHandler	8	static
../Core/Src/stm32f4xx_it.c:302:6:TIM8_UP_TIM13_IRQHandler	8	static
../Core/Src/stm32f4xx_it.c:320:6:TIM8_TRG_COM_TIM14_IRQHandler	16	static
../Core/Src/stm32f4xx_it.c:338:6:UART5_IRQHandler	4	static
../Core/Src/stm32f4xx_it.c:351:6:OTG_FS_IRQHandler	8	static
