../Drivers/STM32F4xx_HAL_Driver/Inc/stm32f4xx_ll_tim.h:1369:22:LL_TIM_SetCounter	16	static
../Drivers/STM32F4xx_HAL_Driver/Inc/stm32f4xx_ll_tim.h:3185:22:LL_TIM_ClearFlag_UPDATE	16	static
../Drivers/STM32F4xx_HAL_Driver/Inc/stm32f4xx_ll_tim.h:3196:26:LL_TIM_IsActiveFlag_UPDATE	16	static
../Drivers/STM32F4xx_HAL_Driver/Inc/stm32f4xx_ll_usart.h:1792:26:LL_USART_IsActiveFlag_RXNE	16	static
../Drivers/STM32F4xx_HAL_Driver/Inc/stm32f4xx_ll_usart.h:1979:22:LL_USART_ClearFlag_RXNE	16	static
../Drivers/STM32F4xx_HAL_Driver/Inc/stm32f4xx_ll_usart.h:2403:25:LL_USART_ReceiveData8	16	static
../Core/Src/stm32f4xx_it.c:81:6:NMI_Handler	4	static
../Core/Src/stm32f4xx_it.c:96:6:HardFault_Handler	4	static
../Core/Src/stm32f4xx_it.c:111:6:MemManage_Handler	4	static
../Core/Src/stm32f4xx_it.c:126:6:BusFault_Handler	4	static
../Core/Src/stm32f4xx_it.c:141:6:UsageFault_Handler	4	static
../Core/Src/stm32f4xx_it.c:156:6:SVC_Handler	4	static
../Core/Src/stm32f4xx_it.c:169:6:DebugMon_Handler	4	static
../Core/Src/stm32f4xx_it.c:182:6:PendSV_Handler	4	static
../Core/Src/stm32f4xx_it.c:195:6:SysTick_Handler	8	static
../Core/Src/stm32f4xx_it.c:216:6:USART1_IRQHandler	16	static
../Core/Src/stm32f4xx_it.c:240:6:USART2_IRQHandler	8	static
../Core/Src/stm32f4xx_it.c:260:6:TIM8_TRG_COM_TIM14_IRQHandler	8	static
../Core/Src/stm32f4xx_it.c:288:6:UART5_IRQHandler	4	static
../Core/Src/stm32f4xx_it.c:301:6:OTG_FS_IRQHandler	8	static
