Archive member included to satisfy reference by file (symbol)

C:/ST/STM32CubeIDE_1.17.0/STM32CubeIDE/plugins/com.st.stm32cube.ide.mcu.externaltools.gnu-tools-for-stm32.13.3.rel1.win32_1.0.0.202411081344/tools/bin/../lib/gcc/arm-none-eabi/13.3.1/../../../../arm-none-eabi/lib/thumb/v7e-m+fp/hard\libc_nano.a(libc_a-assert.o)
                              ./Core/Src/FC_Basic/RingBuffer.o (__assert_func)
C:/ST/STM32CubeIDE_1.17.0/STM32CubeIDE/plugins/com.st.stm32cube.ide.mcu.externaltools.gnu-tools-for-stm32.13.3.rel1.win32_1.0.0.202411081344/tools/bin/../lib/gcc/arm-none-eabi/13.3.1/../../../../arm-none-eabi/lib/thumb/v7e-m+fp/hard\libc_nano.a(libc_a-exit.o)
                              C:/ST/STM32CubeIDE_1.17.0/STM32CubeIDE/plugins/com.st.stm32cube.ide.mcu.externaltools.gnu-tools-for-stm32.13.3.rel1.win32_1.0.0.202411081344/tools/bin/../lib/gcc/arm-none-eabi/13.3.1/../../../../arm-none-eabi/lib/thumb/v7e-m+fp/hard/crt0.o (exit)
C:/ST/STM32CubeIDE_1.17.0/STM32CubeIDE/plugins/com.st.stm32cube.ide.mcu.externaltools.gnu-tools-for-stm32.13.3.rel1.win32_1.0.0.202411081344/tools/bin/../lib/gcc/arm-none-eabi/13.3.1/../../../../arm-none-eabi/lib/thumb/v7e-m+fp/hard\libc_nano.a(libc_a-malloc.o)
                              ./Core/Src/FC_Basic/RingBuffer.o (malloc)
C:/ST/STM32CubeIDE_1.17.0/STM32CubeIDE/plugins/com.st.stm32cube.ide.mcu.externaltools.gnu-tools-for-stm32.13.3.rel1.win32_1.0.0.202411081344/tools/bin/../lib/gcc/arm-none-eabi/13.3.1/../../../../arm-none-eabi/lib/thumb/v7e-m+fp/hard\libc_nano.a(libc_a-mallocr.o)
                              C:/ST/STM32CubeIDE_1.17.0/STM32CubeIDE/plugins/com.st.stm32cube.ide.mcu.externaltools.gnu-tools-for-stm32.13.3.rel1.win32_1.0.0.202411081344/tools/bin/../lib/gcc/arm-none-eabi/13.3.1/../../../../arm-none-eabi/lib/thumb/v7e-m+fp/hard\libc_nano.a(libc_a-malloc.o) (_malloc_r)
C:/ST/STM32CubeIDE_1.17.0/STM32CubeIDE/plugins/com.st.stm32cube.ide.mcu.externaltools.gnu-tools-for-stm32.13.3.rel1.win32_1.0.0.202411081344/tools/bin/../lib/gcc/arm-none-eabi/13.3.1/../../../../arm-none-eabi/lib/thumb/v7e-m+fp/hard\libc_nano.a(libc_a-mlock.o)
                              C:/ST/STM32CubeIDE_1.17.0/STM32CubeIDE/plugins/com.st.stm32cube.ide.mcu.externaltools.gnu-tools-for-stm32.13.3.rel1.win32_1.0.0.202411081344/tools/bin/../lib/gcc/arm-none-eabi/13.3.1/../../../../arm-none-eabi/lib/thumb/v7e-m+fp/hard\libc_nano.a(libc_a-mallocr.o) (__malloc_lock)
C:/ST/STM32CubeIDE_1.17.0/STM32CubeIDE/plugins/com.st.stm32cube.ide.mcu.externaltools.gnu-tools-for-stm32.13.3.rel1.win32_1.0.0.202411081344/tools/bin/../lib/gcc/arm-none-eabi/13.3.1/../../../../arm-none-eabi/lib/thumb/v7e-m+fp/hard\libc_nano.a(libc_a-nano-vfprintf_float.o)
                              (_printf_float)
C:/ST/STM32CubeIDE_1.17.0/STM32CubeIDE/plugins/com.st.stm32cube.ide.mcu.externaltools.gnu-tools-for-stm32.13.3.rel1.win32_1.0.0.202411081344/tools/bin/../lib/gcc/arm-none-eabi/13.3.1/../../../../arm-none-eabi/lib/thumb/v7e-m+fp/hard\libc_nano.a(libc_a-nano-vfprintf_i.o)
                              C:/ST/STM32CubeIDE_1.17.0/STM32CubeIDE/plugins/com.st.stm32cube.ide.mcu.externaltools.gnu-tools-for-stm32.13.3.rel1.win32_1.0.0.202411081344/tools/bin/../lib/gcc/arm-none-eabi/13.3.1/../../../../arm-none-eabi/lib/thumb/v7e-m+fp/hard\libc_nano.a(libc_a-nano-vfprintf_float.o) (_printf_common)
C:/ST/STM32CubeIDE_1.17.0/STM32CubeIDE/plugins/com.st.stm32cube.ide.mcu.externaltools.gnu-tools-for-stm32.13.3.rel1.win32_1.0.0.202411081344/tools/bin/../lib/gcc/arm-none-eabi/13.3.1/../../../../arm-none-eabi/lib/thumb/v7e-m+fp/hard\libc_nano.a(libc_a-findfp.o)
                              C:/ST/STM32CubeIDE_1.17.0/STM32CubeIDE/plugins/com.st.stm32cube.ide.mcu.externaltools.gnu-tools-for-stm32.13.3.rel1.win32_1.0.0.202411081344/tools/bin/../lib/gcc/arm-none-eabi/13.3.1/../../../../arm-none-eabi/lib/thumb/v7e-m+fp/hard\libc_nano.a(libc_a-exit.o) (__stdio_exit_handler)
C:/ST/STM32CubeIDE_1.17.0/STM32CubeIDE/plugins/com.st.stm32cube.ide.mcu.externaltools.gnu-tools-for-stm32.13.3.rel1.win32_1.0.0.202411081344/tools/bin/../lib/gcc/arm-none-eabi/13.3.1/../../../../arm-none-eabi/lib/thumb/v7e-m+fp/hard\libc_nano.a(libc_a-fprintf.o)
                              C:/ST/STM32CubeIDE_1.17.0/STM32CubeIDE/plugins/com.st.stm32cube.ide.mcu.externaltools.gnu-tools-for-stm32.13.3.rel1.win32_1.0.0.202411081344/tools/bin/../lib/gcc/arm-none-eabi/13.3.1/../../../../arm-none-eabi/lib/thumb/v7e-m+fp/hard\libc_nano.a(libc_a-assert.o) (fiprintf)
C:/ST/STM32CubeIDE_1.17.0/STM32CubeIDE/plugins/com.st.stm32cube.ide.mcu.externaltools.gnu-tools-for-stm32.13.3.rel1.win32_1.0.0.202411081344/tools/bin/../lib/gcc/arm-none-eabi/13.3.1/../../../../arm-none-eabi/lib/thumb/v7e-m+fp/hard\libc_nano.a(libc_a-fwalk.o)
[...]
Memory Configuration

Name             Origin             Length             Attributes
CCMRAM           0x10000000         0x00010000         xrw
RAM              0x20000000         0x00020000         xrw
FLASH            0x08000000         0x00080000         xr
*default*        0x00000000         0xffffffff

Linker script and memory map

LOAD C:/ST/STM32CubeIDE_1.17.0/STM32CubeIDE/plugins/com.st.stm32cube.ide.mcu.externaltools.gnu-tools-for-stm32.13.3.rel1.win32_1.0.0.202411081344/tools/bin/../lib/gcc/arm-none-eabi/13.3.1/thumb/v7e-m+fp/hard/crti.o
LOAD C:/ST/STM32CubeIDE_1.17.0/STM32CubeIDE/plugins/com.st.stm32cube.ide.mcu.externaltools.gnu-tools-for-stm32.13.3.rel1.win32_1.0.0.202411081344/tools/bin/../lib/gcc/arm-none-eabi/13.3.1/thumb/v7e-m+fp/hard/crtbegin.o
LOAD C:/ST/STM32CubeIDE_1.17.0/STM32CubeIDE/plugins/com.st.stm32cube.ide.mcu.externaltools.gnu-tools-for-stm32.13.3.rel1.win32_1.0.0.202411081344/tools/bin/../lib/gcc/arm-none-eabi/13.3.1/../../../../arm-none-eabi/lib/thumb/v7e-m+fp/hard/crt0.o
LOAD ./Core/Src/FC_Basic/Buzzer.o
LOAD ./Core/Src/FC_Basic/RingBuffer.o
LOAD ./Core/Src/FC_Gyro/ICM42688.o
LOAD ./Core/Src/FC_RC/RadioControl.o
LOAD ./Core/Src/FC_RC/SRXL2.o
LOAD ./Core/Src/FC_RC/SRXL_testing.o
LOAD ./Core/Src/main.o
LOAD ./Core/Src/stm32f4xx_hal_msp.o
LOAD ./Core/Src/stm32f4xx_it.o
LOAD ./Core/Src/syscalls.o
LOAD ./Core/Src/sysmem.o
LOAD ./Core/Src/system_stm32f4xx.o
LOAD ./Core/Startup/startup_stm32f407vetx.o
LOAD ./Drivers/STM32F4xx_HAL_Driver/Src/stm32f4xx_hal.o
LOAD ./Drivers/STM32F4xx_HAL_Driver/Src/stm32f4xx_hal_cortex.o
LOAD ./Drivers/STM32F4xx_HAL_Driver/Src/stm32f4xx_hal_dma.o
LOAD ./Drivers/STM32F4xx_HAL_Driver/Src/stm32f4xx_hal_dma_ex.o
LOAD ./Drivers/STM32F4xx_HAL_Driver/Src/stm32f4xx_hal_exti.o
LOAD ./Drivers/STM32F4xx_HAL_Driver/Src/stm32f4xx_hal_flash.o
LOAD ./Drivers/STM32F4xx_HAL_Driver/Src/stm32f4xx_hal_flash_ex.o
LOAD ./Drivers/STM32F4xx_HAL_Driver/Src/stm32f4xx_hal_flash_ramfunc.o
LOAD ./Drivers/STM32F4xx_HAL_Driver/Src/stm32f4xx_hal_gpio.o
LOAD ./Drivers/STM32F4xx_HAL_Driver/Src/stm32f4xx_hal_pcd.o
LOAD ./Drivers/STM32F4xx_HAL_Driver/Src/stm32f4xx_hal_pcd_ex.o
LOAD ./Drivers/STM32F4xx_HAL_Driver/Src/stm32f4xx_hal_pwr.o
LOAD ./Drivers/STM32F4xx_HAL_Driver/Src/stm32f4xx_hal_pwr_ex.o
LOAD ./Drivers/STM32F4xx_HAL_Driver/Src/stm32f4xx_hal_rcc.o
LOAD ./Drivers/STM32F4xx_HAL_Driver/Src/stm32f4xx_hal_rcc_ex.o
LOAD ./Drivers/STM32F4xx_HAL_Driver/Src/stm32f4xx_hal_uart.o
LOAD ./Drivers/STM32F4xx_HAL_Driver/Src/stm32f4xx_ll_dma.o
LOAD ./Drivers/STM32F4xx_HAL_Driver/Src/stm32f4xx_ll_exti.o
LOAD ./Drivers/STM32F4xx_HAL_Driver/Src/stm32f4xx_ll_gpio.o
LOAD ./Drivers/STM32F4xx_HAL_Driver/Src/stm32f4xx_ll_rcc.o
LOAD ./Drivers/STM32F4xx_HAL_Driver/Src/stm32f4xx_ll_spi.o
LOAD ./Drivers/STM32F4xx_HAL_Driver/Src/stm32f4xx_ll_tim.o
LOAD ./Drivers/STM32F4xx_HAL_Driver/Src/stm32f4xx_ll_usart.o
LOAD ./Drivers/STM32F4xx_HAL_Driver/Src/stm32f4xx_ll_usb.o
LOAD ./Drivers/STM32F4xx_HAL_Driver/Src/stm32f4xx_ll_utils.o
LOAD ./Middlewares/ST/STM32_USB_Device_Library/Class/CDC/Src/usbd_cdc.o
LOAD ./Middlewares/ST/STM32_USB_Device_Library/Core/Src/usbd_core.o
LOAD ./Middlewares/ST/STM32_USB_Device_Library/Core/Src/usbd_ctlreq.o
LOAD ./Middlewares/ST/STM32_USB_Device_Library/Core/Src/usbd_ioreq.o
LOAD ./USB_DEVICE/App/usb_device.o
LOAD ./USB_DEVICE/App/usbd_cdc_if.o
LOAD ./USB_DEVICE/App/usbd_desc.o
LOAD ./USB_DEVICE/Target/usbd_conf.o
START GROUP
LOAD C:/ST/STM32CubeIDE_1.17.0/STM32CubeIDE/plugins/com.st.stm32cube.ide.mcu.externaltools.gnu-tools-for-stm32.13.3.rel1.win32_1.0.0.202411081344/tools/bin/../lib/gcc/arm-none-eabi/13.3.1/../../../../arm-none-eabi/lib/thumb/v7e-m+fp/hard\libc_nano.a
LOAD C:/ST/STM32CubeIDE_1.17.0/STM32CubeIDE/plugins/com.st.stm32cube.ide.mcu.externaltools.gnu-tools-for-stm32.13.3.rel1.win32_1.0.0.202411081344/tools/bin/../lib/gcc/arm-none-eabi/13.3.1/../../../../arm-none-eabi/lib/thumb/v7e-m+fp/hard\libm.a
END GROUP
START GROUP
LOAD C:/ST/STM32CubeIDE_1.17.0/STM32CubeIDE/plugins/com.st.stm32cube.ide.mcu.externaltools.gnu-tools-for-stm32.13.3.rel1.win32_1.0.0.202411081344/tools/bin/../lib/gcc/arm-none-eabi/13.3.1/thumb/v7e-m+fp/hard\libgcc.a
LOAD C:/ST/STM32CubeIDE_1.17.0/STM32CubeIDE/plugins/com.st.stm32cube.ide.mcu.externaltools.gnu-tools-for-stm32.13.3.rel1.win32_1.0.0.202411081344/tools/bin/../lib/gcc/arm-none-eabi/13.3.1/../../../../arm-none-eabi/lib/thumb/v7e-m+fp/hard\libc_nano.a
END GROUP
START GROUP
LOAD C:/ST/STM32CubeIDE_1.17.0/STM32CubeIDE/plugins/com.st.stm32cube.ide.mcu.externaltools.gnu-tools-for-stm32.13.3.rel1.win32_1.0.0.202411081344/tools/bin/../lib/gcc/arm-none-eabi/13.3.1/thumb/v7e-m+fp/hard\libgcc.a
LOAD C:/ST/STM32CubeIDE_1.17.0/STM32CubeIDE/plugins/com.st.stm32cube.ide.mcu.externaltools.gnu-tools-for-stm32.13.3.rel1.win32_1.0.0.202411081344/tools/bin/../lib/gcc/arm-none-eabi/13.3.1/../../../../arm-none-eabi/lib/thumb/v7e-m+fp/hard\libc_nano.a
LOAD C:/ST/STM32CubeIDE_1.17.0/STM32CubeIDE/plugins/com.st.stm32cube.ide.mcu.externaltools.gnu-tools-for-stm32.13.3.rel1.win32_1.0.0.202411081344/tools/bin/../lib/gcc/arm-none-eabi/13.3.1/../../../../arm-none-eabi/lib/thumb/v7e-m+fp/hard\libnosys.a
END GROUP
START GROUP
LOAD C:/ST/STM32CubeIDE_1.17.0/STM32CubeIDE/plugins/com.st.stm32cube.ide.mcu.externaltools.gnu-tools-for-stm32.13.3.rel1.win32_1.0.0.202411081344/tools/bin/../lib/gcc/arm-none-eabi/13.3.1/thumb/v7e-m+fp/hard\libgcc.a
LOAD C:/ST/STM32CubeIDE_1.17.0/STM32CubeIDE/plugins/com.st.stm32cube.ide.mcu.externaltools.gnu-tools-for-stm32.13.3.rel1.win32_1.0.0.202411081344/tools/bin/../lib/gcc/arm-none-eabi/13.3.1/../../../../arm-none-eabi/lib/thumb/v7e-m+fp/hard\libc_nano.a
LOAD C:/ST/STM32CubeIDE_1.17.0/STM32CubeIDE/plugins/com.st.stm32cube.ide.mcu.externaltools.gnu-tools-for-stm32.13.3.rel1.win32_1.0.0.202411081344/tools/bin/../lib/gcc/arm-none-eabi/13.3.1/../../../../arm-none-eabi/lib/thumb/v7e-m+fp/hard\libnosys.a
END GROUP
LOAD C:/ST/STM32CubeIDE_1.17.0/STM32CubeIDE/plugins/com.st.stm32cube.ide.mcu.externaltools.gnu-tools-for-stm32.13.3.rel1.win32_1.0.0.202411081344/tools/bin/../lib/gcc/arm-none-eabi/13.3.1/thumb/v7e-m+fp/hard/crtend.o
LOAD C:/ST/STM32CubeIDE_1.17.0/STM32CubeIDE/plugins/com.st.stm32cube.ide.mcu.externaltools.gnu-tools-for-stm32.13.3.rel1.win32_1.0.0.202411081344/tools/bin/../lib/gcc/arm-none-eabi/13.3.1/thumb/v7e-m+fp/hard/crtn.o
                0x20020000                        _estack = (ORIGIN (RAM) + LENGTH (RAM))
                0x00000200                        _Min_Heap_Size = 0x200
                0x00000400                        _Min_Stack_Size = 0x400

.isr_vector     0x08000000      0x188
                0x08000000                        . = ALIGN (0x4)
 *(.isr_vector)
 .isr_vector    0x08000000      0x188 ./Core/Startup/startup_stm32f407vetx.o
                0x08000000                g_pfnVectors
                0x08000188                        . = ALIGN (0x4)

.text           0x08000190     0xd208
                0x08000190                        . = ALIGN (0x4)
 *(.text)
 .text          0x08000190       0x40 C:/ST/STM32CubeIDE_1.17.0/STM32CubeIDE/plugins/com.st.stm32cube.ide.mcu.externaltools.gnu-tools-for-stm32.13.3.rel1.win32_1.0.0.202411081344/tools/bin/../lib/gcc/arm-none-eabi/13.3.1/thumb/v7e-m+fp/hard/crtbegin.o
 .text          0x080001d0       0xa0 C:/ST/STM32CubeIDE_1.17.0/STM32CubeIDE/plugins/com.st.stm32cube.ide.mcu.externaltools.gnu-tools-for-stm32.13.3.rel1.win32_1.0.0.202411081344/tools/bin/../lib/gcc/arm-none-eabi/13.3.1/../../../../arm-none-eabi/lib/thumb/v7e-m+fp/hard\libc_nano.a(libc_a-memchr.o)
                0x080001d0                memchr
 .text          0x08000270       0x10 C:/ST/STM32CubeIDE_1.17.0/STM32CubeIDE/plugins/com.st.stm32cube.ide.mcu.externaltools.gnu-tools-for-stm32.13.3.rel1.win32_1.0.0.202411081344/tools/bin/../lib/gcc/arm-none-eabi/13.3.1/../../../../arm-none-eabi/lib/thumb/v7e-m+fp/hard\libc_nano.a(libc_a-strlen.o)
                0x08000270                strlen
 .text          0x08000280      0x378 C:/ST/STM32CubeIDE_1.17.0/STM32CubeIDE/plugins/com.st.stm32cube.ide.mcu.externaltools.gnu-tools-for-stm32.13.3.rel1.win32_1.0.0.202411081344/tools/bin/../lib/gcc/arm-none-eabi/13.3.1/thumb/v7e-m+fp/hard\libgcc.a(_arm_addsubdf3.o)
                0x08000280                __aeabi_drsub
                0x08000288                __aeabi_dsub
                0x08000288                __subdf3
                0x0800028c                __aeabi_dadd
                0x0800028c                __adddf3
                0x08000504                __floatunsidf
                0x08000504                __aeabi_ui2d
                0x08000524                __floatsidf
                0x08000524                __aeabi_i2d
                0x08000548                __aeabi_f2d
                0x08000548                __extendsfdf2
                0x0800058c                __floatundidf
                0x0800058c                __aeabi_ul2d
                0x0800059c                __floatdidf
                0x0800059c                __aeabi_l2d
 .text          0x080005f8      0x424 C:/ST/STM32CubeIDE_1.17.0/STM32CubeIDE/plugins/com.st.stm32cube.ide.mcu.externaltools.gnu-tools-for-stm32.13.3.rel1.win32_1.0.0.202411081344/tools/bin/../lib/gcc/arm-none-eabi/13.3.1/thumb/v7e-m+fp/hard\libgcc.a(_arm_muldivdf3.o)
                0x080005f8                __aeabi_dmul
                0x080005f8                __muldf3
                0x0800084c                __divdf3
                0x0800084c                __aeabi_ddiv
 .text          0x08000a1c      0x110 C:/ST/STM32CubeIDE_1.17.0/STM32CubeIDE/plugins/com.st.stm32cube.ide.mcu.externaltools.gnu-tools-for-stm32.13.3.rel1.win32_1.0.0.202411081344/tools/bin/../lib/gcc/arm-none-eabi/13.3.1/thumb/v7e-m+fp/hard\libgcc.a(_arm_cmpdf2.o)
                0x08000a1c                __gtdf2
                0x08000a1c                __gedf2
                0x08000a24                __ltdf2
                0x08000a24                __ledf2
                0x08000a2c                __nedf2
                0x08000a2c                __eqdf2
                0x08000a2c                __cmpdf2
                0x08000aa8                __aeabi_cdrcmple
                0x08000ab8                __aeabi_cdcmpeq
                0x08000ab8                __aeabi_cdcmple
                0x08000ac8                __aeabi_dcmpeq
                0x08000adc                __aeabi_dcmplt
                0x08000af0                __aeabi_dcmple
                0x08000b04                __aeabi_dcmpge
                0x08000b18                __aeabi_dcmpgt
 .text          0x08000b2c       0x2c C:/ST/STM32CubeIDE_1.17.0/STM32CubeIDE/plugins/com.st.stm32cube.ide.mcu.externaltools.gnu-tools-for-stm32.13.3.rel1.win32_1.0.0.202411081344/tools/bin/../lib/gcc/arm-none-eabi/13.3.1/thumb/v7e-m+fp/hard\libgcc.a(_arm_unorddf2.o)
                0x08000b2c                __unorddf2
                0x08000b2c                __aeabi_dcmpun
 .text          0x08000b58       0x50 C:/ST/STM32CubeIDE_1.17.0/STM32CubeIDE/plugins/com.st.stm32cube.ide.mcu.externaltools.gnu-tools-for-stm32.13.3.rel1.win32_1.0.0.202411081344/tools/bin/../lib/gcc/arm-none-eabi/13.3.1/thumb/v7e-m+fp/hard\libgcc.a(_arm_fixdfsi.o)
                0x08000b58                __aeabi_d2iz
                0x08000b58                __fixdfsi
 .text          0x08000ba8       0x40 C:/ST/STM32CubeIDE_1.17.0/STM32CubeIDE/plugins/com.st.stm32cube.ide.mcu.externaltools.gnu-tools-for-stm32.13.3.rel1.win32_1.0.0.202411081344/tools/bin/../lib/gcc/arm-none-eabi/13.3.1/thumb/v7e-m+fp/hard\libgcc.a(_arm_fixunsdfsi.o)
                0x08000ba8                __aeabi_d2uiz
                0x08000ba8                __fixunsdfsi
 .text          0x08000be8       0x30 C:/ST/STM32CubeIDE_1.17.0/STM32CubeIDE/plugins/com.st.stm32cube.ide.mcu.externaltools.gnu-tools-for-stm32.13.3.rel1.win32_1.0.0.202411081344/tools/bin/../lib/gcc/arm-none-eabi/13.3.1/thumb/v7e-m+fp/hard\libgcc.a(_aeabi_uldivmod.o)
                0x08000be8                __aeabi_uldivmod
 .text          0x08000c18      0x2f8 C:/ST/STM32CubeIDE_1.17.0/STM32CubeIDE/plugins/com.st.stm32cube.ide.mcu.externaltools.gnu-tools-for-stm32.13.3.rel1.win32_1.0.0.202411081344/tools/bin/../lib/gcc/arm-none-eabi/13.3.1/thumb/v7e-m+fp/hard\libgcc.a(_udivmoddi4.o)
                0x08000c18                __udivmoddi4
 .text          0x08000f10        0x4 C:/ST/STM32CubeIDE_1.17.0/STM32CubeIDE/plugins/com.st.stm32cube.ide.mcu.externaltools.gnu-tools-for-stm32.13.3.rel1.win32_1.0.0.202411081344/tools/bin/../lib/gcc/arm-none-eabi/13.3.1/thumb/v7e-m+fp/hard\libgcc.a(_dvmd_tls.o)
                0x08000f10                __aeabi_idiv0
                0x08000f10                __aeabi_ldiv0
 *(.text*)
 .text.LL_TIM_CC_EnableChannel
                0x08000f14       0x22 ./Core/Src/FC_Basic/Buzzer.o
 .text.LL_TIM_CC_DisableChannel
                0x08000f36       0x24 ./Core/Src/FC_Basic/Buzzer.o
 *fill*         0x08000f5a        0x2 
 .text.BuzzerPlayNote
                0x08000f5c       0x5c ./Core/Src/FC_Basic/Buzzer.o
                0x08000f5c                BuzzerPlayNote
 .text.BuzzerPlayInit
                0x08000fb8       0x5c ./Core/Src/FC_Basic/Buzzer.o
                0x08000fb8                BuzzerPlayInit
 .text.BuzzerPlayOneCycle
                0x08001014       0x50 ./Core/Src/FC_Basic/Buzzer.o
                0x08001014                BuzzerPlayOneCycle
 .text.RB_init  0x08001064       0x74 ./Core/Src/FC_Basic/RingBuffer.o
                0x08001064                RB_init
 .text.RB_write
                0x080010d8       0x4e ./Core/Src/FC_Basic/RingBuffer.o
                0x080010d8                RB_write
 .text.RB_read  0x08001126       0x42 ./Core/Src/FC_Basic/RingBuffer.o
                0x08001126                RB_read
 .text.RB_isempty
                0x08001168       0x26 ./Core/Src/FC_Basic/RingBuffer.o
                0x08001168                RB_isempty
 .text.RB_isfull
                0x0800118e       0x34 ./Core/Src/FC_Basic/RingBuffer.o
                0x0800118e                RB_isfull
 .text.LL_SPI_Enable
                0x080011c2       0x20 ./Core/Src/FC_Gyro/ICM42688.o
 .text.LL_SPI_SetStandard
                0x080011e2       0x26 ./Core/Src/FC_Gyro/ICM42688.o
 .text.LL_SPI_IsActiveFlag_RXNE
                0x08001208       0x26 ./Core/Src/FC_Gyro/ICM42688.o
 .text.LL_SPI_IsActiveFlag_TXE
                0x0800122e       0x26 ./Core/Src/FC_Gyro/ICM42688.o
 .text.LL_SPI_ReceiveData8
                0x08001254       0x1c ./Core/Src/FC_Gyro/ICM42688.o
 .text.LL_SPI_TransmitData8
                0x08001270       0x24 ./Core/Src/FC_Gyro/ICM42688.o
 .text.LL_GPIO_SetOutputPin
                0x08001294       0x1c ./Core/Src/FC_Gyro/ICM42688.o
 .text.LL_GPIO_ResetOutputPin
                0x080012b0       0x1e ./Core/Src/FC_Gyro/ICM42688.o
 *fill*         0x080012ce        0x2 
 .text.LL_AHB1_GRP1_EnableClock
                0x080012d0       0x30 ./Core/Src/FC_Gyro/ICM42688.o
 .text.LL_APB2_GRP1_EnableClock
                0x08001300       0x30 ./Core/Src/FC_Gyro/ICM42688.o
 .text.ICM42688_GPIO_SPI_Initialization
                0x08001330       0xe4 ./Core/Src/FC_Gyro/ICM42688.o
                0x08001330                ICM42688_GPIO_SPI_Initialization
 .text.SPI1_SendByte
                0x08001414       0x44 ./Core/Src/FC_Gyro/ICM42688.o
                0x08001414                SPI1_SendByte
 .text.ICM42688_Readbyte
                0x08001458       0x40 ./Core/Src/FC_Gyro/ICM42688.o
                0x08001458                ICM42688_Readbyte
 .text.ICM42688_Readbytes
                0x08001498       0x5c ./Core/Src/FC_Gyro/ICM42688.o
                0x08001498                ICM42688_Readbytes
 .text.ICM42688_Writebyte
                0x080014f4       0x44 ./Core/Src/FC_Gyro/ICM42688.o
                0x080014f4                ICM42688_Writebyte
 .text.ICM42688_Initialization
                0x08001538       0xa8 ./Core/Src/FC_Gyro/ICM42688.o
                0x08001538                ICM42688_Initialization
 .text.ICM42688_Get6AxisRawData
                0x080015e0       0xac ./Core/Src/FC_Gyro/ICM42688.o
                0x080015e0                ICM42688_Get6AxisRawData
 .text.LL_USART_IsActiveFlag_TXE
                0x0800168c       0x26 ./Core/Src/FC_RC/RadioControl.o
 .text.LL_USART_TransmitData8
                0x080016b2       0x1e ./Core/Src/FC_RC/RadioControl.o
 .text.LL_GPIO_SetOutputPin
                0x080016d0       0x1c ./Core/Src/FC_RC/RadioControl.o
 .text.LL_GPIO_ResetOutputPin
                0x080016ec       0x1e ./Core/Src/FC_RC/RadioControl.o
 *fill*         0x0800170a        0x2 
 .text.RC_halfDuplex_Transmit
                0x0800170c       0x8c ./Core/Src/FC_RC/RadioControl.o
                0x0800170c                RC_halfDuplex_Transmit
 .text.SRXL2_Initialization
                0x08001798       0x38 ./Core/Src/FC_RC/SRXL2.o
                0x08001798                SRXL2_Initialization
 .text.SRXL2_Connect
                0x080017d0       0xe4 ./Core/Src/FC_RC/SRXL2.o
                0x080017d0                SRXL2_Connect
 .text.SRXL2_GetData
                0x080018b4       0x5c ./Core/Src/FC_RC/SRXL2.o
                0x080018b4                SRXL2_GetData
 .text.SRXL2_readByte
                0x08001910       0xec ./Core/Src/FC_RC/SRXL2.o
                0x08001910                SRXL2_readByte
 .text.SRXL2_parseControlData
                0x080019fc       0x70 ./Core/Src/FC_RC/SRXL2.o
                0x080019fc                SRXL2_parseControlData
 .text.SRXL2_doHandshake
                0x08001a6c       0x74 ./Core/Src/FC_RC/SRXL2.o
                0x08001a6c                SRXL2_doHandshake
 .text.calculate_crc
                0x08001ae0       0x82 ./Core/Src/FC_RC/SRXL2.o
                0x08001ae0                calculate_crc
 .text.insert_crc
                0x08001b62       0x44 ./Core/Src/FC_RC/SRXL2.o
                0x08001b62                insert_crc
 *fill*         0x08001ba6        0x2 
 .text.__NVIC_GetPriorityGrouping
                0x08001ba8       0x1c ./Core/Src/main.o
 .text.__NVIC_EnableIRQ
                0x08001bc4       0x3c ./Core/Src/main.o
 .text.__NVIC_SetPriority
                0x08001c00       0x54 ./Core/Src/main.o
 .text.NVIC_EncodePriority
                0x08001c54       0x66 ./Core/Src/main.o
 .text.LL_SPI_SetStandard
                0x08001cba       0x26 ./Core/Src/main.o
 .text.LL_TIM_EnableCounter
                0x08001ce0       0x20 ./Core/Src/main.o
 .text.LL_TIM_DisableARRPreload
                0x08001d00       0x20 ./Core/Src/main.o
 .text.LL_TIM_OC_DisableFast
                0x08001d20       0x8c ./Core/Src/main.o
 .text.LL_TIM_OC_EnablePreload
                0x08001dac       0x88 ./Core/Src/main.o
 .text.LL_TIM_SetClockSource
                0x08001e34       0x2a ./Core/Src/main.o
 .text.LL_TIM_SetTriggerOutput
                0x08001e5e       0x26 ./Core/Src/main.o
 .text.LL_TIM_DisableMasterSlaveMode
                0x08001e84       0x20 ./Core/Src/main.o
 .text.LL_TIM_EnableIT_UPDATE
                0x08001ea4       0x20 ./Core/Src/main.o
 .text.LL_USART_Enable
                0x08001ec4       0x20 ./Core/Src/main.o
 .text.LL_USART_ConfigAsyncMode
                0x08001ee4       0x2c ./Core/Src/main.o
 .text.LL_USART_ConfigHalfDuplexMode
                0x08001f10       0x38 ./Core/Src/main.o
 .text.LL_USART_EnableIT_RXNE
                0x08001f48       0x46 ./Core/Src/main.o
 .text.LL_GPIO_ResetOutputPin
                0x08001f8e       0x1e ./Core/Src/main.o
 .text.LL_AHB1_GRP1_EnableClock
                0x08001fac       0x30 ./Core/Src/main.o
 .text.LL_APB1_GRP1_EnableClock
                0x08001fdc       0x30 ./Core/Src/main.o
 .text.LL_APB2_GRP1_EnableClock
                0x0800200c       0x30 ./Core/Src/main.o
 .text._write   0x0800203c       0x2a ./Core/Src/main.o
                0x0800203c                _write
 *fill*         0x08002066        0x2 
 .text.main     0x08002068       0xbc ./Core/Src/main.o
                0x08002068                main
 .text.SystemClock_Config
                0x08002124       0xd4 ./Core/Src/main.o
                0x08002124                SystemClock_Config
 .text.MX_SPI1_Init
                0x080021f8       0xa4 ./Core/Src/main.o
 .text.MX_TIM4_Init
                0x0800229c       0xe8 ./Core/Src/main.o
 .text.MX_TIM14_Init
                0x08002384       0xac ./Core/Src/main.o
 .text.MX_UART4_Init
                0x08002430       0x54 ./Core/Src/main.o
 .text.MX_UART5_Init
                0x08002484       0xf0 ./Core/Src/main.o
 .text.MX_USART1_UART_Init
                0x08002574       0xbc ./Core/Src/main.o
 .text.MX_USART2_UART_Init
                0x08002630       0xc0 ./Core/Src/main.o
 .text.MX_USART3_UART_Init
                0x080026f0       0xa4 ./Core/Src/main.o
 .text.MX_GPIO_Init
                0x08002794       0x94 ./Core/Src/main.o
 .text.Error_Handler
                0x08002828        0xc ./Core/Src/main.o
                0x08002828                Error_Handler
 .text.HAL_MspInit
                0x08002834       0x50 ./Core/Src/stm32f4xx_hal_msp.o
                0x08002834                HAL_MspInit
 .text.HAL_UART_MspInit
                0x08002884       0x90 ./Core/Src/stm32f4xx_hal_msp.o
                0x08002884                HAL_UART_MspInit
 .text.LL_TIM_EnableCounter
                0x08002914       0x20 ./Core/Src/stm32f4xx_it.o
 .text.LL_TIM_DisableCounter
                0x08002934       0x20 ./Core/Src/stm32f4xx_it.o
 .text.LL_TIM_SetCounter
                0x08002954       0x1c ./Core/Src/stm32f4xx_it.o
 .text.LL_TIM_ClearFlag_UPDATE
                0x08002970       0x1c ./Core/Src/stm32f4xx_it.o
 .text.LL_TIM_IsActiveFlag_UPDATE
                0x0800298c       0x26 ./Core/Src/stm32f4xx_it.o
 .text.LL_USART_IsActiveFlag_RXNE
                0x080029b2       0x26 ./Core/Src/stm32f4xx_it.o
 .text.LL_USART_ClearFlag_RXNE
                0x080029d8       0x1c ./Core/Src/stm32f4xx_it.o
 .text.LL_USART_ReceiveData8
                0x080029f4       0x1a ./Core/Src/stm32f4xx_it.o
 .text.NMI_Handler
                0x08002a0e        0x8 ./Core/Src/stm32f4xx_it.o
                0x08002a0e                NMI_Handler
 .text.HardFault_Handler
                0x08002a16        0x8 ./Core/Src/stm32f4xx_it.o
                0x08002a16                HardFault_Handler
 .text.MemManage_Handler
                0x08002a1e        0x8 ./Core/Src/stm32f4xx_it.o
                0x08002a1e                MemManage_Handler
 .text.BusFault_Handler
                0x08002a26        0x8 ./Core/Src/stm32f4xx_it.o
                0x08002a26                BusFault_Handler
 .text.UsageFault_Handler
                0x08002a2e        0x8 ./Core/Src/stm32f4xx_it.o
                0x08002a2e                UsageFault_Handler
 .text.SVC_Handler
                0x08002a36        0xe ./Core/Src/stm32f4xx_it.o
                0x08002a36                SVC_Handler
 .text.DebugMon_Handler
                0x08002a44        0xe ./Core/Src/stm32f4xx_it.o
                0x08002a44                DebugMon_Handler
 .text.PendSV_Handler
                0x08002a52        0xe ./Core/Src/stm32f4xx_it.o
                0x08002a52                PendSV_Handler
 .text.SysTick_Handler
                0x08002a60        0xc ./Core/Src/stm32f4xx_it.o
                0x08002a60                SysTick_Handler
 .text.USART1_IRQHandler
                0x08002a6c       0x68 ./Core/Src/stm32f4xx_it.o
                0x08002a6c                USART1_IRQHandler
 .text.USART2_IRQHandler
                0x08002ad4       0x3c ./Core/Src/stm32f4xx_it.o
                0x08002ad4                USART2_IRQHandler
 .text.TIM8_TRG_COM_TIM14_IRQHandler
                0x08002b10       0x6c ./Core/Src/stm32f4xx_it.o
                0x08002b10                TIM8_TRG_COM_TIM14_IRQHandler
 .text.UART5_IRQHandler
                0x08002b7c        0xe ./Core/Src/stm32f4xx_it.o
                0x08002b7c                UART5_IRQHandler
 *fill*         0x08002b8a        0x2 
 .text.OTG_FS_IRQHandler
                0x08002b8c       0x14 ./Core/Src/stm32f4xx_it.o
                0x08002b8c                OTG_FS_IRQHandler
 .text._getpid  0x08002ba0       0x10 ./Core/Src/syscalls.o
                0x08002ba0                _getpid
 .text._kill    0x08002bb0       0x20 ./Core/Src/syscalls.o
                0x08002bb0                _kill
 .text._exit    0x08002bd0       0x16 ./Core/Src/syscalls.o
                0x08002bd0                _exit
 .text._read    0x08002be6       0x3a ./Core/Src/syscalls.o
                0x08002be6                _read
 .text._close   0x08002c20       0x18 ./Core/Src/syscalls.o
                0x08002c20                _close
 .text._fstat   0x08002c38       0x20 ./Core/Src/syscalls.o
                0x08002c38                _fstat
 .text._isatty  0x08002c58       0x16 ./Core/Src/syscalls.o
                0x08002c58                _isatty
 .text._lseek   0x08002c6e       0x1a ./Core/Src/syscalls.o
                0x08002c6e                _lseek
 .text._sbrk    0x08002c88       0x6c ./Core/Src/sysmem.o
                0x08002c88                _sbrk
 .text.SystemInit
                0x08002cf4       0x24 ./Core/Src/system_stm32f4xx.o
                0x08002cf4                SystemInit
 .text.Reset_Handler
                0x08002d18       0x50 ./Core/Startup/startup_stm32f407vetx.o
                0x08002d18                Reset_Handler
 .text.Default_Handler
                0x08002d68        0x2 ./Core/Startup/startup_stm32f407vetx.o
                0x08002d68                RTC_Alarm_IRQHandler
                0x08002d68                HASH_RNG_IRQHandler
                0x08002d68                EXTI2_IRQHandler
                0x08002d68                TIM8_CC_IRQHandler
                0x08002d68                TIM1_CC_IRQHandler
                0x08002d68                DMA2_Stream5_IRQHandler
                0x08002d68                DMA1_Stream5_IRQHandler
                0x08002d68                PVD_IRQHandler
                0x08002d68                SDIO_IRQHandler
                0x08002d68                TAMP_STAMP_IRQHandler
                0x08002d68                CAN2_RX1_IRQHandler
                0x08002d68                EXTI3_IRQHandler
                0x08002d68                TIM1_UP_TIM10_IRQHandler
                0x08002d68                TIM8_UP_TIM13_IRQHandler
                0x08002d68                I2C3_ER_IRQHandler
                0x08002d68                EXTI0_IRQHandler
                0x08002d68                I2C2_EV_IRQHandler
                0x08002d68                DMA1_Stream2_IRQHandler
                0x08002d68                CAN1_RX0_IRQHandler
                0x08002d68                FPU_IRQHandler
                0x08002d68                OTG_HS_WKUP_IRQHandler
                0x08002d68                CAN2_SCE_IRQHandler
                0x08002d68                DMA2_Stream2_IRQHandler
                0x08002d68                SPI1_IRQHandler
                0x08002d68                TIM6_DAC_IRQHandler
                0x08002d68                TIM1_BRK_TIM9_IRQHandler
                0x08002d68                DCMI_IRQHandler
                0x08002d68                CAN2_RX0_IRQHandler
                0x08002d68                DMA2_Stream3_IRQHandler
                0x08002d68                USART6_IRQHandler
                0x08002d68                USART3_IRQHandler
                0x08002d68                CAN1_RX1_IRQHandler
                0x08002d68                DMA2_Stream0_IRQHandler
                0x08002d68                TIM4_IRQHandler
                0x08002d68                I2C1_EV_IRQHandler
                0x08002d68                DMA1_Stream6_IRQHandler
                0x08002d68                DMA1_Stream1_IRQHandler
                0x08002d68                UART4_IRQHandler
                0x08002d68                TIM3_IRQHandler
                0x08002d68                RCC_IRQHandler
                0x08002d68                TIM8_BRK_TIM12_IRQHandler
                0x08002d68                Default_Handler
                0x08002d68                EXTI15_10_IRQHandler
                0x08002d68                ADC_IRQHandler
                0x08002d68                DMA1_Stream7_IRQHandler
                0x08002d68                TIM7_IRQHandler
                0x08002d68                CAN2_TX_IRQHandler
                0x08002d68                TIM5_IRQHandler
                0x08002d68                DMA2_Stream7_IRQHandler
                0x08002d68                I2C3_EV_IRQHandler
                0x08002d68                EXTI9_5_IRQHandler
                0x08002d68                RTC_WKUP_IRQHandler
                0x08002d68                ETH_WKUP_IRQHandler
                0x08002d68                SPI2_IRQHandler
                0x08002d68                OTG_HS_EP1_IN_IRQHandler
                0x08002d68                DMA1_Stream0_IRQHandler
                0x08002d68                CAN1_TX_IRQHandler
                0x08002d68                EXTI4_IRQHandler
                0x08002d68                FSMC_IRQHandler
                0x08002d68                ETH_IRQHandler
                0x08002d68                OTG_HS_EP1_OUT_IRQHandler
                0x08002d68                WWDG_IRQHandler
                0x08002d68                TIM2_IRQHandler
                0x08002d68                OTG_FS_WKUP_IRQHandler
                0x08002d68                TIM1_TRG_COM_TIM11_IRQHandler
                0x08002d68                OTG_HS_IRQHandler
                0x08002d68                EXTI1_IRQHandler
                0x08002d68                I2C2_ER_IRQHandler
                0x08002d68                DMA2_Stream1_IRQHandler
                0x08002d68                CAN1_SCE_IRQHandler
                0x08002d68                FLASH_IRQHandler
                0x08002d68                DMA2_Stream4_IRQHandler
                0x08002d68                SPI3_IRQHandler
                0x08002d68                DMA1_Stream4_IRQHandler
                0x08002d68                I2C1_ER_IRQHandler
                0x08002d68                DMA2_Stream6_IRQHandler
                0x08002d68                DMA1_Stream3_IRQHandler
 *fill*         0x08002d6a        0x2 
 .text.HAL_Init
                0x08002d6c       0x44 ./Drivers/STM32F4xx_HAL_Driver/Src/stm32f4xx_hal.o
                0x08002d6c                HAL_Init
 .text.HAL_InitTick
                0x08002db0       0x60 ./Drivers/STM32F4xx_HAL_Driver/Src/stm32f4xx_hal.o
                0x08002db0                HAL_InitTick
 .text.HAL_IncTick
                0x08002e10       0x28 ./Drivers/STM32F4xx_HAL_Driver/Src/stm32f4xx_hal.o
                0x08002e10                HAL_IncTick
 .text.HAL_GetTick
                0x08002e38       0x18 ./Drivers/STM32F4xx_HAL_Driver/Src/stm32f4xx_hal.o
                0x08002e38                HAL_GetTick
 .text.HAL_Delay
                0x08002e50       0x48 ./Drivers/STM32F4xx_HAL_Driver/Src/stm32f4xx_hal.o
                0x08002e50                HAL_Delay
 .text.__NVIC_SetPriorityGrouping
                0x08002e98       0x48 ./Drivers/STM32F4xx_HAL_Driver/Src/stm32f4xx_hal_cortex.o
 .text.__NVIC_GetPriorityGrouping
                0x08002ee0       0x1c ./Drivers/STM32F4xx_HAL_Driver/Src/stm32f4xx_hal_cortex.o
 .text.__NVIC_EnableIRQ
                0x08002efc       0x3c ./Drivers/STM32F4xx_HAL_Driver/Src/stm32f4xx_hal_cortex.o
 .text.__NVIC_SetPriority
                0x08002f38       0x54 ./Drivers/STM32F4xx_HAL_Driver/Src/stm32f4xx_hal_cortex.o
 .text.NVIC_EncodePriority
                0x08002f8c       0x66 ./Drivers/STM32F4xx_HAL_Driver/Src/stm32f4xx_hal_cortex.o
 *fill*         0x08002ff2        0x2 
 .text.SysTick_Config
                0x08002ff4       0x44 ./Drivers/STM32F4xx_HAL_Driver/Src/stm32f4xx_hal_cortex.o
 .text.HAL_NVIC_SetPriorityGrouping
                0x08003038       0x16 ./Drivers/STM32F4xx_HAL_Driver/Src/stm32f4xx_hal_cortex.o
                0x08003038                HAL_NVIC_SetPriorityGrouping
 .text.HAL_NVIC_SetPriority
                0x0800304e       0x38 ./Drivers/STM32F4xx_HAL_Driver/Src/stm32f4xx_hal_cortex.o
                0x0800304e                HAL_NVIC_SetPriority
 .text.HAL_NVIC_EnableIRQ
                0x08003086       0x1c ./Drivers/STM32F4xx_HAL_Driver/Src/stm32f4xx_hal_cortex.o
                0x08003086                HAL_NVIC_EnableIRQ
 .text.HAL_SYSTICK_Config
                0x080030a2       0x18 ./Drivers/STM32F4xx_HAL_Driver/Src/stm32f4xx_hal_cortex.o
                0x080030a2                HAL_SYSTICK_Config
 *fill*         0x080030ba        0x2 
 .text.HAL_GPIO_Init
                0x080030bc      0x338 ./Drivers/STM32F4xx_HAL_Driver/Src/stm32f4xx_hal_gpio.o
                0x080030bc                HAL_GPIO_Init
 .text.HAL_PCD_Init
                0x080033f4      0x21e ./Drivers/STM32F4xx_HAL_Driver/Src/stm32f4xx_hal_pcd.o
                0x080033f4                HAL_PCD_Init
 .text.HAL_PCD_Start
                0x08003612       0x6a ./Drivers/STM32F4xx_HAL_Driver/Src/stm32f4xx_hal_pcd.o
                0x08003612                HAL_PCD_Start
 .text.HAL_PCD_IRQHandler
                0x0800367c      0x942 ./Drivers/STM32F4xx_HAL_Driver/Src/stm32f4xx_hal_pcd.o
                0x0800367c                HAL_PCD_IRQHandler
 .text.HAL_PCD_SetAddress
                0x08003fbe       0x48 ./Drivers/STM32F4xx_HAL_Driver/Src/stm32f4xx_hal_pcd.o
                0x08003fbe                HAL_PCD_SetAddress
 .text.HAL_PCD_EP_Open
                0x08004006       0xd4 ./Drivers/STM32F4xx_HAL_Driver/Src/stm32f4xx_hal_pcd.o
                0x08004006                HAL_PCD_EP_Open
 .text.HAL_PCD_EP_Close
                0x080040da       0x94 ./Drivers/STM32F4xx_HAL_Driver/Src/stm32f4xx_hal_pcd.o
                0x080040da                HAL_PCD_EP_Close
 .text.HAL_PCD_EP_Receive
                0x0800416e       0x76 ./Drivers/STM32F4xx_HAL_Driver/Src/stm32f4xx_hal_pcd.o
                0x0800416e                HAL_PCD_EP_Receive
 .text.HAL_PCD_EP_GetRxCount
                0x080041e4       0x30 ./Drivers/STM32F4xx_HAL_Driver/Src/stm32f4xx_hal_pcd.o
                0x080041e4                HAL_PCD_EP_GetRxCount
 .text.HAL_PCD_EP_Transmit
                0x08004214       0x74 ./Drivers/STM32F4xx_HAL_Driver/Src/stm32f4xx_hal_pcd.o
                0x08004214                HAL_PCD_EP_Transmit
 .text.HAL_PCD_EP_SetStall
                0x08004288       0xc6 ./Drivers/STM32F4xx_HAL_Driver/Src/stm32f4xx_hal_pcd.o
                0x08004288                HAL_PCD_EP_SetStall
 .text.HAL_PCD_EP_ClrStall
                0x0800434e       0xac ./Drivers/STM32F4xx_HAL_Driver/Src/stm32f4xx_hal_pcd.o
                0x0800434e                HAL_PCD_EP_ClrStall
 .text.HAL_PCD_EP_Abort
                0x080043fa       0x62 ./Drivers/STM32F4xx_HAL_Driver/Src/stm32f4xx_hal_pcd.o
                0x080043fa                HAL_PCD_EP_Abort
 .text.PCD_WriteEmptyTxFifo
                0x0800445c      0x118 ./Drivers/STM32F4xx_HAL_Driver/Src/stm32f4xx_hal_pcd.o
 .text.PCD_EP_OutXfrComplete_int
                0x08004574      0x1d0 ./Drivers/STM32F4xx_HAL_Driver/Src/stm32f4xx_hal_pcd.o
 .text.PCD_EP_OutSetupPacket_int
                0x08004744       0x8c ./Drivers/STM32F4xx_HAL_Driver/Src/stm32f4xx_hal_pcd.o
 .text.HAL_PCDEx_SetTxFiFo
                0x080047d0       0x8e ./Drivers/STM32F4xx_HAL_Driver/Src/stm32f4xx_hal_pcd_ex.o
                0x080047d0                HAL_PCDEx_SetTxFiFo
 .text.HAL_PCDEx_SetRxFiFo
                0x0800485e       0x22 ./Drivers/STM32F4xx_HAL_Driver/Src/stm32f4xx_hal_pcd_ex.o
                0x0800485e                HAL_PCDEx_SetRxFiFo
 .text.HAL_PCDEx_LPM_Callback
                0x08004880       0x18 ./Drivers/STM32F4xx_HAL_Driver/Src/stm32f4xx_hal_pcd_ex.o
                0x08004880                HAL_PCDEx_LPM_Callback
 .text.HAL_RCC_OscConfig
                0x08004898      0x4f0 ./Drivers/STM32F4xx_HAL_Driver/Src/stm32f4xx_hal_rcc.o
                0x08004898                HAL_RCC_OscConfig
 .text.HAL_RCC_ClockConfig
                0x08004d88      0x1cc ./Drivers/STM32F4xx_HAL_Driver/Src/stm32f4xx_hal_rcc.o
                0x08004d88                HAL_RCC_ClockConfig
 .text.HAL_RCC_GetSysClockFreq
                0x08004f54      0x208 ./Drivers/STM32F4xx_HAL_Driver/Src/stm32f4xx_hal_rcc.o
                0x08004f54                HAL_RCC_GetSysClockFreq
 .text.HAL_RCC_GetHCLKFreq
                0x0800515c       0x18 ./Drivers/STM32F4xx_HAL_Driver/Src/stm32f4xx_hal_rcc.o
                0x0800515c                HAL_RCC_GetHCLKFreq
 .text.HAL_RCC_GetPCLK1Freq
                0x08005174       0x28 ./Drivers/STM32F4xx_HAL_Driver/Src/stm32f4xx_hal_rcc.o
                0x08005174                HAL_RCC_GetPCLK1Freq
 .text.HAL_RCC_GetPCLK2Freq
                0x0800519c       0x28 ./Drivers/STM32F4xx_HAL_Driver/Src/stm32f4xx_hal_rcc.o
                0x0800519c                HAL_RCC_GetPCLK2Freq
 .text.HAL_UART_Init
                0x080051c4       0xa0 ./Drivers/STM32F4xx_HAL_Driver/Src/stm32f4xx_hal_uart.o
                0x080051c4                HAL_UART_Init
 .text.UART_SetConfig
                0x08005264      0x4e8 ./Drivers/STM32F4xx_HAL_Driver/Src/stm32f4xx_hal_uart.o
 .text.LL_GPIO_SetPinMode
                0x0800574c       0x7a ./Drivers/STM32F4xx_HAL_Driver/Src/stm32f4xx_ll_gpio.o
 .text.LL_GPIO_SetPinOutputType
                0x080057c6       0x30 ./Drivers/STM32F4xx_HAL_Driver/Src/stm32f4xx_ll_gpio.o
 .text.LL_GPIO_SetPinSpeed
                0x080057f6       0x7a ./Drivers/STM32F4xx_HAL_Driver/Src/stm32f4xx_ll_gpio.o
 .text.LL_GPIO_SetPinPull
                0x08005870       0x7a ./Drivers/STM32F4xx_HAL_Driver/Src/stm32f4xx_ll_gpio.o
 .text.LL_GPIO_SetAFPin_0_7
                0x080058ea       0x7a ./Drivers/STM32F4xx_HAL_Driver/Src/stm32f4xx_ll_gpio.o
 .text.LL_GPIO_SetAFPin_8_15
                0x08005964       0x7e ./Drivers/STM32F4xx_HAL_Driver/Src/stm32f4xx_ll_gpio.o
 .text.LL_GPIO_Init
                0x080059e2      0x102 ./Drivers/STM32F4xx_HAL_Driver/Src/stm32f4xx_ll_gpio.o
                0x080059e2                LL_GPIO_Init
 .text.LL_RCC_GetSysClkSource
                0x08005ae4       0x1c ./Drivers/STM32F4xx_HAL_Driver/Src/stm32f4xx_ll_rcc.o
 .text.LL_RCC_GetAHBPrescaler
                0x08005b00       0x1c ./Drivers/STM32F4xx_HAL_Driver/Src/stm32f4xx_ll_rcc.o
 .text.LL_RCC_GetAPB1Prescaler
                0x08005b1c       0x1c ./Drivers/STM32F4xx_HAL_Driver/Src/stm32f4xx_ll_rcc.o
 .text.LL_RCC_GetAPB2Prescaler
                0x08005b38       0x1c ./Drivers/STM32F4xx_HAL_Driver/Src/stm32f4xx_ll_rcc.o
 .text.LL_RCC_PLL_GetMainSource
                0x08005b54       0x1c ./Drivers/STM32F4xx_HAL_Driver/Src/stm32f4xx_ll_rcc.o
 .text.LL_RCC_PLL_GetN
                0x08005b70       0x1c ./Drivers/STM32F4xx_HAL_Driver/Src/stm32f4xx_ll_rcc.o
 .text.LL_RCC_PLL_GetP
                0x08005b8c       0x1c ./Drivers/STM32F4xx_HAL_Driver/Src/stm32f4xx_ll_rcc.o
 .text.LL_RCC_PLL_GetDivider
                0x08005ba8       0x1c ./Drivers/STM32F4xx_HAL_Driver/Src/stm32f4xx_ll_rcc.o
 .text.LL_RCC_GetSystemClocksFreq
                0x08005bc4       0x4a ./Drivers/STM32F4xx_HAL_Driver/Src/stm32f4xx_ll_rcc.o
                0x08005bc4                LL_RCC_GetSystemClocksFreq
 *fill*         0x08005c0e        0x2 
 .text.RCC_GetSystemClockFreq
                0x08005c10       0x4c ./Drivers/STM32F4xx_HAL_Driver/Src/stm32f4xx_ll_rcc.o
                0x08005c10                RCC_GetSystemClockFreq
 .text.RCC_GetHCLKClockFreq
                0x08005c5c       0x2c ./Drivers/STM32F4xx_HAL_Driver/Src/stm32f4xx_ll_rcc.o
                0x08005c5c                RCC_GetHCLKClockFreq
 .text.RCC_GetPCLK1ClockFreq
                0x08005c88       0x28 ./Drivers/STM32F4xx_HAL_Driver/Src/stm32f4xx_ll_rcc.o
                0x08005c88                RCC_GetPCLK1ClockFreq
 .text.RCC_GetPCLK2ClockFreq
                0x08005cb0       0x28 ./Drivers/STM32F4xx_HAL_Driver/Src/stm32f4xx_ll_rcc.o
                0x08005cb0                RCC_GetPCLK2ClockFreq
 .text.RCC_PLL_GetFreqDomain_SYS
                0x08005cd8       0x78 ./Drivers/STM32F4xx_HAL_Driver/Src/stm32f4xx_ll_rcc.o
                0x08005cd8                RCC_PLL_GetFreqDomain_SYS
 .text.LL_SPI_IsEnabled
                0x08005d50       0x26 ./Drivers/STM32F4xx_HAL_Driver/Src/stm32f4xx_ll_spi.o
 .text.LL_SPI_SetCRCPolynomial
                0x08005d76       0x20 ./Drivers/STM32F4xx_HAL_Driver/Src/stm32f4xx_ll_spi.o
 .text.LL_SPI_Init
                0x08005d96       0xa4 ./Drivers/STM32F4xx_HAL_Driver/Src/stm32f4xx_ll_spi.o
                0x08005d96                LL_SPI_Init
 .text.LL_TIM_SetPrescaler
                0x08005e3a       0x1c ./Drivers/STM32F4xx_HAL_Driver/Src/stm32f4xx_ll_tim.o
 .text.LL_TIM_SetAutoReload
                0x08005e56       0x1c ./Drivers/STM32F4xx_HAL_Driver/Src/stm32f4xx_ll_tim.o
 .text.LL_TIM_SetRepetitionCounter
                0x08005e72       0x1c ./Drivers/STM32F4xx_HAL_Driver/Src/stm32f4xx_ll_tim.o
 .text.LL_TIM_OC_SetCompareCH1
                0x08005e8e       0x1c ./Drivers/STM32F4xx_HAL_Driver/Src/stm32f4xx_ll_tim.o
 .text.LL_TIM_OC_SetCompareCH2
                0x08005eaa       0x1c ./Drivers/STM32F4xx_HAL_Driver/Src/stm32f4xx_ll_tim.o
 .text.LL_TIM_OC_SetCompareCH3
                0x08005ec6       0x1c ./Drivers/STM32F4xx_HAL_Driver/Src/stm32f4xx_ll_tim.o
 .text.LL_TIM_OC_SetCompareCH4
                0x08005ee2       0x1c ./Drivers/STM32F4xx_HAL_Driver/Src/stm32f4xx_ll_tim.o
 .text.LL_TIM_GenerateEvent_UPDATE
                0x08005efe       0x20 ./Drivers/STM32F4xx_HAL_Driver/Src/stm32f4xx_ll_tim.o
 *fill*         0x08005f1e        0x2 
 .text.LL_TIM_Init
                0x08005f20      0x134 ./Drivers/STM32F4xx_HAL_Driver/Src/stm32f4xx_ll_tim.o
                0x08005f20                LL_TIM_Init
 .text.LL_TIM_OC_Init
                0x08006054       0x82 ./Drivers/STM32F4xx_HAL_Driver/Src/stm32f4xx_ll_tim.o
                0x08006054                LL_TIM_OC_Init
 *fill*         0x080060d6        0x2 
 .text.OC1Config
                0x080060d8       0xd8 ./Drivers/STM32F4xx_HAL_Driver/Src/stm32f4xx_ll_tim.o
 .text.OC2Config
                0x080061b0       0xe0 ./Drivers/STM32F4xx_HAL_Driver/Src/stm32f4xx_ll_tim.o
 .text.OC3Config
                0x08006290       0xe0 ./Drivers/STM32F4xx_HAL_Driver/Src/stm32f4xx_ll_tim.o
 .text.OC4Config
                0x08006370       0xb0 ./Drivers/STM32F4xx_HAL_Driver/Src/stm32f4xx_ll_tim.o
 .text.LL_USART_IsEnabled
                0x08006420       0x28 ./Drivers/STM32F4xx_HAL_Driver/Src/stm32f4xx_ll_usart.o
 .text.LL_USART_SetStopBitsLength
                0x08006448       0x26 ./Drivers/STM32F4xx_HAL_Driver/Src/stm32f4xx_ll_usart.o
 .text.LL_USART_SetHWFlowCtrl
                0x0800646e       0x26 ./Drivers/STM32F4xx_HAL_Driver/Src/stm32f4xx_ll_usart.o
 .text.LL_USART_SetBaudRate
                0x08006494      0x45c ./Drivers/STM32F4xx_HAL_Driver/Src/stm32f4xx_ll_usart.o
 .text.LL_USART_Init
                0x080068f0      0x100 ./Drivers/STM32F4xx_HAL_Driver/Src/stm32f4xx_ll_usart.o
                0x080068f0                LL_USART_Init
 .text.USB_CoreInit
                0x080069f0       0xc8 ./Drivers/STM32F4xx_HAL_Driver/Src/stm32f4xx_ll_usb.o
                0x080069f0                USB_CoreInit
 .text.USB_SetTurnaroundTime
                0x08006ab8      0x144 ./Drivers/STM32F4xx_HAL_Driver/Src/stm32f4xx_ll_usb.o
                0x08006ab8                USB_SetTurnaroundTime
 .text.USB_EnableGlobalInt
                0x08006bfc       0x22 ./Drivers/STM32F4xx_HAL_Driver/Src/stm32f4xx_ll_usb.o
                0x08006bfc                USB_EnableGlobalInt
 .text.USB_DisableGlobalInt
                0x08006c1e       0x22 ./Drivers/STM32F4xx_HAL_Driver/Src/stm32f4xx_ll_usb.o
                0x08006c1e                USB_DisableGlobalInt
 .text.USB_SetCurrentMode
                0x08006c40       0x98 ./Drivers/STM32F4xx_HAL_Driver/Src/stm32f4xx_ll_usb.o
                0x08006c40                USB_SetCurrentMode
 .text.USB_DevInit
                0x08006cd8      0x2c8 ./Drivers/STM32F4xx_HAL_Driver/Src/stm32f4xx_ll_usb.o
                0x08006cd8                USB_DevInit
 .text.USB_FlushTxFifo
                0x08006fa0       0x64 ./Drivers/STM32F4xx_HAL_Driver/Src/stm32f4xx_ll_usb.o
                0x08006fa0                USB_FlushTxFifo
 .text.USB_FlushRxFifo
                0x08007004       0x5c ./Drivers/STM32F4xx_HAL_Driver/Src/stm32f4xx_ll_usb.o
                0x08007004                USB_FlushRxFifo
 .text.USB_SetDevSpeed
                0x08007060       0x32 ./Drivers/STM32F4xx_HAL_Driver/Src/stm32f4xx_ll_usb.o
                0x08007060                USB_SetDevSpeed
 .text.USB_GetDevSpeed
                0x08007092       0x4a ./Drivers/STM32F4xx_HAL_Driver/Src/stm32f4xx_ll_usb.o
                0x08007092                USB_GetDevSpeed
 .text.USB_ActivateEndpoint
                0x080070dc      0x10e ./Drivers/STM32F4xx_HAL_Driver/Src/stm32f4xx_ll_usb.o
                0x080070dc                USB_ActivateEndpoint
 *fill*         0x080071ea        0x2 
 .text.USB_DeactivateEndpoint
                0x080071ec      0x1b8 ./Drivers/STM32F4xx_HAL_Driver/Src/stm32f4xx_ll_usb.o
                0x080071ec                USB_DeactivateEndpoint
 .text.USB_EPStartXfer
                0x080073a4      0x53c ./Drivers/STM32F4xx_HAL_Driver/Src/stm32f4xx_ll_usb.o
                0x080073a4                USB_EPStartXfer
 .text.USB_EPStopXfer
                0x080078e0      0x154 ./Drivers/STM32F4xx_HAL_Driver/Src/stm32f4xx_ll_usb.o
                0x080078e0                USB_EPStopXfer
 .text.USB_WritePacket
                0x08007a34       0x7c ./Drivers/STM32F4xx_HAL_Driver/Src/stm32f4xx_ll_usb.o
                0x08007a34                USB_WritePacket
 .text.USB_ReadPacket
                0x08007ab0       0xb0 ./Drivers/STM32F4xx_HAL_Driver/Src/stm32f4xx_ll_usb.o
                0x08007ab0                USB_ReadPacket
 .text.USB_EPSetStall
                0x08007b60       0xdc ./Drivers/STM32F4xx_HAL_Driver/Src/stm32f4xx_ll_usb.o
                0x08007b60                USB_EPSetStall
 .text.USB_EPClearStall
                0x08007c3c       0xcc ./Drivers/STM32F4xx_HAL_Driver/Src/stm32f4xx_ll_usb.o
                0x08007c3c                USB_EPClearStall
 .text.USB_SetDevAddress
                0x08007d08       0x4c ./Drivers/STM32F4xx_HAL_Driver/Src/stm32f4xx_ll_usb.o
                0x08007d08                USB_SetDevAddress
 .text.USB_DevConnect
                0x08007d54       0x42 ./Drivers/STM32F4xx_HAL_Driver/Src/stm32f4xx_ll_usb.o
                0x08007d54                USB_DevConnect
 .text.USB_DevDisconnect
                0x08007d96       0x42 ./Drivers/STM32F4xx_HAL_Driver/Src/stm32f4xx_ll_usb.o
                0x08007d96                USB_DevDisconnect
 .text.USB_ReadInterrupts
                0x08007dd8       0x26 ./Drivers/STM32F4xx_HAL_Driver/Src/stm32f4xx_ll_usb.o
                0x08007dd8                USB_ReadInterrupts
 .text.USB_ReadDevAllOutEpInterrupt
                0x08007dfe       0x34 ./Drivers/STM32F4xx_HAL_Driver/Src/stm32f4xx_ll_usb.o
                0x08007dfe                USB_ReadDevAllOutEpInterrupt
 .text.USB_ReadDevAllInEpInterrupt
                0x08007e32       0x34 ./Drivers/STM32F4xx_HAL_Driver/Src/stm32f4xx_ll_usb.o
                0x08007e32                USB_ReadDevAllInEpInterrupt
 .text.USB_ReadDevOutEPInterrupt
                0x08007e66       0x3c ./Drivers/STM32F4xx_HAL_Driver/Src/stm32f4xx_ll_usb.o
                0x08007e66                USB_ReadDevOutEPInterrupt
 .text.USB_ReadDevInEPInterrupt
                0x08007ea2       0x5c ./Drivers/STM32F4xx_HAL_Driver/Src/stm32f4xx_ll_usb.o
                0x08007ea2                USB_ReadDevInEPInterrupt
 .text.USB_GetMode
                0x08007efe       0x1c ./Drivers/STM32F4xx_HAL_Driver/Src/stm32f4xx_ll_usb.o
                0x08007efe                USB_GetMode
 .text.USB_ActivateSetup
                0x08007f1a       0x46 ./Drivers/STM32F4xx_HAL_Driver/Src/stm32f4xx_ll_usb.o
                0x08007f1a                USB_ActivateSetup
 .text.USB_EP0_OutStart
                0x08007f60       0xbc ./Drivers/STM32F4xx_HAL_Driver/Src/stm32f4xx_ll_usb.o
                0x08007f60                USB_EP0_OutStart
 .text.USB_CoreReset
                0x0800801c       0x62 ./Drivers/STM32F4xx_HAL_Driver/Src/stm32f4xx_ll_usb.o
 *fill*         0x0800807e        0x2 
 .text.USBD_CDC_Init
                0x08008080      0x1f0 ./Middlewares/ST/STM32_USB_Device_Library/Class/CDC/Src/usbd_cdc.o
 .text.USBD_CDC_DeInit
                0x08008270      0x104 ./Middlewares/ST/STM32_USB_Device_Library/Class/CDC/Src/usbd_cdc.o
 .text.USBD_CDC_Setup
                0x08008374      0x1b8 ./Middlewares/ST/STM32_USB_Device_Library/Class/CDC/Src/usbd_cdc.o
 .text.USBD_CDC_DataIn
                0x0800852c       0xfe ./Middlewares/ST/STM32_USB_Device_Library/Class/CDC/Src/usbd_cdc.o
 .text.USBD_CDC_DataOut
                0x0800862a       0x70 ./Middlewares/ST/STM32_USB_Device_Library/Class/CDC/Src/usbd_cdc.o
 .text.USBD_CDC_EP0_RxReady
                0x0800869a       0x74 ./Middlewares/ST/STM32_USB_Device_Library/Class/CDC/Src/usbd_cdc.o
 *fill*         0x0800870e        0x2 
 .text.USBD_CDC_GetFSCfgDesc
                0x08008710       0x70 ./Middlewares/ST/STM32_USB_Device_Library/Class/CDC/Src/usbd_cdc.o
 .text.USBD_CDC_GetHSCfgDesc
                0x08008780       0x70 ./Middlewares/ST/STM32_USB_Device_Library/Class/CDC/Src/usbd_cdc.o
 .text.USBD_CDC_GetOtherSpeedCfgDesc
                0x080087f0       0x70 ./Middlewares/ST/STM32_USB_Device_Library/Class/CDC/Src/usbd_cdc.o
 .text.USBD_CDC_GetDeviceQualifierDescriptor
                0x08008860       0x20 ./Middlewares/ST/STM32_USB_Device_Library/Class/CDC/Src/usbd_cdc.o
                0x08008860                USBD_CDC_GetDeviceQualifierDescriptor
 .text.USBD_CDC_RegisterInterface
                0x08008880       0x34 ./Middlewares/ST/STM32_USB_Device_Library/Class/CDC/Src/usbd_cdc.o
                0x08008880                USBD_CDC_RegisterInterface
 .text.USBD_CDC_SetTxBuffer
                0x080088b4       0x44 ./Middlewares/ST/STM32_USB_Device_Library/Class/CDC/Src/usbd_cdc.o
                0x080088b4                USBD_CDC_SetTxBuffer
 .text.USBD_CDC_SetRxBuffer
                0x080088f8       0x3a ./Middlewares/ST/STM32_USB_Device_Library/Class/CDC/Src/usbd_cdc.o
                0x080088f8                USBD_CDC_SetRxBuffer
 *fill*         0x08008932        0x2 
 .text.USBD_CDC_TransmitPacket
                0x08008934       0x80 ./Middlewares/ST/STM32_USB_Device_Library/Class/CDC/Src/usbd_cdc.o
                0x08008934                USBD_CDC_TransmitPacket
 .text.USBD_CDC_ReceivePacket
                0x080089b4       0x6c ./Middlewares/ST/STM32_USB_Device_Library/Class/CDC/Src/usbd_cdc.o
                0x080089b4                USBD_CDC_ReceivePacket
 .text.USBD_Init
                0x08008a20       0x60 ./Middlewares/ST/STM32_USB_Device_Library/Core/Src/usbd_core.o
                0x08008a20                USBD_Init
 .text.USBD_RegisterClass
                0x08008a80       0x6c ./Middlewares/ST/STM32_USB_Device_Library/Core/Src/usbd_core.o
                0x08008a80                USBD_RegisterClass
 .text.USBD_Start
                0x08008aec       0x18 ./Middlewares/ST/STM32_USB_Device_Library/Core/Src/usbd_core.o
                0x08008aec                USBD_Start
 .text.USBD_RunTestMode
                0x08008b04       0x16 ./Middlewares/ST/STM32_USB_Device_Library/Core/Src/usbd_core.o
                0x08008b04                USBD_RunTestMode
 .text.USBD_SetClassConfig
                0x08008b1a       0x38 ./Middlewares/ST/STM32_USB_Device_Library/Core/Src/usbd_core.o
                0x08008b1a                USBD_SetClassConfig
 .text.USBD_ClrClassConfig
                0x08008b52       0x34 ./Middlewares/ST/STM32_USB_Device_Library/Core/Src/usbd_core.o
                0x08008b52                USBD_ClrClassConfig
 .text.USBD_LL_SetupStage
                0x08008b86       0xaa ./Middlewares/ST/STM32_USB_Device_Library/Core/Src/usbd_core.o
                0x08008b86                USBD_LL_SetupStage
 .text.USBD_LL_DataOutStage
                0x08008c30      0x166 ./Middlewares/ST/STM32_USB_Device_Library/Core/Src/usbd_core.o
                0x08008c30                USBD_LL_DataOutStage
 .text.USBD_LL_DataInStage
                0x08008d96      0x164 ./Middlewares/ST/STM32_USB_Device_Library/Core/Src/usbd_core.o
                0x08008d96                USBD_LL_DataInStage
 .text.USBD_LL_Reset
                0x08008efa       0xa4 ./Middlewares/ST/STM32_USB_Device_Library/Core/Src/usbd_core.o
                0x08008efa                USBD_LL_Reset
 .text.USBD_LL_SetSpeed
                0x08008f9e       0x20 ./Middlewares/ST/STM32_USB_Device_Library/Core/Src/usbd_core.o
                0x08008f9e                USBD_LL_SetSpeed
 .text.USBD_LL_Suspend
                0x08008fbe       0x38 ./Middlewares/ST/STM32_USB_Device_Library/Core/Src/usbd_core.o
                0x08008fbe                USBD_LL_Suspend
 .text.USBD_LL_Resume
                0x08008ff6       0x30 ./Middlewares/ST/STM32_USB_Device_Library/Core/Src/usbd_core.o
                0x08008ff6                USBD_LL_Resume
 .text.USBD_LL_SOF
                0x08009026       0x40 ./Middlewares/ST/STM32_USB_Device_Library/Core/Src/usbd_core.o
                0x08009026                USBD_LL_SOF
 .text.USBD_LL_IsoINIncomplete
                0x08009066       0x64 ./Middlewares/ST/STM32_USB_Device_Library/Core/Src/usbd_core.o
                0x08009066                USBD_LL_IsoINIncomplete
 .text.USBD_LL_IsoOUTIncomplete
                0x080090ca       0x64 ./Middlewares/ST/STM32_USB_Device_Library/Core/Src/usbd_core.o
                0x080090ca                USBD_LL_IsoOUTIncomplete
 .text.USBD_LL_DevConnected
                0x0800912e       0x16 ./Middlewares/ST/STM32_USB_Device_Library/Core/Src/usbd_core.o
                0x0800912e                USBD_LL_DevConnected
 .text.USBD_LL_DevDisconnected
                0x08009144       0x46 ./Middlewares/ST/STM32_USB_Device_Library/Core/Src/usbd_core.o
                0x08009144                USBD_LL_DevDisconnected
 .text.USBD_CoreFindIF
                0x0800918a       0x1a ./Middlewares/ST/STM32_USB_Device_Library/Core/Src/usbd_core.o
                0x0800918a                USBD_CoreFindIF
 .text.USBD_CoreFindEP
                0x080091a4       0x1a ./Middlewares/ST/STM32_USB_Device_Library/Core/Src/usbd_core.o
                0x080091a4                USBD_CoreFindEP
 .text.USBD_GetEpDesc
                0x080091be       0x70 ./Middlewares/ST/STM32_USB_Device_Library/Core/Src/usbd_core.o
                0x080091be                USBD_GetEpDesc
 .text.USBD_GetNextDesc
                0x0800922e       0x38 ./Middlewares/ST/STM32_USB_Device_Library/Core/Src/usbd_core.o
                0x0800922e                USBD_GetNextDesc
 .text.SWAPBYTE
                0x08009266       0x3e ./Middlewares/ST/STM32_USB_Device_Library/Core/Src/usbd_ctlreq.o
 .text.USBD_StdDevReq
                0x080092a4       0xe4 ./Middlewares/ST/STM32_USB_Device_Library/Core/Src/usbd_ctlreq.o
                0x080092a4                USBD_StdDevReq
 .text.USBD_StdItfReq
                0x08009388       0xd8 ./Middlewares/ST/STM32_USB_Device_Library/Core/Src/usbd_ctlreq.o
                0x08009388                USBD_StdItfReq
 .text.USBD_StdEPReq
                0x08009460      0x33a ./Middlewares/ST/STM32_USB_Device_Library/Core/Src/usbd_ctlreq.o
                0x08009460                USBD_StdEPReq
 *fill*         0x0800979a        0x2 
 .text.USBD_GetDescriptor
                0x0800979c      0x2d4 ./Middlewares/ST/STM32_USB_Device_Library/Core/Src/usbd_ctlreq.o
 .text.USBD_SetAddress
                0x08009a70       0x88 ./Middlewares/ST/STM32_USB_Device_Library/Core/Src/usbd_ctlreq.o
 .text.USBD_SetConfig
                0x08009af8      0x154 ./Middlewares/ST/STM32_USB_Device_Library/Core/Src/usbd_ctlreq.o
 .text.USBD_GetConfig
                0x08009c4c       0x6c ./Middlewares/ST/STM32_USB_Device_Library/Core/Src/usbd_ctlreq.o
 .text.USBD_GetStatus
                0x08009cb8       0x68 ./Middlewares/ST/STM32_USB_Device_Library/Core/Src/usbd_ctlreq.o
 .text.USBD_SetFeature
                0x08009d20       0x52 ./Middlewares/ST/STM32_USB_Device_Library/Core/Src/usbd_ctlreq.o
 .text.USBD_ClrFeature
                0x08009d72       0x44 ./Middlewares/ST/STM32_USB_Device_Library/Core/Src/usbd_ctlreq.o
 .text.USBD_ParseSetupRequest
                0x08009db6       0x74 ./Middlewares/ST/STM32_USB_Device_Library/Core/Src/usbd_ctlreq.o
                0x08009db6                USBD_ParseSetupRequest
 .text.USBD_CtlError
                0x08009e2a       0x22 ./Middlewares/ST/STM32_USB_Device_Library/Core/Src/usbd_ctlreq.o
                0x08009e2a                USBD_CtlError
 .text.USBD_GetString
                0x08009e4c       0xa4 ./Middlewares/ST/STM32_USB_Device_Library/Core/Src/usbd_ctlreq.o
                0x08009e4c                USBD_GetString
 .text.USBD_GetLen
                0x08009ef0       0x34 ./Middlewares/ST/STM32_USB_Device_Library/Core/Src/usbd_ctlreq.o
 .text.USBD_CtlSendData
                0x08009f24       0x36 ./Middlewares/ST/STM32_USB_Device_Library/Core/Src/usbd_ioreq.o
                0x08009f24                USBD_CtlSendData
 .text.USBD_CtlContinueSendData
                0x08009f5a       0x22 ./Middlewares/ST/STM32_USB_Device_Library/Core/Src/usbd_ioreq.o
                0x08009f5a                USBD_CtlContinueSendData
 .text.USBD_CtlPrepareRx
                0x08009f7c       0x3a ./Middlewares/ST/STM32_USB_Device_Library/Core/Src/usbd_ioreq.o
                0x08009f7c                USBD_CtlPrepareRx
 .text.USBD_CtlContinueRx
                0x08009fb6       0x22 ./Middlewares/ST/STM32_USB_Device_Library/Core/Src/usbd_ioreq.o
                0x08009fb6                USBD_CtlContinueRx
 .text.USBD_CtlSendStatus
                0x08009fd8       0x26 ./Middlewares/ST/STM32_USB_Device_Library/Core/Src/usbd_ioreq.o
                0x08009fd8                USBD_CtlSendStatus
 .text.USBD_CtlReceiveStatus
                0x08009ffe       0x26 ./Middlewares/ST/STM32_USB_Device_Library/Core/Src/usbd_ioreq.o
                0x08009ffe                USBD_CtlReceiveStatus
 .text.MX_USB_DEVICE_Init
                0x0800a024       0x60 ./USB_DEVICE/App/usb_device.o
                0x0800a024                MX_USB_DEVICE_Init
 .text.CDC_Init_FS
                0x0800a084       0x28 ./USB_DEVICE/App/usbd_cdc_if.o
 .text.CDC_DeInit_FS
                0x0800a0ac       0x10 ./USB_DEVICE/App/usbd_cdc_if.o
 .text.CDC_Control_FS
                0x0800a0bc       0xbc ./USB_DEVICE/App/usbd_cdc_if.o
 .text.CDC_Receive_FS
                0x0800a178       0x28 ./USB_DEVICE/App/usbd_cdc_if.o
 .text.CDC_Transmit_FS
                0x0800a1a0       0x4c ./USB_DEVICE/App/usbd_cdc_if.o
                0x0800a1a0                CDC_Transmit_FS
 .text.CDC_TransmitCplt_FS
                0x0800a1ec       0x22 ./USB_DEVICE/App/usbd_cdc_if.o
 *fill*         0x0800a20e        0x2 
 .text.USBD_FS_DeviceDescriptor
                0x0800a210       0x24 ./USB_DEVICE/App/usbd_desc.o
                0x0800a210                USBD_FS_DeviceDescriptor
 .text.USBD_FS_LangIDStrDescriptor
                0x0800a234       0x24 ./USB_DEVICE/App/usbd_desc.o
                0x0800a234                USBD_FS_LangIDStrDescriptor
 .text.USBD_FS_ProductStrDescriptor
                0x0800a258       0x3c ./USB_DEVICE/App/usbd_desc.o
                0x0800a258                USBD_FS_ProductStrDescriptor
 .text.USBD_FS_ManufacturerStrDescriptor
                0x0800a294       0x28 ./USB_DEVICE/App/usbd_desc.o
                0x0800a294                USBD_FS_ManufacturerStrDescriptor
 .text.USBD_FS_SerialStrDescriptor
                0x0800a2bc       0x24 ./USB_DEVICE/App/usbd_desc.o
                0x0800a2bc                USBD_FS_SerialStrDescriptor
 .text.USBD_FS_ConfigStrDescriptor
                0x0800a2e0       0x3c ./USB_DEVICE/App/usbd_desc.o
                0x0800a2e0                USBD_FS_ConfigStrDescriptor
 .text.USBD_FS_InterfaceStrDescriptor
                0x0800a31c       0x3c ./USB_DEVICE/App/usbd_desc.o
                0x0800a31c                USBD_FS_InterfaceStrDescriptor
 .text.Get_SerialNum
                0x0800a358       0x58 ./USB_DEVICE/App/usbd_desc.o
 .text.IntToUnicode
                0x0800a3b0       0x7e ./USB_DEVICE/App/usbd_desc.o
 *fill*         0x0800a42e        0x2 
 .text.HAL_PCD_MspInit
                0x0800a430       0xa8 ./USB_DEVICE/Target/usbd_conf.o
                0x0800a430                HAL_PCD_MspInit
 .text.HAL_PCD_SetupStageCallback
                0x0800a4d8       0x24 ./USB_DEVICE/Target/usbd_conf.o
                0x0800a4d8                HAL_PCD_SetupStageCallback
 .text.HAL_PCD_DataOutStageCallback
                0x0800a4fc       0x36 ./USB_DEVICE/Target/usbd_conf.o
                0x0800a4fc                HAL_PCD_DataOutStageCallback
 .text.HAL_PCD_DataInStageCallback
                0x0800a532       0x34 ./USB_DEVICE/Target/usbd_conf.o
                0x0800a532                HAL_PCD_DataInStageCallback
 .text.HAL_PCD_SOFCallback
                0x0800a566       0x1c ./USB_DEVICE/Target/usbd_conf.o
                0x0800a566                HAL_PCD_SOFCallback
 .text.HAL_PCD_ResetCallback
                0x0800a582       0x50 ./USB_DEVICE/Target/usbd_conf.o
                0x0800a582                HAL_PCD_ResetCallback
 *fill*         0x0800a5d2        0x2 
 .text.HAL_PCD_SuspendCallback
                0x0800a5d4       0x4c ./USB_DEVICE/Target/usbd_conf.o
                0x0800a5d4                HAL_PCD_SuspendCallback
 .text.HAL_PCD_ResumeCallback
                0x0800a620       0x1c ./USB_DEVICE/Target/usbd_conf.o
                0x0800a620                HAL_PCD_ResumeCallback
 .text.HAL_PCD_ISOOUTIncompleteCallback
                0x0800a63c       0x24 ./USB_DEVICE/Target/usbd_conf.o
                0x0800a63c                HAL_PCD_ISOOUTIncompleteCallback
 .text.HAL_PCD_ISOINIncompleteCallback
                0x0800a660       0x24 ./USB_DEVICE/Target/usbd_conf.o
                0x0800a660                HAL_PCD_ISOINIncompleteCallback
 .text.HAL_PCD_ConnectCallback
                0x0800a684       0x1c ./USB_DEVICE/Target/usbd_conf.o
                0x0800a684                HAL_PCD_ConnectCallback
 .text.HAL_PCD_DisconnectCallback
                0x0800a6a0       0x1c ./USB_DEVICE/Target/usbd_conf.o
                0x0800a6a0                HAL_PCD_DisconnectCallback
 .text.USBD_LL_Init
                0x0800a6bc       0x98 ./USB_DEVICE/Target/usbd_conf.o
                0x0800a6bc                USBD_LL_Init
 .text.USBD_LL_Start
                0x0800a754       0x36 ./USB_DEVICE/Target/usbd_conf.o
                0x0800a754                USBD_LL_Start
 .text.USBD_LL_OpenEP
                0x0800a78a       0x4c ./USB_DEVICE/Target/usbd_conf.o
                0x0800a78a                USBD_LL_OpenEP
 .text.USBD_LL_CloseEP
                0x0800a7d6       0x3e ./USB_DEVICE/Target/usbd_conf.o
                0x0800a7d6                USBD_LL_CloseEP
 .text.USBD_LL_StallEP
                0x0800a814       0x3e ./USB_DEVICE/Target/usbd_conf.o
                0x0800a814                USBD_LL_StallEP
 .text.USBD_LL_ClearStallEP
                0x0800a852       0x3e ./USB_DEVICE/Target/usbd_conf.o
                0x0800a852                USBD_LL_ClearStallEP
 .text.USBD_LL_IsStallEP
                0x0800a890       0x58 ./USB_DEVICE/Target/usbd_conf.o
                0x0800a890                USBD_LL_IsStallEP
 .text.USBD_LL_SetUSBAddress
                0x0800a8e8       0x3e ./USB_DEVICE/Target/usbd_conf.o
                0x0800a8e8                USBD_LL_SetUSBAddress
 .text.USBD_LL_Transmit
                0x0800a926       0x42 ./USB_DEVICE/Target/usbd_conf.o
                0x0800a926                USBD_LL_Transmit
 .text.USBD_LL_PrepareReceive
                0x0800a968       0x42 ./USB_DEVICE/Target/usbd_conf.o
                0x0800a968                USBD_LL_PrepareReceive
 .text.USBD_LL_GetRxDataSize
                0x0800a9aa       0x26 ./USB_DEVICE/Target/usbd_conf.o
                0x0800a9aa                USBD_LL_GetRxDataSize
 .text.USBD_static_malloc
                0x0800a9d0       0x1c ./USB_DEVICE/Target/usbd_conf.o
                0x0800a9d0                USBD_static_malloc
 .text.USBD_static_free
                0x0800a9ec       0x14 ./USB_DEVICE/Target/usbd_conf.o
                0x0800a9ec                USBD_static_free
 .text.USBD_Get_USB_Status
                0x0800aa00       0x58 ./USB_DEVICE/Target/usbd_conf.o
                0x0800aa00                USBD_Get_USB_Status
 .text.__assert_func
                0x0800aa58       0x3c C:/ST/STM32CubeIDE_1.17.0/STM32CubeIDE/plugins/com.st.stm32cube.ide.mcu.externaltools.gnu-tools-for-stm32.13.3.rel1.win32_1.0.0.202411081344/tools/bin/../lib/gcc/arm-none-eabi/13.3.1/../../../../arm-none-eabi/lib/thumb/v7e-m+fp/hard\libc_nano.a(libc_a-assert.o)
                0x0800aa58                __assert_func
 .text.malloc   0x0800aa94       0x10 C:/ST/STM32CubeIDE_1.17.0/STM32CubeIDE/plugins/com.st.stm32cube.ide.mcu.externaltools.gnu-tools-for-stm32.13.3.rel1.win32_1.0.0.202411081344/tools/bin/../lib/gcc/arm-none-eabi/13.3.1/../../../../arm-none-eabi/lib/thumb/v7e-m+fp/hard\libc_nano.a(libc_a-malloc.o)
                0x0800aa94                malloc
 .text.sbrk_aligned
                0x0800aaa4       0x44 C:/ST/STM32CubeIDE_1.17.0/STM32CubeIDE/plugins/com.st.stm32cube.ide.mcu.externaltools.gnu-tools-for-stm32.13.3.rel1.win32_1.0.0.202411081344/tools/bin/../lib/gcc/arm-none-eabi/13.3.1/../../../../arm-none-eabi/lib/thumb/v7e-m+fp/hard\libc_nano.a(libc_a-mallocr.o)
 .text._malloc_r
                0x0800aae8      0x100 C:/ST/STM32CubeIDE_1.17.0/STM32CubeIDE/plugins/com.st.stm32cube.ide.mcu.externaltools.gnu-tools-for-stm32.13.3.rel1.win32_1.0.0.202411081344/tools/bin/../lib/gcc/arm-none-eabi/13.3.1/../../../../arm-none-eabi/lib/thumb/v7e-m+fp/hard\libc_nano.a(libc_a-mallocr.o)
                0x0800aae8                _malloc_r
 .text.__malloc_lock
                0x0800abe8        0xc C:/ST/STM32CubeIDE_1.17.0/STM32CubeIDE/plugins/com.st.stm32cube.ide.mcu.externaltools.gnu-tools-for-stm32.13.3.rel1.win32_1.0.0.202411081344/tools/bin/../lib/gcc/arm-none-eabi/13.3.1/../../../../arm-none-eabi/lib/thumb/v7e-m+fp/hard\libc_nano.a(libc_a-mlock.o)
                0x0800abe8                __malloc_lock
 .text.__malloc_unlock
                0x0800abf4        0xc C:/ST/STM32CubeIDE_1.17.0/STM32CubeIDE/plugins/com.st.stm32cube.ide.mcu.externaltools.gnu-tools-for-stm32.13.3.rel1.win32_1.0.0.202411081344/tools/bin/../lib/gcc/arm-none-eabi/13.3.1/../../../../arm-none-eabi/lib/thumb/v7e-m+fp/hard\libc_nano.a(libc_a-mlock.o)
                0x0800abf4                __malloc_unlock
 .text.__cvt    0x0800ac00       0xca C:/ST/STM32CubeIDE_1.17.0/STM32CubeIDE/plugins/com.st.stm32cube.ide.mcu.externaltools.gnu-tools-for-stm32.13.3.rel1.win32_1.0.0.202411081344/tools/bin/../lib/gcc/arm-none-eabi/13.3.1/../../../../arm-none-eabi/lib/thumb/v7e-m+fp/hard\libc_nano.a(libc_a-nano-vfprintf_float.o)
                0x0800ac00                __cvt
 .text.__exponent
                0x0800acca       0x74 C:/ST/STM32CubeIDE_1.17.0/STM32CubeIDE/plugins/com.st.stm32cube.ide.mcu.externaltools.gnu-tools-for-stm32.13.3.rel1.win32_1.0.0.202411081344/tools/bin/../lib/gcc/arm-none-eabi/13.3.1/../../../../arm-none-eabi/lib/thumb/v7e-m+fp/hard\libc_nano.a(libc_a-nano-vfprintf_float.o)
                0x0800acca                __exponent
 *fill*         0x0800ad3e        0x2 
 .text._printf_float
                0x0800ad40      0x454 C:/ST/STM32CubeIDE_1.17.0/STM32CubeIDE/plugins/com.st.stm32cube.ide.mcu.externaltools.gnu-tools-for-stm32.13.3.rel1.win32_1.0.0.202411081344/tools/bin/../lib/gcc/arm-none-eabi/13.3.1/../../../../arm-none-eabi/lib/thumb/v7e-m+fp/hard\libc_nano.a(libc_a-nano-vfprintf_float.o)
                0x0800ad40                _printf_float
 .text._printf_common
                0x0800b194       0xda C:/ST/STM32CubeIDE_1.17.0/STM32CubeIDE/plugins/com.st.stm32cube.ide.mcu.externaltools.gnu-tools-for-stm32.13.3.rel1.win32_1.0.0.202411081344/tools/bin/../lib/gcc/arm-none-eabi/13.3.1/../../../../arm-none-eabi/lib/thumb/v7e-m+fp/hard\libc_nano.a(libc_a-nano-vfprintf_i.o)
                0x0800b194                _printf_common
 *fill*         0x0800b26e        0x2 
 .text._printf_i
                0x0800b270      0x23c C:/ST/STM32CubeIDE_1.17.0/STM32CubeIDE/plugins/com.st.stm32cube.ide.mcu.externaltools.gnu-tools-for-stm32.13.3.rel1.win32_1.0.0.202411081344/tools/bin/../lib/gcc/arm-none-eabi/13.3.1/../../../../arm-none-eabi/lib/thumb/v7e-m+fp/hard\libc_nano.a(libc_a-nano-vfprintf_i.o)
                0x0800b270                _printf_i
 .text.std      0x0800b4ac       0x6c C:/ST/STM32CubeIDE_1.17.0/STM32CubeIDE/plugins/com.st.stm32cube.ide.mcu.externaltools.gnu-tools-for-stm32.13.3.rel1.win32_1.0.0.202411081344/tools/bin/../lib/gcc/arm-none-eabi/13.3.1/../../../../arm-none-eabi/lib/thumb/v7e-m+fp/hard\libc_nano.a(libc_a-findfp.o)
 .text.stdio_exit_handler
                0x0800b518       0x18 C:/ST/STM32CubeIDE_1.17.0/STM32CubeIDE/plugins/com.st.stm32cube.ide.mcu.externaltools.gnu-tools-for-stm32.13.3.rel1.win32_1.0.0.202411081344/tools/bin/../lib/gcc/arm-none-eabi/13.3.1/../../../../arm-none-eabi/lib/thumb/v7e-m+fp/hard\libc_nano.a(libc_a-findfp.o)
 .text.cleanup_stdio
                0x0800b530       0x40 C:/ST/STM32CubeIDE_1.17.0/STM32CubeIDE/plugins/com.st.stm32cube.ide.mcu.externaltools.gnu-tools-for-stm32.13.3.rel1.win32_1.0.0.202411081344/tools/bin/../lib/gcc/arm-none-eabi/13.3.1/../../../../arm-none-eabi/lib/thumb/v7e-m+fp/hard\libc_nano.a(libc_a-findfp.o)
 .text.global_stdio_init.part.0
                0x0800b570       0x3c C:/ST/STM32CubeIDE_1.17.0/STM32CubeIDE/plugins/com.st.stm32cube.ide.mcu.externaltools.gnu-tools-for-stm32.13.3.rel1.win32_1.0.0.202411081344/tools/bin/../lib/gcc/arm-none-eabi/13.3.1/../../../../arm-none-eabi/lib/thumb/v7e-m+fp/hard\libc_nano.a(libc_a-findfp.o)
 .text.__sfp_lock_acquire
                0x0800b5ac        0xc C:/ST/STM32CubeIDE_1.17.0/STM32CubeIDE/plugins/com.st.stm32cube.ide.mcu.externaltools.gnu-tools-for-stm32.13.3.rel1.win32_1.0.0.202411081344/tools/bin/../lib/gcc/arm-none-eabi/13.3.1/../../../../arm-none-eabi/lib/thumb/v7e-m+fp/hard\libc_nano.a(libc_a-findfp.o)
                0x0800b5ac                __sfp_lock_acquire
 .text.__sfp_lock_release
                0x0800b5b8        0xc C:/ST/STM32CubeIDE_1.17.0/STM32CubeIDE/plugins/com.st.stm32cube.ide.mcu.externaltools.gnu-tools-for-stm32.13.3.rel1.win32_1.0.0.202411081344/tools/bin/../lib/gcc/arm-none-eabi/13.3.1/../../../../arm-none-eabi/lib/thumb/v7e-m+fp/hard\libc_nano.a(libc_a-findfp.o)
                0x0800b5b8                __sfp_lock_release
 .text.__sinit  0x0800b5c4       0x30 C:/ST/STM32CubeIDE_1.17.0/STM32CubeIDE/plugins/com.st.stm32cube.ide.mcu.externaltools.gnu-tools-for-stm32.13.3.rel1.win32_1.0.0.202411081344/tools/bin/../lib/gcc/arm-none-eabi/13.3.1/../../../../arm-none-eabi/lib/thumb/v7e-m+fp/hard\libc_nano.a(libc_a-findfp.o)
                0x0800b5c4                __sinit
 .text.fprintf  0x0800b5f4       0x24 C:/ST/STM32CubeIDE_1.17.0/STM32CubeIDE/plugins/com.st.stm32cube.ide.mcu.externaltools.gnu-tools-for-stm32.13.3.rel1.win32_1.0.0.202411081344/tools/bin/../lib/gcc/arm-none-eabi/13.3.1/../../../../arm-none-eabi/lib/thumb/v7e-m+fp/hard\libc_nano.a(libc_a-fprintf.o)
                0x0800b5f4                fiprintf
                0x0800b5f4                fprintf
 .text._fwalk_sglue
                0x0800b618       0x3c C:/ST/STM32CubeIDE_1.17.0/STM32CubeIDE/plugins/com.st.stm32cube.ide.mcu.externaltools.gnu-tools-for-stm32.13.3.rel1.win32_1.0.0.202411081344/tools/bin/../lib/gcc/arm-none-eabi/13.3.1/../../../../arm-none-eabi/lib/thumb/v7e-m+fp/hard\libc_nano.a(libc_a-fwalk.o)
                0x0800b618                _fwalk_sglue
 .text.printf   0x0800b654       0x24 C:/ST/STM32CubeIDE_1.17.0/STM32CubeIDE/plugins/com.st.stm32cube.ide.mcu.externaltools.gnu-tools-for-stm32.13.3.rel1.win32_1.0.0.202411081344/tools/bin/../lib/gcc/arm-none-eabi/13.3.1/../../../../arm-none-eabi/lib/thumb/v7e-m+fp/hard\libc_nano.a(libc_a-printf.o)
                0x0800b654                iprintf
                0x0800b654                printf
 .text.__sread  0x0800b678       0x22 C:/ST/STM32CubeIDE_1.17.0/STM32CubeIDE/plugins/com.st.stm32cube.ide.mcu.externaltools.gnu-tools-for-stm32.13.3.rel1.win32_1.0.0.202411081344/tools/bin/../lib/gcc/arm-none-eabi/13.3.1/../../../../arm-none-eabi/lib/thumb/v7e-m+fp/hard\libc_nano.a(libc_a-stdio.o)
                0x0800b678                __sread
 .text.__swrite
                0x0800b69a       0x38 C:/ST/STM32CubeIDE_1.17.0/STM32CubeIDE/plugins/com.st.stm32cube.ide.mcu.externaltools.gnu-tools-for-stm32.13.3.rel1.win32_1.0.0.202411081344/tools/bin/../lib/gcc/arm-none-eabi/13.3.1/../../../../arm-none-eabi/lib/thumb/v7e-m+fp/hard\libc_nano.a(libc_a-stdio.o)
                0x0800b69a                __swrite
 .text.__sseek  0x0800b6d2       0x24 C:/ST/STM32CubeIDE_1.17.0/STM32CubeIDE/plugins/com.st.stm32cube.ide.mcu.externaltools.gnu-tools-for-stm32.13.3.rel1.win32_1.0.0.202411081344/tools/bin/../lib/gcc/arm-none-eabi/13.3.1/../../../../arm-none-eabi/lib/thumb/v7e-m+fp/hard\libc_nano.a(libc_a-stdio.o)
                0x0800b6d2                __sseek
 .text.__sclose
                0x0800b6f6        0x8 C:/ST/STM32CubeIDE_1.17.0/STM32CubeIDE/plugins/com.st.stm32cube.ide.mcu.externaltools.gnu-tools-for-stm32.13.3.rel1.win32_1.0.0.202411081344/tools/bin/../lib/gcc/arm-none-eabi/13.3.1/../../../../arm-none-eabi/lib/thumb/v7e-m+fp/hard\libc_nano.a(libc_a-stdio.o)
                0x0800b6f6                __sclose
 .text.memset   0x0800b6fe       0x10 C:/ST/STM32CubeIDE_1.17.0/STM32CubeIDE/plugins/com.st.stm32cube.ide.mcu.externaltools.gnu-tools-for-stm32.13.3.rel1.win32_1.0.0.202411081344/tools/bin/../lib/gcc/arm-none-eabi/13.3.1/../../../../arm-none-eabi/lib/thumb/v7e-m+fp/hard\libc_nano.a(libc_a-memset.o)
                0x0800b6fe                memset
 *fill*         0x0800b70e        0x2 
 .text._localeconv_r
                0x0800b710        0x8 C:/ST/STM32CubeIDE_1.17.0/STM32CubeIDE/plugins/com.st.stm32cube.ide.mcu.externaltools.gnu-tools-for-stm32.13.3.rel1.win32_1.0.0.202411081344/tools/bin/../lib/gcc/arm-none-eabi/13.3.1/../../../../arm-none-eabi/lib/thumb/v7e-m+fp/hard\libc_nano.a(libc_a-localeconv.o)
                0x0800b710                _localeconv_r
 .text._close_r
                0x0800b718       0x20 C:/ST/STM32CubeIDE_1.17.0/STM32CubeIDE/plugins/com.st.stm32cube.ide.mcu.externaltools.gnu-tools-for-stm32.13.3.rel1.win32_1.0.0.202411081344/tools/bin/../lib/gcc/arm-none-eabi/13.3.1/../../../../arm-none-eabi/lib/thumb/v7e-m+fp/hard\libc_nano.a(libc_a-closer.o)
                0x0800b718                _close_r
 .text._lseek_r
                0x0800b738       0x24 C:/ST/STM32CubeIDE_1.17.0/STM32CubeIDE/plugins/com.st.stm32cube.ide.mcu.externaltools.gnu-tools-for-stm32.13.3.rel1.win32_1.0.0.202411081344/tools/bin/../lib/gcc/arm-none-eabi/13.3.1/../../../../arm-none-eabi/lib/thumb/v7e-m+fp/hard\libc_nano.a(libc_a-lseekr.o)
                0x0800b738                _lseek_r
 .text._read_r  0x0800b75c       0x24 C:/ST/STM32CubeIDE_1.17.0/STM32CubeIDE/plugins/com.st.stm32cube.ide.mcu.externaltools.gnu-tools-for-stm32.13.3.rel1.win32_1.0.0.202411081344/tools/bin/../lib/gcc/arm-none-eabi/13.3.1/../../../../arm-none-eabi/lib/thumb/v7e-m+fp/hard\libc_nano.a(libc_a-readr.o)
                0x0800b75c                _read_r
 .text._sbrk_r  0x0800b780       0x20 C:/ST/STM32CubeIDE_1.17.0/STM32CubeIDE/plugins/com.st.stm32cube.ide.mcu.externaltools.gnu-tools-for-stm32.13.3.rel1.win32_1.0.0.202411081344/tools/bin/../lib/gcc/arm-none-eabi/13.3.1/../../../../arm-none-eabi/lib/thumb/v7e-m+fp/hard\libc_nano.a(libc_a-sbrkr.o)
                0x0800b780                _sbrk_r
 .text._write_r
                0x0800b7a0       0x24 C:/ST/STM32CubeIDE_1.17.0/STM32CubeIDE/plugins/com.st.stm32cube.ide.mcu.externaltools.gnu-tools-for-stm32.13.3.rel1.win32_1.0.0.202411081344/tools/bin/../lib/gcc/arm-none-eabi/13.3.1/../../../../arm-none-eabi/lib/thumb/v7e-m+fp/hard\libc_nano.a(libc_a-writer.o)
                0x0800b7a0                _write_r
 .text.__errno  0x0800b7c4        0xc C:/ST/STM32CubeIDE_1.17.0/STM32CubeIDE/plugins/com.st.stm32cube.ide.mcu.externaltools.gnu-tools-for-stm32.13.3.rel1.win32_1.0.0.202411081344/tools/bin/../lib/gcc/arm-none-eabi/13.3.1/../../../../arm-none-eabi/lib/thumb/v7e-m+fp/hard\libc_nano.a(libc_a-errno.o)
                0x0800b7c4                __errno
 .text.__libc_init_array
                0x0800b7d0       0x48 C:/ST/STM32CubeIDE_1.17.0/STM32CubeIDE/plugins/com.st.stm32cube.ide.mcu.externaltools.gnu-tools-for-stm32.13.3.rel1.win32_1.0.0.202411081344/tools/bin/../lib/gcc/arm-none-eabi/13.3.1/../../../../arm-none-eabi/lib/thumb/v7e-m+fp/hard\libc_nano.a(libc_a-init.o)
                0x0800b7d0                __libc_init_array
 .text.__retarget_lock_init_recursive
                0x0800b818        0x2 C:/ST/STM32CubeIDE_1.17.0/STM32CubeIDE/plugins/com.st.stm32cube.ide.mcu.externaltools.gnu-tools-for-stm32.13.3.rel1.win32_1.0.0.202411081344/tools/bin/../lib/gcc/arm-none-eabi/13.3.1/../../../../arm-none-eabi/lib/thumb/v7e-m+fp/hard\libc_nano.a(libc_a-lock.o)
                0x0800b818                __retarget_lock_init_recursive
 .text.__retarget_lock_acquire_recursive
                0x0800b81a        0x2 C:/ST/STM32CubeIDE_1.17.0/STM32CubeIDE/plugins/com.st.stm32cube.ide.mcu.externaltools.gnu-tools-for-stm32.13.3.rel1.win32_1.0.0.202411081344/tools/bin/../lib/gcc/arm-none-eabi/13.3.1/../../../../arm-none-eabi/lib/thumb/v7e-m+fp/hard\libc_nano.a(libc_a-lock.o)
                0x0800b81a                __retarget_lock_acquire_recursive
 .text.__retarget_lock_release_recursive
                0x0800b81c        0x2 C:/ST/STM32CubeIDE_1.17.0/STM32CubeIDE/plugins/com.st.stm32cube.ide.mcu.externaltools.gnu-tools-for-stm32.13.3.rel1.win32_1.0.0.202411081344/tools/bin/../lib/gcc/arm-none-eabi/13.3.1/../../../../arm-none-eabi/lib/thumb/v7e-m+fp/hard\libc_nano.a(libc_a-lock.o)
                0x0800b81c                __retarget_lock_release_recursive
 .text.abort    0x0800b81e        0xe C:/ST/STM32CubeIDE_1.17.0/STM32CubeIDE/plugins/com.st.stm32cube.ide.mcu.externaltools.gnu-tools-for-stm32.13.3.rel1.win32_1.0.0.202411081344/tools/bin/../lib/gcc/arm-none-eabi/13.3.1/../../../../arm-none-eabi/lib/thumb/v7e-m+fp/hard\libc_nano.a(libc_a-abort.o)
                0x0800b81e                abort
 .text.quorem   0x0800b82c      0x110 C:/ST/STM32CubeIDE_1.17.0/STM32CubeIDE/plugins/com.st.stm32cube.ide.mcu.externaltools.gnu-tools-for-stm32.13.3.rel1.win32_1.0.0.202411081344/tools/bin/../lib/gcc/arm-none-eabi/13.3.1/../../../../arm-none-eabi/lib/thumb/v7e-m+fp/hard\libc_nano.a(libc_a-dtoa.o)
 *fill*         0x0800b93c        0x4 
 .text._dtoa_r  0x0800b940      0xba0 C:/ST/STM32CubeIDE_1.17.0/STM32CubeIDE/plugins/com.st.stm32cube.ide.mcu.externaltools.gnu-tools-for-stm32.13.3.rel1.win32_1.0.0.202411081344/tools/bin/../lib/gcc/arm-none-eabi/13.3.1/../../../../arm-none-eabi/lib/thumb/v7e-m+fp/hard\libc_nano.a(libc_a-dtoa.o)
                0x0800b940                _dtoa_r
 .text._free_r  0x0800c4e0       0x94 C:/ST/STM32CubeIDE_1.17.0/STM32CubeIDE/plugins/com.st.stm32cube.ide.mcu.externaltools.gnu-tools-for-stm32.13.3.rel1.win32_1.0.0.202411081344/tools/bin/../lib/gcc/arm-none-eabi/13.3.1/../../../../arm-none-eabi/lib/thumb/v7e-m+fp/hard\libc_nano.a(libc_a-freer.o)
                0x0800c4e0                _free_r
 .text._Balloc  0x0800c574       0x80 C:/ST/STM32CubeIDE_1.17.0/STM32CubeIDE/plugins/com.st.stm32cube.ide.mcu.externaltools.gnu-tools-for-stm32.13.3.rel1.win32_1.0.0.202411081344/tools/bin/../lib/gcc/arm-none-eabi/13.3.1/../../../../arm-none-eabi/lib/thumb/v7e-m+fp/hard\libc_nano.a(libc_a-mprec.o)
                0x0800c574                _Balloc
 .text._Bfree   0x0800c5f4       0x44 C:/ST/STM32CubeIDE_1.17.0/STM32CubeIDE/plugins/com.st.stm32cube.ide.mcu.externaltools.gnu-tools-for-stm32.13.3.rel1.win32_1.0.0.202411081344/tools/bin/../lib/gcc/arm-none-eabi/13.3.1/../../../../arm-none-eabi/lib/thumb/v7e-m+fp/hard\libc_nano.a(libc_a-mprec.o)
                0x0800c5f4                _Bfree
 .text.__multadd
                0x0800c638       0x8c C:/ST/STM32CubeIDE_1.17.0/STM32CubeIDE/plugins/com.st.stm32cube.ide.mcu.externaltools.gnu-tools-for-stm32.13.3.rel1.win32_1.0.0.202411081344/tools/bin/../lib/gcc/arm-none-eabi/13.3.1/../../../../arm-none-eabi/lib/thumb/v7e-m+fp/hard\libc_nano.a(libc_a-mprec.o)
                0x0800c638                __multadd
 .text.__hi0bits
                0x0800c6c4       0x3e C:/ST/STM32CubeIDE_1.17.0/STM32CubeIDE/plugins/com.st.stm32cube.ide.mcu.externaltools.gnu-tools-for-stm32.13.3.rel1.win32_1.0.0.202411081344/tools/bin/../lib/gcc/arm-none-eabi/13.3.1/../../../../arm-none-eabi/lib/thumb/v7e-m+fp/hard\libc_nano.a(libc_a-mprec.o)
                0x0800c6c4                __hi0bits
 .text.__lo0bits
                0x0800c702       0x5a C:/ST/STM32CubeIDE_1.17.0/STM32CubeIDE/plugins/com.st.stm32cube.ide.mcu.externaltools.gnu-tools-for-stm32.13.3.rel1.win32_1.0.0.202411081344/tools/bin/../lib/gcc/arm-none-eabi/13.3.1/../../../../arm-none-eabi/lib/thumb/v7e-m+fp/hard\libc_nano.a(libc_a-mprec.o)
                0x0800c702                __lo0bits
 .text.__i2b    0x0800c75c       0x2c C:/ST/STM32CubeIDE_1.17.0/STM32CubeIDE/plugins/com.st.stm32cube.ide.mcu.externaltools.gnu-tools-for-stm32.13.3.rel1.win32_1.0.0.202411081344/tools/bin/../lib/gcc/arm-none-eabi/13.3.1/../../../../arm-none-eabi/lib/thumb/v7e-m+fp/hard\libc_nano.a(libc_a-mprec.o)
                0x0800c75c                __i2b
 .text.__multiply
                0x0800c788      0x144 C:/ST/STM32CubeIDE_1.17.0/STM32CubeIDE/plugins/com.st.stm32cube.ide.mcu.externaltools.gnu-tools-for-stm32.13.3.rel1.win32_1.0.0.202411081344/tools/bin/../lib/gcc/arm-none-eabi/13.3.1/../../../../arm-none-eabi/lib/thumb/v7e-m+fp/hard\libc_nano.a(libc_a-mprec.o)
                0x0800c788                __multiply
 .text.__pow5mult
                0x0800c8cc       0xb4 C:/ST/STM32CubeIDE_1.17.0/STM32CubeIDE/plugins/com.st.stm32cube.ide.mcu.externaltools.gnu-tools-for-stm32.13.3.rel1.win32_1.0.0.202411081344/tools/bin/../lib/gcc/arm-none-eabi/13.3.1/../../../../arm-none-eabi/lib/thumb/v7e-m+fp/hard\libc_nano.a(libc_a-mprec.o)
                0x0800c8cc                __pow5mult
 .text.__lshift
                0x0800c980       0xd8 C:/ST/STM32CubeIDE_1.17.0/STM32CubeIDE/plugins/com.st.stm32cube.ide.mcu.externaltools.gnu-tools-for-stm32.13.3.rel1.win32_1.0.0.202411081344/tools/bin/../lib/gcc/arm-none-eabi/13.3.1/../../../../arm-none-eabi/lib/thumb/v7e-m+fp/hard\libc_nano.a(libc_a-mprec.o)
                0x0800c980                __lshift
 .text.__mcmp   0x0800ca58       0x36 C:/ST/STM32CubeIDE_1.17.0/STM32CubeIDE/plugins/com.st.stm32cube.ide.mcu.externaltools.gnu-tools-for-stm32.13.3.rel1.win32_1.0.0.202411081344/tools/bin/../lib/gcc/arm-none-eabi/13.3.1/../../../../arm-none-eabi/lib/thumb/v7e-m+fp/hard\libc_nano.a(libc_a-mprec.o)
                0x0800ca58                __mcmp
 *fill*         0x0800ca8e        0x2 
 .text.__mdiff  0x0800ca90      0x128 C:/ST/STM32CubeIDE_1.17.0/STM32CubeIDE/plugins/com.st.stm32cube.ide.mcu.externaltools.gnu-tools-for-stm32.13.3.rel1.win32_1.0.0.202411081344/tools/bin/../lib/gcc/arm-none-eabi/13.3.1/../../../../arm-none-eabi/lib/thumb/v7e-m+fp/hard\libc_nano.a(libc_a-mprec.o)
                0x0800ca90                __mdiff
 .text.__d2b    0x0800cbb8       0xb0 C:/ST/STM32CubeIDE_1.17.0/STM32CubeIDE/plugins/com.st.stm32cube.ide.mcu.externaltools.gnu-tools-for-stm32.13.3.rel1.win32_1.0.0.202411081344/tools/bin/../lib/gcc/arm-none-eabi/13.3.1/../../../../arm-none-eabi/lib/thumb/v7e-m+fp/hard\libc_nano.a(libc_a-mprec.o)
                0x0800cbb8                __d2b
 .text.__sfputc_r
                0x0800cc68       0x2e C:/ST/STM32CubeIDE_1.17.0/STM32CubeIDE/plugins/com.st.stm32cube.ide.mcu.externaltools.gnu-tools-for-stm32.13.3.rel1.win32_1.0.0.202411081344/tools/bin/../lib/gcc/arm-none-eabi/13.3.1/../../../../arm-none-eabi/lib/thumb/v7e-m+fp/hard\libc_nano.a(libc_a-nano-vfprintf.o)
 .text.__sfputs_r
                0x0800cc96       0x24 C:/ST/STM32CubeIDE_1.17.0/STM32CubeIDE/plugins/com.st.stm32cube.ide.mcu.externaltools.gnu-tools-for-stm32.13.3.rel1.win32_1.0.0.202411081344/tools/bin/../lib/gcc/arm-none-eabi/13.3.1/../../../../arm-none-eabi/lib/thumb/v7e-m+fp/hard\libc_nano.a(libc_a-nano-vfprintf.o)
                0x0800cc96                __sfputs_r
 *fill*         0x0800ccba        0x2 
 .text._vfprintf_r
                0x0800ccbc      0x230 C:/ST/STM32CubeIDE_1.17.0/STM32CubeIDE/plugins/com.st.stm32cube.ide.mcu.externaltools.gnu-tools-for-stm32.13.3.rel1.win32_1.0.0.202411081344/tools/bin/../lib/gcc/arm-none-eabi/13.3.1/../../../../arm-none-eabi/lib/thumb/v7e-m+fp/hard\libc_nano.a(libc_a-nano-vfprintf.o)
                0x0800ccbc                _vfprintf_r
                0x0800ccbc                _vfiprintf_r
 .text.__sflush_r
                0x0800ceec      0x108 C:/ST/STM32CubeIDE_1.17.0/STM32CubeIDE/plugins/com.st.stm32cube.ide.mcu.externaltools.gnu-tools-for-stm32.13.3.rel1.win32_1.0.0.202411081344/tools/bin/../lib/gcc/arm-none-eabi/13.3.1/../../../../arm-none-eabi/lib/thumb/v7e-m+fp/hard\libc_nano.a(libc_a-fflush.o)
                0x0800ceec                __sflush_r
 .text._fflush_r
                0x0800cff4       0x50 C:/ST/STM32CubeIDE_1.17.0/STM32CubeIDE/plugins/com.st.stm32cube.ide.mcu.externaltools.gnu-tools-for-stm32.13.3.rel1.win32_1.0.0.202411081344/tools/bin/../lib/gcc/arm-none-eabi/13.3.1/../../../../arm-none-eabi/lib/thumb/v7e-m+fp/hard\libc_nano.a(libc_a-fflush.o)
                0x0800cff4                _fflush_r
 .text.__swbuf_r
                0x0800d044       0x7c C:/ST/STM32CubeIDE_1.17.0/STM32CubeIDE/plugins/com.st.stm32cube.ide.mcu.externaltools.gnu-tools-for-stm32.13.3.rel1.win32_1.0.0.202411081344/tools/bin/../lib/gcc/arm-none-eabi/13.3.1/../../../../arm-none-eabi/lib/thumb/v7e-m+fp/hard\libc_nano.a(libc_a-wbuf.o)
                0x0800d044                __swbuf_r
 .text.__swsetup_r
                0x0800d0c0       0xac C:/ST/STM32CubeIDE_1.17.0/STM32CubeIDE/plugins/com.st.stm32cube.ide.mcu.externaltools.gnu-tools-for-stm32.13.3.rel1.win32_1.0.0.202411081344/tools/bin/../lib/gcc/arm-none-eabi/13.3.1/../../../../arm-none-eabi/lib/thumb/v7e-m+fp/hard\libc_nano.a(libc_a-wsetup.o)
                0x0800d0c0                __swsetup_r
 .text._raise_r
                0x0800d16c       0x50 C:/ST/STM32CubeIDE_1.17.0/STM32CubeIDE/plugins/com.st.stm32cube.ide.mcu.externaltools.gnu-tools-for-stm32.13.3.rel1.win32_1.0.0.202411081344/tools/bin/../lib/gcc/arm-none-eabi/13.3.1/../../../../arm-none-eabi/lib/thumb/v7e-m+fp/hard\libc_nano.a(libc_a-signal.o)
                0x0800d16c                _raise_r
 .text.raise    0x0800d1bc       0x10 C:/ST/STM32CubeIDE_1.17.0/STM32CubeIDE/plugins/com.st.stm32cube.ide.mcu.externaltools.gnu-tools-for-stm32.13.3.rel1.win32_1.0.0.202411081344/tools/bin/../lib/gcc/arm-none-eabi/13.3.1/../../../../arm-none-eabi/lib/thumb/v7e-m+fp/hard\libc_nano.a(libc_a-signal.o)
                0x0800d1bc                raise
 .text._kill_r  0x0800d1cc       0x24 C:/ST/STM32CubeIDE_1.17.0/STM32CubeIDE/plugins/com.st.stm32cube.ide.mcu.externaltools.gnu-tools-for-stm32.13.3.rel1.win32_1.0.0.202411081344/tools/bin/../lib/gcc/arm-none-eabi/13.3.1/../../../../arm-none-eabi/lib/thumb/v7e-m+fp/hard\libc_nano.a(libc_a-signalr.o)
                0x0800d1cc                _kill_r
 .text._getpid_r
                0x0800d1f0        0x4 C:/ST/STM32CubeIDE_1.17.0/STM32CubeIDE/plugins/com.st.stm32cube.ide.mcu.externaltools.gnu-tools-for-stm32.13.3.rel1.win32_1.0.0.202411081344/tools/bin/../lib/gcc/arm-none-eabi/13.3.1/../../../../arm-none-eabi/lib/thumb/v7e-m+fp/hard\libc_nano.a(libc_a-signalr.o)
                0x0800d1f0                _getpid_r
 .text.memcpy   0x0800d1f4       0x1c C:/ST/STM32CubeIDE_1.17.0/STM32CubeIDE/plugins/com.st.stm32cube.ide.mcu.externaltools.gnu-tools-for-stm32.13.3.rel1.win32_1.0.0.202411081344/tools/bin/../lib/gcc/arm-none-eabi/13.3.1/../../../../arm-none-eabi/lib/thumb/v7e-m+fp/hard\libc_nano.a(libc_a-memcpy-stub.o)
                0x0800d1f4                memcpy
 .text._calloc_r
                0x0800d210       0x28 C:/ST/STM32CubeIDE_1.17.0/STM32CubeIDE/plugins/com.st.stm32cube.ide.mcu.externaltools.gnu-tools-for-stm32.13.3.rel1.win32_1.0.0.202411081344/tools/bin/../lib/gcc/arm-none-eabi/13.3.1/../../../../arm-none-eabi/lib/thumb/v7e-m+fp/hard\libc_nano.a(libc_a-callocr.o)
                0x0800d210                _calloc_r
 .text.__ascii_mbtowc
                0x0800d238       0x24 C:/ST/STM32CubeIDE_1.17.0/STM32CubeIDE/plugins/com.st.stm32cube.ide.mcu.externaltools.gnu-tools-for-stm32.13.3.rel1.win32_1.0.0.202411081344/tools/bin/../lib/gcc/arm-none-eabi/13.3.1/../../../../arm-none-eabi/lib/thumb/v7e-m+fp/hard\libc_nano.a(libc_a-mbtowc_r.o)
                0x0800d238                __ascii_mbtowc
 .text.__ascii_wctomb
                0x0800d25c       0x1a C:/ST/STM32CubeIDE_1.17.0/STM32CubeIDE/plugins/com.st.stm32cube.ide.mcu.externaltools.gnu-tools-for-stm32.13.3.rel1.win32_1.0.0.202411081344/tools/bin/../lib/gcc/arm-none-eabi/13.3.1/../../../../arm-none-eabi/lib/thumb/v7e-m+fp/hard\libc_nano.a(libc_a-wctomb_r.o)
                0x0800d25c                __ascii_wctomb
 .text.__swhatbuf_r
                0x0800d276       0x4c C:/ST/STM32CubeIDE_1.17.0/STM32CubeIDE/plugins/com.st.stm32cube.ide.mcu.externaltools.gnu-tools-for-stm32.13.3.rel1.win32_1.0.0.202411081344/tools/bin/../lib/gcc/arm-none-eabi/13.3.1/../../../../arm-none-eabi/lib/thumb/v7e-m+fp/hard\libc_nano.a(libc_a-makebuf.o)
                0x0800d276                __swhatbuf_r
 .text.__smakebuf_r
                0x0800d2c2       0x78 C:/ST/STM32CubeIDE_1.17.0/STM32CubeIDE/plugins/com.st.stm32cube.ide.mcu.externaltools.gnu-tools-for-stm32.13.3.rel1.win32_1.0.0.202411081344/tools/bin/../lib/gcc/arm-none-eabi/13.3.1/../../../../arm-none-eabi/lib/thumb/v7e-m+fp/hard\libc_nano.a(libc_a-makebuf.o)
                0x0800d2c2                __smakebuf_r
 *fill*         0x0800d33a        0x2 
 .text._fstat_r
                0x0800d33c       0x24 C:/ST/STM32CubeIDE_1.17.0/STM32CubeIDE/plugins/com.st.stm32cube.ide.mcu.externaltools.gnu-tools-for-stm32.13.3.rel1.win32_1.0.0.202411081344/tools/bin/../lib/gcc/arm-none-eabi/13.3.1/../../../../arm-none-eabi/lib/thumb/v7e-m+fp/hard\libc_nano.a(libc_a-fstatr.o)
                0x0800d33c                _fstat_r
 .text._isatty_r
                0x0800d360       0x20 C:/ST/STM32CubeIDE_1.17.0/STM32CubeIDE/plugins/com.st.stm32cube.ide.mcu.externaltools.gnu-tools-for-stm32.13.3.rel1.win32_1.0.0.202411081344/tools/bin/../lib/gcc/arm-none-eabi/13.3.1/../../../../arm-none-eabi/lib/thumb/v7e-m+fp/hard\libc_nano.a(libc_a-isattyr.o)
                0x0800d360                _isatty_r
 *(.glue_7)
 .glue_7        0x0800d380        0x0 linker stubs
 *(.glue_7t)
 .glue_7t       0x0800d380        0x0 linker stubs
 *(.eh_frame)
 .eh_frame      0x0800d380        0x0 C:/ST/STM32CubeIDE_1.17.0/STM32CubeIDE/plugins/com.st.stm32cube.ide.mcu.externaltools.gnu-tools-for-stm32.13.3.rel1.win32_1.0.0.202411081344/tools/bin/../lib/gcc/arm-none-eabi/13.3.1/thumb/v7e-m+fp/hard/crtbegin.o
 *(.init)
 .init          0x0800d380        0x4 C:/ST/STM32CubeIDE_1.17.0/STM32CubeIDE/plugins/com.st.stm32cube.ide.mcu.externaltools.gnu-tools-for-stm32.13.3.rel1.win32_1.0.0.202411081344/tools/bin/../lib/gcc/arm-none-eabi/13.3.1/thumb/v7e-m+fp/hard/crti.o
                0x0800d380                _init
 .init          0x0800d384        0x8 C:/ST/STM32CubeIDE_1.17.0/STM32CubeIDE/plugins/com.st.stm32cube.ide.mcu.externaltools.gnu-tools-for-stm32.13.3.rel1.win32_1.0.0.202411081344/tools/bin/../lib/gcc/arm-none-eabi/13.3.1/thumb/v7e-m+fp/hard/crtn.o
 *(.fini)
 .fini          0x0800d38c        0x4 C:/ST/STM32CubeIDE_1.17.0/STM32CubeIDE/plugins/com.st.stm32cube.ide.mcu.externaltools.gnu-tools-for-stm32.13.3.rel1.win32_1.0.0.202411081344/tools/bin/../lib/gcc/arm-none-eabi/13.3.1/thumb/v7e-m+fp/hard/crti.o
                0x0800d38c                _fini
 .fini          0x0800d390        0x8 C:/ST/STM32CubeIDE_1.17.0/STM32CubeIDE/plugins/com.st.stm32cube.ide.mcu.externaltools.gnu-tools-for-stm32.13.3.rel1.win32_1.0.0.202411081344/tools/bin/../lib/gcc/arm-none-eabi/13.3.1/thumb/v7e-m+fp/hard/crtn.o
                0x0800d398                        . = ALIGN (0x4)
                0x0800d398                        _etext = .

.vfp11_veneer   0x0800d398        0x0
 .vfp11_veneer  0x0800d398        0x0 linker stubs

.v4_bx          0x0800d398        0x0
 .v4_bx         0x0800d398        0x0 linker stubs

.iplt           0x0800d398        0x0
 .iplt          0x0800d398        0x0 C:/ST/STM32CubeIDE_1.17.0/STM32CubeIDE/plugins/com.st.stm32cube.ide.mcu.externaltools.gnu-tools-for-stm32.13.3.rel1.win32_1.0.0.202411081344/tools/bin/../lib/gcc/arm-none-eabi/13.3.1/thumb/v7e-m+fp/hard/crtbegin.o

.rodata         0x0800d398      0x47c
                0x0800d398                        . = ALIGN (0x4)
 *(.rodata)
 .rodata        0x0800d398       0x33 ./Core/Src/FC_Basic/RingBuffer.o
 *fill*         0x0800d3cb        0x1 
 .rodata        0x0800d3cc       0x16 ./Core/Src/main.o
 *fill*         0x0800d3e2        0x2 
 .rodata        0x0800d3e4       0x46 ./USB_DEVICE/App/usbd_desc.o
 *(.rodata*)
 *fill*         0x0800d42a        0x6 
 .rodata.tones  0x0800d430       0x40 ./Core/Src/FC_Basic/Buzzer.o
                0x0800d430                tones
 .rodata.__func__.0
                0x0800d470        0x8 ./Core/Src/FC_Basic/RingBuffer.o
 .rodata.OFFSET_TAB_CCMRx
                0x0800d478        0x7 ./Core/Src/main.o
 *fill*         0x0800d47f        0x1 
 .rodata.SHIFT_TAB_OCxx
                0x0800d480        0x7 ./Core/Src/main.o
 *fill*         0x0800d487        0x1 
 .rodata.AHBPrescTable
                0x0800d488       0x10 ./Core/Src/system_stm32f4xx.o
                0x0800d488                AHBPrescTable
 .rodata.APBPrescTable
                0x0800d498        0x8 ./Core/Src/system_stm32f4xx.o
                0x0800d498                APBPrescTable
 .rodata.__assert_func.str1.1