../Drivers/STM32F4xx_HAL_Driver/Inc/stm32f4xx_ll_tim.h:1116:22:LL_TIM_EnableCounter	16	static
../Drivers/STM32F4xx_HAL_Driver/Inc/stm32f4xx_ll_tim.h:2995:22:LL_TIM_EnableAllOutputs	16	static
../Drivers/STM32F4xx_HAL_Driver/Inc/stm32f4xx_ll_tim.h:3010:22:LL_TIM_DisableAllOutputs	16	static
../Core/Src/FC_Servo/Servo.c:24:6:SERVO_Initialization	16	static
../Core/Src/FC_Servo/Servo.c:46:9:configurePWM	16	static
../Core/Src/FC_Servo/Servo.c:66:6:SERVO_doArm	16	static
../Core/Src/FC_Servo/Servo.c:87:6:SERVO_doDisarm	8	static
../Core/Src/FC_Servo/Servo.c:103:6:SERVO_control	8	static
../Core/Src/FC_Servo/Servo.c:118:6:calculateServoOutput	16	static
../Core/Src/FC_Servo/Servo.c:141:6:controlPWM	16	static
