../Drivers/STM32F4xx_HAL_Driver/Inc/stm32f4xx_ll_tim.h:1116:22:LL_TIM_EnableCounter	16	static
../Drivers/STM32F4xx_HAL_Driver/Inc/stm32f4xx_ll_tim.h:1612:22:LL_TIM_CC_EnableChannel	16	static
../Drivers/STM32F4xx_HAL_Driver/Inc/stm32f4xx_ll_tim.h:3010:22:LL_TIM_DisableAllOutputs	16	static
../Core/Src/FC_Servo/Servo.c:34:6:SERVO_Initialization	8	static
../Core/Src/FC_Servo/Servo.c:56:9:configurePWM	16	static
../Core/Src/FC_Servo/Servo.c:77:6:SERVO_doArm	24	static
../Core/Src/FC_Servo/Servo.c:124:6:SERVO_doDisarm	8	static
../Core/Src/FC_Servo/Servo.c:140:6:SERVO_control	8	static
../Core/Src/FC_Servo/Servo.c:155:6:calculateServoOutput	16	static
../Core/Src/FC_Servo/Servo.c:179:6:controlPWM	24	static
../Core/Src/FC_Servo/Servo.c:222:6:SERVO_setFailsafe	4	static
../Core/Src/FC_Servo/Servo.c:232:6:SERVO_doCalibrate	16	static
