../Drivers/STM32F4xx_HAL_Driver/Inc/stm32f4xx_ll_spi.h:297:22:LL_SPI_Enable	16	static
../Drivers/STM32F4xx_HAL_Driver/Inc/stm32f4xx_ll_spi.h:320:26:LL_SPI_IsEnabled	16	static
../Drivers/STM32F4xx_HAL_Driver/Inc/stm32f4xx_ll_gpio.h:800:26:LL_GPIO_IsInputPinSet	16	static
../Drivers/STM32F4xx_HAL_Driver/Inc/stm32f4xx_ll_gpio.h:881:22:LL_GPIO_SetOutputPin	16	static
../Drivers/STM32F4xx_HAL_Driver/Inc/stm32f4xx_ll_gpio.h:910:22:LL_GPIO_ResetOutputPin	16	static
../Core/Src/FC_AHRS/FC_Baro/LPS22HH/LPS22HH.c:21:5:LPS22HH_Initialization	16	static
../Core/Src/FC_AHRS/FC_Baro/LPS22HH/LPS22HH.c:87:5:LPS22HH_GetData	16	static
../Core/Src/FC_AHRS/FC_Baro/LPS22HH/LPS22HH.c:113:5:dataReady	8	static
../Core/Src/FC_AHRS/FC_Baro/LPS22HH/LPS22HH.c:118:6:getPressure	16	static
../Core/Src/FC_AHRS/FC_Baro/LPS22HH/LPS22HH.c:123:6:getTemperature	16	static
../Core/Src/FC_AHRS/FC_Baro/LPS22HH/LPS22HH.c:131:20:LPS22HH_SELECT	8	static
../Core/Src/FC_AHRS/FC_Baro/LPS22HH/LPS22HH.c:136:20:LPS22HH_DESELECT	8	static
../Core/Src/FC_AHRS/FC_Baro/LPS22HH/LPS22HH.c:141:9:LPS22HH_Readbyte	24	static
../Core/Src/FC_AHRS/FC_Baro/LPS22HH/LPS22HH.c:153:6:LPS22HH_Readbytes	32	static
../Core/Src/FC_AHRS/FC_Baro/LPS22HH/LPS22HH.c:166:6:LPS22HH_Writebyte	16	static
../Core/Src/FC_AHRS/FC_Baro/LPS22HH/LPS22HH.c:174:6:LPS22HH_Writebytes	24	static
