../Drivers/STM32F4xx_HAL_Driver/Inc/stm32f4xx_ll_spi.h:297:22:LL_SPI_Enable	16	static
../Drivers/STM32F4xx_HAL_Driver/Inc/stm32f4xx_ll_spi.h:320:26:LL_SPI_IsEnabled	16	static
../Drivers/STM32F4xx_HAL_Driver/Inc/stm32f4xx_ll_spi.h:731:26:LL_SPI_IsActiveFlag_RXNE	16	static
../Drivers/STM32F4xx_HAL_Driver/Inc/stm32f4xx_ll_spi.h:742:26:LL_SPI_IsActiveFlag_TXE	16	static
../Drivers/STM32F4xx_HAL_Driver/Inc/stm32f4xx_ll_spi.h:1075:25:LL_SPI_ReceiveData8	16	static
../Drivers/STM32F4xx_HAL_Driver/Inc/stm32f4xx_ll_spi.h:1098:22:LL_SPI_TransmitData8	24	static
../Drivers/STM32F4xx_HAL_Driver/Inc/stm32f4xx_ll_gpio.h:881:22:LL_GPIO_SetOutputPin	16	static
../Drivers/STM32F4xx_HAL_Driver/Inc/stm32f4xx_ll_gpio.h:910:22:LL_GPIO_ResetOutputPin	16	static
../Core/Src/FC_AHRS/FC_IMU/ICM42688P/ICM42688.c:21:5:ICM42688_Initialization	24	static
../Core/Src/FC_AHRS/FC_IMU/ICM42688P/ICM42688.c:72:5:ICM42688_GetData	8	static
../Core/Src/FC_AHRS/FC_IMU/ICM42688P/ICM42688.c:88:6:Get6AxisRawData	24	static
../Core/Src/FC_AHRS/FC_IMU/ICM42688P/ICM42688.c:114:6:ConvertGyroRaw2Dps	16	static
../Core/Src/FC_AHRS/FC_IMU/ICM42688P/ICM42688.c:152:6:ConvertAccRaw2G	16	static
../Core/Src/FC_AHRS/FC_IMU/ICM42688P/ICM42688.c:178:20:CHIP_SELECT	8	static
../Core/Src/FC_AHRS/FC_IMU/ICM42688P/ICM42688.c:183:20:CHIP_DESELECT	8	static
../Core/Src/FC_AHRS/FC_IMU/ICM42688P/ICM42688.c:189:15:SPI1_SendByte	16	static
../Core/Src/FC_AHRS/FC_IMU/ICM42688P/ICM42688.c:198:9:ICM42688_Readbyte	24	static
../Core/Src/FC_AHRS/FC_IMU/ICM42688P/ICM42688.c:210:6:ICM42688_Readbytes	32	static
../Core/Src/FC_AHRS/FC_IMU/ICM42688P/ICM42688.c:223:6:ICM42688_Writebyte	16	static
../Core/Src/FC_AHRS/FC_IMU/ICM42688P/ICM42688.c:231:6:ICM42688_Writebytes	24	static
